Archive member included to satisfy reference by file (symbol)

c:/program files (x86)/atmel/studio/7.0/toolchain/arm/arm-gnu-toolchain/bin/../lib/gcc/arm-none-eabi/6.3.1/../../../../arm-none-eabi/lib/thumb/v7e-m\libc.a(lib_a-exit.o)
                              c:/program files (x86)/atmel/studio/7.0/toolchain/arm/arm-gnu-toolchain/bin/../lib/gcc/arm-none-eabi/6.3.1/../../../../arm-none-eabi/lib/thumb/v7e-m/crt0.o (exit)
c:/program files (x86)/atmel/studio/7.0/toolchain/arm/arm-gnu-toolchain/bin/../lib/gcc/arm-none-eabi/6.3.1/../../../../arm-none-eabi/lib/thumb/v7e-m\libc.a(lib_a-impure.o)
                              c:/program files (x86)/atmel/studio/7.0/toolchain/arm/arm-gnu-toolchain/bin/../lib/gcc/arm-none-eabi/6.3.1/../../../../arm-none-eabi/lib/thumb/v7e-m\libc.a(lib_a-exit.o) (_global_impure_ptr)
c:/program files (x86)/atmel/studio/7.0/toolchain/arm/arm-gnu-toolchain/bin/../lib/gcc/arm-none-eabi/6.3.1/../../../../arm-none-eabi/lib/thumb/v7e-m\libc.a(lib_a-init.o)
                              c:/program files (x86)/atmel/studio/7.0/toolchain/arm/arm-gnu-toolchain/bin/../lib/gcc/arm-none-eabi/6.3.1/../../../../arm-none-eabi/lib/thumb/v7e-m/crt0.o (__libc_init_array)
c:/program files (x86)/atmel/studio/7.0/toolchain/arm/arm-gnu-toolchain/bin/../lib/gcc/arm-none-eabi/6.3.1/../../../../arm-none-eabi/lib/thumb/v7e-m\libc.a(lib_a-iprintf.o)
                              src/adc_u.o (iprintf)
c:/program files (x86)/atmel/studio/7.0/toolchain/arm/arm-gnu-toolchain/bin/../lib/gcc/arm-none-eabi/6.3.1/../../../../arm-none-eabi/lib/thumb/v7e-m\libc.a(lib_a-lcltime.o)
                              src/RV3028.o (localtime)
c:/program files (x86)/atmel/studio/7.0/toolchain/arm/arm-gnu-toolchain/bin/../lib/gcc/arm-none-eabi/6.3.1/../../../../arm-none-eabi/lib/thumb/v7e-m\libc.a(lib_a-lcltime_r.o)
                              c:/program files (x86)/atmel/studio/7.0/toolchain/arm/arm-gnu-toolchain/bin/../lib/gcc/arm-none-eabi/6.3.1/../../../../arm-none-eabi/lib/thumb/v7e-m\libc.a(lib_a-lcltime.o) (localtime_r)
c:/program files (x86)/atmel/studio/7.0/toolchain/arm/arm-gnu-toolchain/bin/../lib/gcc/arm-none-eabi/6.3.1/../../../../arm-none-eabi/lib/thumb/v7e-m\libc.a(lib_a-memcpy.o)
                              src/can_u.o (memcpy)
c:/program files (x86)/atmel/studio/7.0/toolchain/arm/arm-gnu-toolchain/bin/../lib/gcc/arm-none-eabi/6.3.1/../../../../arm-none-eabi/lib/thumb/v7e-m\libc.a(lib_a-memset.o)
                              c:/program files (x86)/atmel/studio/7.0/toolchain/arm/arm-gnu-toolchain/bin/../lib/gcc/arm-none-eabi/6.3.1/../../../../arm-none-eabi/lib/thumb/v7e-m/crt0.o (memset)
c:/program files (x86)/atmel/studio/7.0/toolchain/arm/arm-gnu-toolchain/bin/../lib/gcc/arm-none-eabi/6.3.1/../../../../arm-none-eabi/lib/thumb/v7e-m\libc.a(lib_a-mktime.o)
                              src/RV3028.o (mktime)
c:/program files (x86)/atmel/studio/7.0/toolchain/arm/arm-gnu-toolchain/bin/../lib/gcc/arm-none-eabi/6.3.1/../../../../arm-none-eabi/lib/thumb/v7e-m\libc.a(lib_a-month_lengths.o)
                              c:/program files (x86)/atmel/studio/7.0/toolchain/arm/arm-gnu-toolchain/bin/../lib/gcc/arm-none-eabi/6.3.1/../../../../arm-none-eabi/lib/thumb/v7e-m\libc.a(lib_a-lcltime_r.o) (__month_lengths)
c:/program files (x86)/atmel/studio/7.0/toolchain/arm/arm-gnu-toolchain/bin/../lib/gcc/arm-none-eabi/6.3.1/../../../../arm-none-eabi/lib/thumb/v7e-m\libc.a(lib_a-setbuf.o)
                              src/main.o (setbuf)
c:/program files (x86)/atmel/studio/7.0/toolchain/arm/arm-gnu-toolchain/bin/../lib/gcc/arm-none-eabi/6.3.1/../../../../arm-none-eabi/lib/thumb/v7e-m\libc.a(lib_a-setvbuf.o)
                              c:/program files (x86)/atmel/studio/7.0/toolchain/arm/arm-gnu-toolchain/bin/../lib/gcc/arm-none-eabi/6.3.1/../../../../arm-none-eabi/lib/thumb/v7e-m\libc.a(lib_a-setbuf.o) (setvbuf)
c:/program files (x86)/atmel/studio/7.0/toolchain/arm/arm-gnu-toolchain/bin/../lib/gcc/arm-none-eabi/6.3.1/../../../../arm-none-eabi/lib/thumb/v7e-m\libc.a(lib_a-tzcalc_limits.o)
                              c:/program files (x86)/atmel/studio/7.0/toolchain/arm/arm-gnu-toolchain/bin/../lib/gcc/arm-none-eabi/6.3.1/../../../../arm-none-eabi/lib/thumb/v7e-m\libc.a(lib_a-lcltime_r.o) (__tzcalc_limits)
c:/program files (x86)/atmel/studio/7.0/toolchain/arm/arm-gnu-toolchain/bin/../lib/gcc/arm-none-eabi/6.3.1/../../../../arm-none-eabi/lib/thumb/v7e-m\libc.a(lib_a-tzlock.o)
                              c:/program files (x86)/atmel/studio/7.0/toolchain/arm/arm-gnu-toolchain/bin/../lib/gcc/arm-none-eabi/6.3.1/../../../../arm-none-eabi/lib/thumb/v7e-m\libc.a(lib_a-lcltime_r.o) (__tz_lock)
c:/program files (x86)/atmel/studio/7.0/toolchain/arm/arm-gnu-toolchain/bin/../lib/gcc/arm-none-eabi/6.3.1/../../../../arm-none-eabi/lib/thumb/v7e-m\libc.a(lib_a-tzset.o)
[...]
Memory Configuration

Name             Origin             Length             Attributes
rom              0x00420000         0x0005f000         xr
ram              0x20000000         0x00020000         xrw
*default*        0x00000000         0xffffffff

Linker script and memory map

LOAD c:/program files (x86)/atmel/studio/7.0/toolchain/arm/arm-gnu-toolchain/bin/../lib/gcc/arm-none-eabi/6.3.1/thumb/v7e-m/crti.o
LOAD c:/program files (x86)/atmel/studio/7.0/toolchain/arm/arm-gnu-toolchain/bin/../lib/gcc/arm-none-eabi/6.3.1/thumb/v7e-m/crtbegin.o
LOAD c:/program files (x86)/atmel/studio/7.0/toolchain/arm/arm-gnu-toolchain/bin/../lib/gcc/arm-none-eabi/6.3.1/../../../../arm-none-eabi/lib/thumb/v7e-m/crt0.o
LOAD src/adc_u.o
LOAD src/ASF/common/components/memory/serial_flash/at25dfx/at25dfx.o
LOAD src/ASF/common/components/memory/serial_flash/at25dfx/at25dfx_hal_spi.o
LOAD src/ASF/common/services/serial/usart_serial.o
LOAD src/ASF/common/services/sleepmgr/sam/sleepmgr.o
LOAD src/ASF/common/services/spi/sam_spi/spi_master.o
LOAD src/ASF/common/utils/stdio/read.o
LOAD src/ASF/common/utils/stdio/write.o
LOAD src/ASF/sam/drivers/afec/afec.o
LOAD src/ASF/sam/drivers/can/can.o
LOAD src/ASF/sam/drivers/efc/efc.o
LOAD src/ASF/sam/drivers/matrix/matrix.o
LOAD src/ASF/sam/drivers/pdc/pdc.o
LOAD src/ASF/sam/drivers/rstc/rstc.o
LOAD src/ASF/sam/drivers/spi/spi.o
LOAD src/ASF/sam/drivers/supc/supc.o
LOAD src/ASF/sam/drivers/tc/tc.o
LOAD src/ASF/sam/drivers/twi/twi.o
LOAD src/ASF/sam/drivers/uart/uart.o
LOAD src/ASF/sam/drivers/usart/usart.o
LOAD src/ASF/sam/drivers/wdt/wdt.o
LOAD src/buzzer.o
LOAD src/can_u.o
LOAD src/configuration.o
LOAD src/fire.o
LOAD src/flash_efc.o
LOAD src/i2c_user.o
LOAD src/interrupt_handler.o
LOAD src/led.o
LOAD src/memory_flash.o
LOAD src/PowerCheck.o
LOAD src/pwm_u.o
LOAD src/RV3028.o
LOAD src/spi_u.o
LOAD src/switch_inputs.o
LOAD src/system_init.o
LOAD src/trouble.o
LOAD src/ASF/sam/drivers/pio/pio_handler.o
LOAD src/ASF/common/services/delay/sam/cycle_counter.o
LOAD src/ASF/common/services/clock/sam4e/sysclk.o
LOAD src/ASF/sam/drivers/pio/pio.o
LOAD src/ASF/sam/drivers/pmc/pmc.o
LOAD src/ASF/sam/drivers/pwm/pwm.o
LOAD src/ASF/sam/drivers/pmc/sleep.o
LOAD src/ASF/common/boards/user_board/init.o
LOAD src/ASF/common/utils/interrupt/interrupt_sam_nvic.o
LOAD src/ASF/sam/utils/cmsis/sam4e/source/templates/exceptions.o
LOAD src/ASF/sam/utils/cmsis/sam4e/source/templates/gcc/startup_sam4e.o
LOAD src/ASF/sam/utils/cmsis/sam4e/source/templates/system_sam4e.o
LOAD src/ASF/sam/utils/syscalls/gcc/syscalls.o
LOAD src/main.o
START GROUP
LOAD ../src/ASF/thirdparty/CMSIS/Lib/GCC\libarm_cortexM4lf_math_softfp.a
LOAD c:/program files (x86)/atmel/studio/7.0/toolchain/arm/arm-gnu-toolchain/bin/../lib/gcc/arm-none-eabi/6.3.1/../../../../arm-none-eabi/lib/thumb/v7e-m\libm.a
END GROUP
START GROUP
LOAD c:/program files (x86)/atmel/studio/7.0/toolchain/arm/arm-gnu-toolchain/bin/../lib/gcc/arm-none-eabi/6.3.1/thumb/v7e-m\libgcc.a
LOAD c:/program files (x86)/atmel/studio/7.0/toolchain/arm/arm-gnu-toolchain/bin/../lib/gcc/arm-none-eabi/6.3.1/../../../../arm-none-eabi/lib/thumb/v7e-m\libc.a
END GROUP
LOAD c:/program files (x86)/atmel/studio/7.0/toolchain/arm/arm-gnu-toolchain/bin/../lib/gcc/arm-none-eabi/6.3.1/thumb/v7e-m/crtend.o
LOAD c:/program files (x86)/atmel/studio/7.0/toolchain/arm/arm-gnu-toolchain/bin/../lib/gcc/arm-none-eabi/6.3.1/thumb/v7e-m/crtn.o
                0x00003000                __stack_size__ = DEFINED (__stack_size__)?__stack_size__:0x3000
                0x2001fffc                __ram_end__ = ((ORIGIN (ram) + LENGTH (ram)) - 0x4)

.text           0x00420000    0x10514
                0x00420000                . = ALIGN (0x4)
                0x00420000                _sfixed = .
 *(.vectors .vectors.*)
 .vectors       0x00420000       0xf8 src/ASF/sam/utils/cmsis/sam4e/source/templates/gcc/startup_sam4e.o
                0x00420000                exception_table
 *(.text .text.* .gnu.linkonce.t.*)
 .text          0x004200f8       0x6c c:/program files (x86)/atmel/studio/7.0/toolchain/arm/arm-gnu-toolchain/bin/../lib/gcc/arm-none-eabi/6.3.1/thumb/v7e-m/crtbegin.o
 .text.afec_ch_sanity_check
                0x00420164       0x18 src/adc_u.o
 .text.afec_set_trigger
                0x0042017c       0x44 src/adc_u.o
 .text.afec_start_software_conversion
                0x004201c0       0x1a src/adc_u.o
 *fill*         0x004201da        0x2 
 .text.afec_channel_enable
                0x004201dc       0x4c src/adc_u.o
 .text.afec_channel_get_value
                0x00420228       0x2c src/adc_u.o
 .text.afec_channel_set_analog_offset
                0x00420254       0x38 src/adc_u.o
 .text.afec_get_interrupt_status
                0x0042028c       0x18 src/adc_u.o
 .text.afec_get_pdc_base
                0x004202a4       0x44 src/adc_u.o
 .text.ioport_set_pin_level
                0x004202e8       0x6c src/adc_u.o
 .text.afec0_diff_data_ready
                0x00420354       0x78 src/adc_u.o
                0x00420354                afec0_diff_data_ready
 .text.afec1_channel_2_ready
                0x004203cc       0x24 src/adc_u.o
                0x004203cc                afec1_channel_2_ready
 .text.afec1_channel_3_ready
                0x004203f0       0x24 src/adc_u.o
                0x004203f0                afec1_channel_3_ready
 .text.adc_init
                0x00420414      0x1fc src/adc_u.o
                0x00420414                adc_init
 .text.LPF_HD2  0x00420610       0x68 src/adc_u.o
                0x00420610                LPF_HD2
 .text.LPF_HD1  0x00420678       0x68 src/adc_u.o
                0x00420678                LPF_HD1
 .text.LPF_Secondary_Voltage
                0x004206e0       0x68 src/adc_u.o
                0x004206e0                LPF_Secondary_Voltage
 .text.LPF_Primary_Voltage
                0x00420748       0x68 src/adc_u.o
                0x00420748                LPF_Primary_Voltage
 .text.LPF_Super_cap_Voltage
                0x004207b0       0x68 src/adc_u.o
                0x004207b0                LPF_Super_cap_Voltage
 .text.HD2_volt
                0x00420818       0x6c src/adc_u.o
                0x00420818                HD2_volt
 .text.HD1_volt
                0x00420884       0x6c src/adc_u.o
                0x00420884                HD1_volt
 .text.SEC_volt
                0x004208f0       0x68 src/adc_u.o
                0x004208f0                SEC_volt
 .text.PRI_volt
                0x00420958       0x5c src/adc_u.o
                0x00420958                PRI_volt
 .text.ACT_Mux_B_volt
                0x004209b4       0x54 src/adc_u.o
                0x004209b4                ACT_Mux_B_volt
 .text.ACT_Mux_A_volt
                0x00420a08       0x54 src/adc_u.o
                0x00420a08                ACT_Mux_A_volt
 .text.SUPER_CAP_Volt
                0x00420a5c       0x5c src/adc_u.o
                0x00420a5c                SUPER_CAP_Volt
 .text.LPF_buffer_load
                0x00420ab8       0xa0 src/adc_u.o
                0x00420ab8                LPF_buffer_load
 .text.Actuator_HM
                0x00420b58      0x448 src/adc_u.o
                0x00420b58                Actuator_HM
 .text.Check_Power_Trbl
                0x00420fa0      0x1e8 src/adc_u.o
                0x00420fa0                Check_Power_Trbl
 .text.Super_CAP_Charge_enable_disable
                0x00421188      0x114 src/adc_u.o
                0x00421188                Super_CAP_Charge_enable_disable
 .text.at25dfx_send_command
                0x0042129c       0xcc src/ASF/common/components/memory/serial_flash/at25dfx/at25dfx.o
 .text.at25dfx_wait_ready
                0x00421368       0x44 src/ASF/common/components/memory/serial_flash/at25dfx/at25dfx.o
 .text.at25dfx_read_dev_id
                0x004213ac       0x44 src/ASF/common/components/memory/serial_flash/at25dfx/at25dfx.o
 .text.at25dfx_enable_write
                0x004213f0       0x34 src/ASF/common/components/memory/serial_flash/at25dfx/at25dfx.o
 .text.at25dfx_initialize
                0x00421424       0x14 src/ASF/common/components/memory/serial_flash/at25dfx/at25dfx.o
                0x00421424                at25dfx_initialize
 .text.at25dfx_set_mem_active
                0x00421438       0x20 src/ASF/common/components/memory/serial_flash/at25dfx/at25dfx.o
                0x00421438                at25dfx_set_mem_active
 .text.at25dfx_mem_check
                0x00421458       0x30 src/ASF/common/components/memory/serial_flash/at25dfx/at25dfx.o
                0x00421458                at25dfx_mem_check
 .text.at25dfx_read_status
                0x00421488       0x38 src/ASF/common/components/memory/serial_flash/at25dfx/at25dfx.o
                0x00421488                at25dfx_read_status
 .text.at25dfx_erase_block_OTA
                0x004214c0       0xd4 src/ASF/common/components/memory/serial_flash/at25dfx/at25dfx.o
                0x004214c0                at25dfx_erase_block_OTA
 .text.flash_rease_command
                0x00421594      0x114 src/ASF/common/components/memory/serial_flash/at25dfx/at25dfx.o
 .text.flash_erase
                0x004216a8       0xb4 src/ASF/common/components/memory/serial_flash/at25dfx/at25dfx.o
                0x004216a8                flash_erase
 .text.at25dfx_write
                0x0042175c       0xe8 src/ASF/common/components/memory/serial_flash/at25dfx/at25dfx.o
                0x0042175c                at25dfx_write
 .text.at25dfx_read
                0x00421844       0x50 src/ASF/common/components/memory/serial_flash/at25dfx/at25dfx.o
                0x00421844                at25dfx_read
 .text.spi_enable
                0x00421894       0x1a src/ASF/common/components/memory/serial_flash/at25dfx/at25dfx_hal_spi.o
 *fill*         0x004218ae        0x2 
 .text.at25dfx_spi_init
                0x004218b0       0x44 src/ASF/common/components/memory/serial_flash/at25dfx/at25dfx_hal_spi.o
                0x004218b0                at25dfx_spi_init
 .text.at25dfx_spi_select_device
                0x004218f4       0x28 src/ASF/common/components/memory/serial_flash/at25dfx/at25dfx_hal_spi.o
                0x004218f4                at25dfx_spi_select_device
 .text.at25dfx_spi_deselect_device
                0x0042191c       0x28 src/ASF/common/components/memory/serial_flash/at25dfx/at25dfx_hal_spi.o
                0x0042191c                at25dfx_spi_deselect_device
 .text.at25dfx_spi_read_packet
                0x00421944       0x28 src/ASF/common/components/memory/serial_flash/at25dfx/at25dfx_hal_spi.o
                0x00421944                at25dfx_spi_read_packet
 .text.at25dfx_spi_write_packet
                0x0042196c       0x28 src/ASF/common/components/memory/serial_flash/at25dfx/at25dfx_hal_spi.o
                0x0042196c                at25dfx_spi_write_packet
 .text.osc_get_rate
                0x00421994       0x74 src/ASF/common/services/spi/sam_spi/spi_master.o
 .text.sysclk_get_main_hz
                0x00421a08       0x1c src/ASF/common/services/spi/sam_spi/spi_master.o
 .text.sysclk_get_peripheral_hz
                0x00421a24       0x14 src/ASF/common/services/spi/sam_spi/spi_master.o
 .text.spi_reset
                0x00421a38       0x1a src/ASF/common/services/spi/sam_spi/spi_master.o
 .text.spi_set_lastxfer
                0x00421a52       0x1c src/ASF/common/services/spi/sam_spi/spi_master.o
 .text.spi_set_master_mode
                0x00421a6e       0x20 src/ASF/common/services/spi/sam_spi/spi_master.o
 .text.spi_set_fixed_peripheral_select
                0x00421a8e       0x20 src/ASF/common/services/spi/sam_spi/spi_master.o
 .text.spi_disable_peripheral_select_decode
                0x00421aae       0x20 src/ASF/common/services/spi/sam_spi/spi_master.o
 .text.spi_get_peripheral_select_decode_setting
                0x00421ace       0x26 src/ASF/common/services/spi/sam_spi/spi_master.o
 .text.spi_disable_mode_fault_detect
                0x00421af4       0x20 src/ASF/common/services/spi/sam_spi/spi_master.o
 .text.spi_disable_loopback
                0x00421b14       0x20 src/ASF/common/services/spi/sam_spi/spi_master.o
 .text.spi_put  0x00421b34       0x1e src/ASF/common/services/spi/sam_spi/spi_master.o
 .text.spi_get  0x00421b52       0x1a src/ASF/common/services/spi/sam_spi/spi_master.o
 .text.spi_is_tx_empty
                0x00421b6c       0x26 src/ASF/common/services/spi/sam_spi/spi_master.o
 .text.spi_is_tx_ready
                0x00421b92       0x26 src/ASF/common/services/spi/sam_spi/spi_master.o
 .text.spi_is_rx_ready
                0x00421bb8       0x2c src/ASF/common/services/spi/sam_spi/spi_master.o
 .text.spi_write_single
                0x00421be4       0x24 src/ASF/common/services/spi/sam_spi/spi_master.o
 .text.spi_read_single
                0x00421c08       0x24 src/ASF/common/services/spi/sam_spi/spi_master.o
 .text.spi_master_init
                0x00421c2c       0x70 src/ASF/common/services/spi/sam_spi/spi_master.o
                0x00421c2c                spi_master_init
 .text.spi_master_setup_device
                0x00421c9c       0xb4 src/ASF/common/services/spi/sam_spi/spi_master.o
                0x00421c9c                spi_master_setup_device
 .text.spi_select_device
                0x00421d50       0x58 src/ASF/common/services/spi/sam_spi/spi_master.o
                0x00421d50                spi_select_device
 .text.spi_deselect_device
                0x00421da8       0x3c src/ASF/common/services/spi/sam_spi/spi_master.o
                0x00421da8                spi_deselect_device
 .text.spi_write_packet
                0x00421de4       0x74 src/ASF/common/services/spi/sam_spi/spi_master.o
                0x00421de4                spi_write_packet
 .text.spi_read_packet
                0x00421e58       0xac src/ASF/common/services/spi/sam_spi/spi_master.o
                0x00421e58                spi_read_packet
 .text._read    0x00421f04       0x54 src/ASF/common/utils/stdio/read.o
                0x00421f04                _read
 .text._write   0x00421f58       0x6c src/ASF/common/utils/stdio/write.o
                0x00421f58                _write
 .text.__NVIC_EnableIRQ
                0x00421fc4       0x3c src/ASF/sam/drivers/afec/afec.o
 .text.__NVIC_ClearPendingIRQ
                0x00422000       0x3c src/ASF/sam/drivers/afec/afec.o
 .text.__NVIC_SetPriority
                0x0042203c       0x54 src/ASF/sam/drivers/afec/afec.o
 .text.cpu_irq_save
                0x00422090       0x38 src/ASF/sam/drivers/afec/afec.o
 .text.cpu_irq_is_enabled_flags
                0x004220c8       0x20 src/ASF/sam/drivers/afec/afec.o
 .text.cpu_irq_restore
                0x004220e8       0x30 src/ASF/sam/drivers/afec/afec.o
 .text.afec_ch_sanity_check
                0x00422118       0x18 src/ASF/sam/drivers/afec/afec.o
 .text.afec_get_interrupt_status
                0x00422130       0x18 src/ASF/sam/drivers/afec/afec.o
 .text.afec_get_interrupt_mask
                0x00422148       0x18 src/ASF/sam/drivers/afec/afec.o
 .text.sleepmgr_lock_mode
                0x00422160       0x44 src/ASF/sam/drivers/afec/afec.o
 .text.osc_get_rate
                0x004221a4       0x74 src/ASF/sam/drivers/afec/afec.o
 .text.sysclk_get_main_hz
                0x00422218       0x1c src/ASF/sam/drivers/afec/afec.o
 .text.sysclk_get_cpu_hz
                0x00422234       0x14 src/ASF/sam/drivers/afec/afec.o
 .text.afec_find_inst_num
                0x00422248       0x38 src/ASF/sam/drivers/afec/afec.o
 .text.afec_find_pid
                0x00422280       0x38 src/ASF/sam/drivers/afec/afec.o
 .text.afec_set_config
                0x004222b8       0xba src/ASF/sam/drivers/afec/afec.o
 *fill*         0x00422372        0x2 
 .text.afec_ch_set_config
                0x00422374       0x94 src/ASF/sam/drivers/afec/afec.o
                0x00422374                afec_ch_set_config
 .text.afec_get_config_defaults
                0x00422408       0x80 src/ASF/sam/drivers/afec/afec.o
                0x00422408                afec_get_config_defaults
 .text.afec_ch_get_config_defaults
                0x00422488       0x20 src/ASF/sam/drivers/afec/afec.o
                0x00422488                afec_ch_get_config_defaults
 .text.afec_init
                0x004224a8       0x98 src/ASF/sam/drivers/afec/afec.o
                0x004224a8                afec_init
 .text.afec_set_callback
                0x00422540       0x90 src/ASF/sam/drivers/afec/afec.o
                0x00422540                afec_set_callback
 .text.afec_enable_interrupt
                0x004225d0       0x78 src/ASF/sam/drivers/afec/afec.o
                0x004225d0                afec_enable_interrupt
 .text.afec_interrupt
                0x00422648       0x48 src/ASF/sam/drivers/afec/afec.o
 .text.afec_process_callback
                0x00422690       0xdc src/ASF/sam/drivers/afec/afec.o
 .text.AFEC0_Handler
                0x0042276c       0x18 src/ASF/sam/drivers/afec/afec.o
                0x0042276c                AFEC0_Handler
 .text.AFEC1_Handler
                0x00422784       0x18 src/ASF/sam/drivers/afec/afec.o
                0x00422784                AFEC1_Handler
 .text.afec_enable
                0x0042279c       0x30 src/ASF/sam/drivers/afec/afec.o
                0x0042279c                afec_enable
 .text.can_set_baudrate
                0x004227cc      0x150 src/ASF/sam/drivers/can/can.o
 .text.can_init
                0x0042291c       0x88 src/ASF/sam/drivers/can/can.o
                0x0042291c                can_init
 .text.can_enable
                0x004229a4       0x20 src/ASF/sam/drivers/can/can.o
                0x004229a4                can_enable
 .text.can_disable
                0x004229c4       0x20 src/ASF/sam/drivers/can/can.o
                0x004229c4                can_disable
 .text.can_enable_interrupt
                0x004229e4       0x1c src/ASF/sam/drivers/can/can.o
                0x004229e4                can_enable_interrupt
 .text.can_disable_interrupt
                0x00422a00       0x1c src/ASF/sam/drivers/can/can.o
                0x00422a00                can_disable_interrupt
 .text.can_get_status
                0x00422a1c       0x18 src/ASF/sam/drivers/can/can.o
                0x00422a1c                can_get_status
 .text.can_global_send_transfer_cmd
                0x00422a34       0x2c src/ASF/sam/drivers/can/can.o
                0x00422a34                can_global_send_transfer_cmd
 .text.can_mailbox_get_status
                0x00422a60       0x26 src/ASF/sam/drivers/can/can.o
                0x00422a60                can_mailbox_get_status
 .text.can_mailbox_send_transfer_cmd
                0x00422a86       0x38 src/ASF/sam/drivers/can/can.o
                0x00422a86                can_mailbox_send_transfer_cmd
 .text.can_mailbox_init
                0x00422abe      0x124 src/ASF/sam/drivers/can/can.o
                0x00422abe                can_mailbox_init
 *fill*         0x00422be2        0x2 
 .text.can_mailbox_read
                0x00422be4       0xc4 src/ASF/sam/drivers/can/can.o
                0x00422be4                can_mailbox_read
 .text.can_mailbox_write
                0x00422ca8       0xb8 src/ASF/sam/drivers/can/can.o
                0x00422ca8                can_mailbox_write
 .text.can_reset_all_mailbox
                0x00422d60       0x44 src/ASF/sam/drivers/can/can.o
                0x00422d60                can_reset_all_mailbox
 .text.cpu_irq_save
                0x00422da4       0x38 src/ASF/sam/drivers/efc/efc.o
 .text.cpu_irq_is_enabled_flags
                0x00422ddc       0x20 src/ASF/sam/drivers/efc/efc.o
 .text.cpu_irq_restore
                0x00422dfc       0x30 src/ASF/sam/drivers/efc/efc.o
 .text.efc_init
                0x00422e2c       0x34 src/ASF/sam/drivers/efc/efc.o
                0x00422e2c                efc_init
 .text.efc_perform_command
                0x00422e60       0x60 src/ASF/sam/drivers/efc/efc.o
                0x00422e60                efc_perform_command
 .text.matrix_set_system_io
                0x00422ec0       0x24 src/ASF/sam/drivers/matrix/matrix.o
                0x00422ec0                matrix_set_system_io
 .text.pdc_rx_init
                0x00422ee4       0x44 src/ASF/sam/drivers/pdc/pdc.o
                0x00422ee4                pdc_rx_init
 .text.pdc_enable_transfer
                0x00422f28       0x22 src/ASF/sam/drivers/pdc/pdc.o
                0x00422f28                pdc_enable_transfer
 *fill*         0x00422f4a        0x2 
 .text.rstc_start_software_reset
                0x00422f4c       0x20 src/ASF/sam/drivers/rstc/rstc.o
                0x00422f4c                rstc_start_software_reset
 .text.sysclk_enable_peripheral_clock
                0x00422f6c       0x1c src/ASF/sam/drivers/spi/spi.o
 .text.spi_enable_clock
                0x00422f88       0x1c src/ASF/sam/drivers/spi/spi.o
                0x00422f88                spi_enable_clock
 .text.spi_set_peripheral_chip_select_value
                0x00422fa4       0x34 src/ASF/sam/drivers/spi/spi.o
                0x00422fa4                spi_set_peripheral_chip_select_value
 .text.spi_set_delay_between_chip_select
                0x00422fd8       0x30 src/ASF/sam/drivers/spi/spi.o
                0x00422fd8                spi_set_delay_between_chip_select
 .text.spi_set_clock_polarity
                0x00423008       0x50 src/ASF/sam/drivers/spi/spi.o
                0x00423008                spi_set_clock_polarity
 .text.spi_set_clock_phase
                0x00423058       0x50 src/ASF/sam/drivers/spi/spi.o
                0x00423058                spi_set_clock_phase
 .text.spi_configure_cs_behavior
                0x004230a8       0xa6 src/ASF/sam/drivers/spi/spi.o
                0x004230a8                spi_configure_cs_behavior
 .text.spi_set_bits_per_transfer
                0x0042314e       0x4a src/ASF/sam/drivers/spi/spi.o
                0x0042314e                spi_set_bits_per_transfer
 .text.spi_calc_baudrate_div
                0x00423198       0x3c src/ASF/sam/drivers/spi/spi.o
                0x00423198                spi_calc_baudrate_div
 .text.spi_set_baudrate_div
                0x004231d4       0x5e src/ASF/sam/drivers/spi/spi.o
                0x004231d4                spi_set_baudrate_div
 .text.spi_set_transfer_delay
                0x00423232       0x5e src/ASF/sam/drivers/spi/spi.o
                0x00423232                spi_set_transfer_delay
 .text.supc_set_wakeup_inputs
                0x00423290       0x22 src/ASF/sam/drivers/supc/supc.o
                0x00423290                supc_set_wakeup_inputs
 .text.tc_init  0x004232b2       0x3a src/ASF/sam/drivers/tc/tc.o
                0x004232b2                tc_init
 .text.tc_start
                0x004232ec       0x22 src/ASF/sam/drivers/tc/tc.o
                0x004232ec                tc_start
 .text.tc_stop  0x0042330e       0x22 src/ASF/sam/drivers/tc/tc.o
                0x0042330e                tc_stop
 .text.tc_write_rc
                0x00423330       0x26 src/ASF/sam/drivers/tc/tc.o
                0x00423330                tc_write_rc
 .text.tc_enable_interrupt
                0x00423356       0x28 src/ASF/sam/drivers/tc/tc.o
                0x00423356                tc_enable_interrupt
 .text.tc_get_status
                0x0042337e       0x24 src/ASF/sam/drivers/tc/tc.o
                0x0042337e                tc_get_status
 .text.twi_enable_master_mode
                0x004233a2       0x26 src/ASF/sam/drivers/twi/twi.o
                0x004233a2                twi_enable_master_mode
 .text.twi_master_init
                0x004233c8       0x64 src/ASF/sam/drivers/twi/twi.o
                0x004233c8                twi_master_init
 .text.twi_set_speed
                0x0042342c       0xf4 src/ASF/sam/drivers/twi/twi.o
                0x0042342c                twi_set_speed
 .text.twi_mk_addr
                0x00423520       0x5c src/ASF/sam/drivers/twi/twi.o
                0x00423520                twi_mk_addr
 .text.twi_master_read
                0x0042357c      0x10c src/ASF/sam/drivers/twi/twi.o
                0x0042357c                twi_master_read
 .text.twi_master_write
                0x00423688       0xdc src/ASF/sam/drivers/twi/twi.o
                0x00423688                twi_master_write
 .text.twi_reset
                0x00423764       0x1e src/ASF/sam/drivers/twi/twi.o
                0x00423764                twi_reset
 .text.uart_init
                0x00423782       0x62 src/ASF/sam/drivers/uart/uart.o
                0x00423782                uart_init
 .text.uart_write
                0x004237e4       0x30 src/ASF/sam/drivers/uart/uart.o
                0x004237e4                uart_write
 .text.uart_read
                0x00423814       0x32 src/ASF/sam/drivers/uart/uart.o
                0x00423814                uart_read
 .text.usart_set_async_baudrate
                0x00423846       0x8a src/ASF/sam/drivers/usart/usart.o
                0x00423846                usart_set_async_baudrate
 .text.usart_reset
                0x004238d0       0x60 src/ASF/sam/drivers/usart/usart.o
                0x004238d0                usart_reset
 .text.usart_init_rs232
                0x00423930       0x84 src/ASF/sam/drivers/usart/usart.o
                0x00423930                usart_init_rs232
 .text.usart_enable_tx
                0x004239b4       0x1a src/ASF/sam/drivers/usart/usart.o
                0x004239b4                usart_enable_tx
 .text.usart_reset_tx
                0x004239ce       0x1a src/ASF/sam/drivers/usart/usart.o
                0x004239ce                usart_reset_tx
 .text.usart_enable_rx
                0x004239e8       0x1a src/ASF/sam/drivers/usart/usart.o
                0x004239e8                usart_enable_rx
 .text.usart_reset_rx
                0x00423a02       0x1a src/ASF/sam/drivers/usart/usart.o
                0x00423a02                usart_reset_rx
 .text.usart_reset_status
                0x00423a1c       0x1c src/ASF/sam/drivers/usart/usart.o
                0x00423a1c                usart_reset_status
 .text.usart_drive_DTR_pin_high
                0x00423a38       0x1c src/ASF/sam/drivers/usart/usart.o
                0x00423a38                usart_drive_DTR_pin_high
 .text.usart_drive_RTS_pin_high
                0x00423a54       0x1c src/ASF/sam/drivers/usart/usart.o
                0x00423a54                usart_drive_RTS_pin_high
 .text.usart_write
                0x00423a70       0x32 src/ASF/sam/drivers/usart/usart.o
                0x00423a70                usart_write
 .text.usart_read
                0x00423aa2       0x34 src/ASF/sam/drivers/usart/usart.o
                0x00423aa2                usart_read
 *fill*         0x00423ad6        0x2 
 .text.usart_disable_writeprotect
                0x00423ad8       0x20 src/ASF/sam/drivers/usart/usart.o
                0x00423ad8                usart_disable_writeprotect
 .text.wdt_get_timeout_value
                0x00423af8       0x50 src/ASF/sam/drivers/wdt/wdt.o
                0x00423af8                wdt_get_timeout_value
 .text.wdt_init
                0x00423b48       0x40 src/ASF/sam/drivers/wdt/wdt.o
                0x00423b48                wdt_init
 .text.wdt_restart
                0x00423b88       0x2c src/ASF/sam/drivers/wdt/wdt.o
                0x00423b88                wdt_restart
 .text.osc_get_rate
                0x00423bb4       0x74 src/buzzer.o
 .text.sysclk_get_main_hz
                0x00423c28       0x1c src/buzzer.o
 .text.sysclk_get_cpu_hz
                0x00423c44       0x14 src/buzzer.o
 .text.ioport_set_pin_level
                0x00423c58       0x6c src/buzzer.o
 .text.Startup_Music
                0x00423cc4      0x118 src/buzzer.o
                0x00423cc4                Startup_Music
 .text.windup_Music
                0x00423ddc       0xe8 src/buzzer.o
                0x00423ddc                windup_Music
 .text.Buzzer_Freq_Set
                0x00423ec4       0xd0 src/buzzer.o
                0x00423ec4                Buzzer_Freq_Set
 .text.Buzzer_Beep
                0x00423f94       0xf8 src/buzzer.o
                0x00423f94                Buzzer_Beep
 .text.Buzzer_indication
                0x0042408c      0x114 src/buzzer.o
                0x0042408c                Buzzer_indication
 .text.Small_Beep
                0x004241a0       0x2c src/buzzer.o
                0x004241a0                Small_Beep
 .text.__NVIC_EnableIRQ
                0x004241cc       0x3c src/can_u.o
 .text.osc_get_rate
                0x00424208       0x74 src/can_u.o
 .text.sysclk_get_main_hz
                0x0042427c       0x1c src/can_u.o
 .text.sysclk_get_cpu_hz
                0x00424298       0x14 src/can_u.o
 .text.ioport_set_pin_level
                0x004242ac       0x6c src/can_u.o
 .text.reset_mailbox_conf
                0x00424318       0x56 src/can_u.o
                0x00424318                reset_mailbox_conf
 *fill*         0x0042436e        0x2 
 .text.trnsfer_protocol_connection
                0x00424370      0x160 src/can_u.o
                0x00424370                trnsfer_protocol_connection
 .text.j1939_data_read
                0x004244d0       0xdc src/can_u.o
                0x004244d0                j1939_data_read
 .text.j1939_data_transfer
                0x004245ac      0x1c8 src/can_u.o
                0x004245ac                j1939_data_transfer
 .text.j1939_pgn
                0x00424774       0x7c src/can_u.o
                0x00424774                j1939_pgn
 .text.CAN_process
                0x004247f0      0x15c src/can_u.o
                0x004247f0                CAN_process
 .text.CAN_Open
                0x0042494c       0xbc src/can_u.o
                0x0042494c                CAN_Open
 .text.ioport_set_pin_level
                0x00424a08       0x6c src/configuration.o
 .text.ioport_get_pin_level
                0x00424a74       0x50 src/configuration.o
 .text.Configuration
                0x00424ac4      0x544 src/configuration.o
                0x00424ac4                Configuration
 .text.Button_Status
                0x00425008      0x13c src/configuration.o
                0x00425008                Button_Status
 .text.Sound_Alert
                0x00425144       0x24 src/configuration.o
                0x00425144                Sound_Alert
 .text.LED_Blink
                0x00425168      0x108 src/configuration.o
                0x00425168                LED_Blink
 .text.Fire_LED_Count
                0x00425270       0x48 src/configuration.o
                0x00425270                Fire_LED_Count
 .text.ioport_set_pin_level
                0x004252b8       0x6c src/fire.o
 .text.Actuator_Pulse
                0x00425324      0x108 src/fire.o
                0x00425324                Actuator_Pulse
 .text.Check_Heat_Detector_Trbl
                0x0042542c      0x3bc src/fire.o
                0x0042542c                Check_Heat_Detector_Trbl
 .text.Fire_sound_retry_by_Timer
                0x004257e8       0x70 src/fire.o
                0x004257e8                Fire_sound_retry_by_Timer
 .text.translate_address
                0x00425858       0x5c src/flash_efc.o
 .text.compute_address
                0x004258b4       0x38 src/flash_efc.o
 .text.flash_init
                0x004258ec       0x28 src/flash_efc.o
                0x004258ec                flash_init
 .text.flash_erase_page
                0x00425914       0x64 src/flash_efc.o
                0x00425914                flash_erase_page
 .text.flash_write
                0x00425978      0x130 src/flash_efc.o
                0x00425978                flash_write
 .text.osc_get_rate
                0x00425aa8       0x74 src/i2c_user.o
 .text.sysclk_get_main_hz
                0x00425b1c       0x1c src/i2c_user.o
 .text.sysclk_get_cpu_hz
                0x00425b38       0x14 src/i2c_user.o
 .text.RV3028_Write
                0x00425b4c       0x58 src/i2c_user.o
                0x00425b4c                RV3028_Write
 .text.RV3028_Read
                0x00425ba4       0x60 src/i2c_user.o
                0x00425ba4                RV3028_Read
 .text.configure_i2c_master
                0x00425c04       0x74 src/i2c_user.o
                0x00425c04                configure_i2c_master
 .text.RV3028_Interface
                0x00425c78       0x34 src/i2c_user.o
                0x00425c78                RV3028_Interface
 .text.__NVIC_EnableIRQ
                0x00425cac       0x3c src/interrupt_handler.o
 .text.__NVIC_ClearPendingIRQ
                0x00425ce8       0x3c src/interrupt_handler.o
 .text.__NVIC_SetPriority
                0x00425d24       0x54 src/interrupt_handler.o
 .text.ioport_set_pin_level
                0x00425d78       0x6c src/interrupt_handler.o
 .text.crc16    0x00425de4       0x6c src/interrupt_handler.o
                0x00425de4                crc16
 .text.decode_can_msg
                0x00425e50      0x1d0 src/interrupt_handler.o
                0x00425e50                decode_can_msg
 .text.CAN0_Handler
                0x00426020       0x50 src/interrupt_handler.o
                0x00426020                CAN0_Handler
 .text.DFU_callback_Fun
                0x00426070      0x4f4 src/interrupt_handler.o
                0x00426070                DFU_callback_Fun
 .text.ota_process_start
                0x00426564       0x64 src/interrupt_handler.o
                0x00426564                ota_process_start
 .text.ota_process_end
                0x004265c8       0x64 src/interrupt_handler.o
                0x004265c8                ota_process_end
 .text.Timer0_init
                0x0042662c       0x64 src/interrupt_handler.o
                0x0042662c                Timer0_init
 .text.SysTick_Handler
                0x00426690       0x1c src/interrupt_handler.o
                0x00426690                SysTick_Handler
 .text.TC0_Handler
                0x004266ac       0x8c src/interrupt_handler.o
                0x004266ac                TC0_Handler
 .text.ioport_set_pin_level
                0x00426738       0x6c src/led.o
 .text.Amerex_LOGO_RGB
                0x004267a4       0x20 src/led.o
                0x004267a4                Amerex_LOGO_RGB
 .text.Alarm_Sil_Ind
                0x004267c4       0x28 src/led.o
                0x004267c4                Alarm_Sil_Ind
 .text.System_Normal_Ind
                0x004267ec       0x2c src/led.o
                0x004267ec                System_Normal_Ind
 .text.Sys_Reset_LED
                0x00426818       0x20 src/led.o
                0x00426818                Sys_Reset_LED
 .text.Secondary_pwr_Ind
                0x00426838       0x5c src/led.o
                0x00426838                Secondary_pwr_Ind
 .text.Trouble_Ind
                0x00426894       0xec src/led.o
                0x00426894                Trouble_Ind
 .text.Alarm_Silence_LED
                0x00426980       0x20 src/led.o
                0x00426980                Alarm_Silence_LED
 .text.SysNormal_LED
                0x004269a0       0x20 src/led.o
                0x004269a0                SysNormal_LED
 .text.Secondary_Pwr_LED
                0x004269c0       0xc8 src/led.o
                0x004269c0                Secondary_Pwr_LED
 .text.Config_Indication_LED
                0x00426a88      0x124 src/led.o
                0x00426a88                Config_Indication_LED
 .text._Trouble_LED
                0x00426bac      0x130 src/led.o
                0x00426bac                _Trouble_LED
 .text.System_Reset_Ind
                0x00426cdc       0x50 src/led.o
                0x00426cdc                System_Reset_Ind
 .text.Fire_LED
                0x00426d2c       0xe0 src/led.o
                0x00426d2c                Fire_LED
 .text.Fire_Ind
                0x00426e0c       0x40 src/led.o
                0x00426e0c                Fire_Ind
 .text.ALL_LED_BLINK
                0x00426e4c       0x48 src/led.o
                0x00426e4c                ALL_LED_BLINK
 .text.mem_flash_init
                0x00426e94       0x14 src/memory_flash.o
                0x00426e94                mem_flash_init
 .text.mem_flash_erase
                0x00426ea8       0x8c src/memory_flash.o
                0x00426ea8                mem_flash_erase
 .text.mem_flash_page_write
                0x00426f34       0x6c src/memory_flash.o
                0x00426f34                mem_flash_page_write
 .text.osc_get_rate
                0x00426fa0       0x74 src/pwm_u.o
 .text.sysclk_get_main_hz
                0x00427014       0x1c src/pwm_u.o
 .text.sysclk_get_cpu_hz
                0x00427030       0x14 src/pwm_u.o
 .text.PWM_Init
                0x00427044       0xf4 src/pwm_u.o
                0x00427044                PWM_Init
 .text.Amerex_LOGO_PWM_EN
                0x00427138       0x30 src/pwm_u.o
                0x00427138                Amerex_LOGO_PWM_EN
 .text.LEDS_PWM_EN
                0x00427168       0x30 src/pwm_u.o
                0x00427168                LEDS_PWM_EN
 .text.FIRE_LED_PWM_EN
                0x00427198       0x44 src/pwm_u.o
                0x00427198                FIRE_LED_PWM_EN
 .text.DecimalToBCD
                0x004271dc       0x48 src/RV3028.o
 .text.BCDToDecimal
                0x00427224       0x32 src/RV3028.o
 .text.RV3028_ReadRegister
                0x00427256       0x2a src/RV3028.o
 .text.RV3028_WriteRegister
                0x00427280       0x2a src/RV3028.o
 *fill*         0x004272aa        0x2 
 .text.RV3028_SetTime
                0x004272ac       0x84 src/RV3028.o
                0x004272ac                RV3028_SetTime
 .text.RV3028_GetTime
                0x00427330      0x108 src/RV3028.o
                0x00427330                RV3028_GetTime
 .text.RV3028_Set_TimeStamp
                0x00427438       0x84 src/RV3028.o
                0x00427438                RV3028_Set_TimeStamp
 .text.crc8_cal
                0x004274bc       0x7a src/spi_u.o
                0x004274bc                crc8_cal
 *fill*         0x00427536        0x2 
 .text.write_flash_mid_param
                0x00427538       0x34 src/spi_u.o
                0x00427538                write_flash_mid_param
 .text.flash_write_amerex_param
                0x0042756c       0x3c src/spi_u.o
                0x0042756c                flash_write_amerex_param
 .text.NOR_Flash_Log_Data
                0x004275a8      0x128 src/spi_u.o
                0x004275a8                NOR_Flash_Log_Data
 .text.database_send_payload
                0x004276d0      0x160 src/spi_u.o
                0x004276d0                database_send_payload
 .text.read_flash_mid_param
                0x00427830       0x58 src/spi_u.o
                0x00427830                read_flash_mid_param
 .text.flash_read_amerex_param
                0x00427888       0xe8 src/spi_u.o
                0x00427888                flash_read_amerex_param
 .text.Reset_Values
                0x00427970       0x1c src/spi_u.o
                0x00427970                Reset_Values
 .text.at25dfx_init
                0x0042798c       0x24 src/spi_u.o
                0x0042798c                at25dfx_init
 .text.ioport_set_pin_level
                0x004279b0       0x6c src/switch_inputs.o
 .text.ioport_get_pin_level
                0x00427a1c       0x50 src/switch_inputs.o
 .text.Test_Button
                0x00427a6c       0xd4 src/switch_inputs.o
                0x00427a6c                Test_Button
 .text.Alarm_Silence_Button
                0x00427b40       0xf8 src/switch_inputs.o
                0x00427b40                Alarm_Silence_Button
 .text.Fire_Switch
                0x00427c38      0x100 src/switch_inputs.o
                0x00427c38                Fire_Switch
 .text.Pressure_Sw
                0x00427d38       0xbc src/switch_inputs.o
                0x00427d38                Pressure_Sw
 .text.System_Reset_Button
                0x00427df4      0x190 src/switch_inputs.o
                0x00427df4                System_Reset_Button
 .text.FireRly_Rst_For_Vehicle_Strt
                0x00427f84       0x54 src/switch_inputs.o
                0x00427f84                FireRly_Rst_For_Vehicle_Strt
 .text.Fire_Switch_Log
                0x00427fd8       0x34 src/switch_inputs.o
                0x00427fd8                Fire_Switch_Log
 .text.Enter_DFU_mode
                0x0042800c      0x160 src/switch_inputs.o
                0x0042800c                Enter_DFU_mode
 .text.Enter_Backup_mode
                0x0042816c       0x8c src/switch_inputs.o
                0x0042816c                Enter_Backup_mode
 .text.__NVIC_SetPriority
                0x004281f8       0x54 src/system_init.o
 .text.SysTick_Config
                0x0042824c       0x48 src/system_init.o
 .text.ioport_set_pin_level
                0x00428294       0x6c src/system_init.o
 .text.Pherperial_clock_Enable
                0x00428300       0x18 src/system_init.o
                0x00428300                Pherperial_clock_Enable
 .text.Pherperial_Power_Enable
                0x00428318       0xa4 src/system_init.o
                0x00428318                Pherperial_Power_Enable
 .text.Systick_Config
                0x004283bc       0x20 src/system_init.o
                0x004283bc                Systick_Config
 .text.Watchdog_Config
                0x004283dc       0x48 src/system_init.o
                0x004283dc                Watchdog_Config
 .text.Delay    0x00428424       0x38 src/system_init.o
                0x00428424                Delay
 .text.LED_BUZZER_SUPPLY_enable
                0x0042845c       0x20 src/system_init.o
                0x0042845c                LED_BUZZER_SUPPLY_enable
 .text.LED_BUZZER_SUPPLY_set
                0x0042847c       0x1e src/system_init.o
                0x0042847c                LED_BUZZER_SUPPLY_set
 *fill*         0x0042849a        0x2 
 .text.Capacitor_Bank_Charge_enable
                0x0042849c       0x20 src/system_init.o
                0x0042849c                Capacitor_Bank_Charge_enable
 .text.Capacitor_Bank_Charge_set
                0x004284bc       0x1e src/system_init.o
                0x004284bc                Capacitor_Bank_Charge_set
 *fill*         0x004284da        0x2 
 .text.Capacitor_Bank_Charge_disable
                0x004284dc       0x20 src/system_init.o
                0x004284dc                Capacitor_Bank_Charge_disable
 .text.HeatDetector_enable
                0x004284fc       0x20 src/system_init.o
                0x004284fc                HeatDetector_enable
 .text.HeatDetector_set
                0x0042851c       0x1e src/system_init.o
                0x0042851c                HeatDetector_set
 *fill*         0x0042853a        0x2 
 .text.Act_HealthMonitor_enable
                0x0042853c       0x20 src/system_init.o
                0x0042853c                Act_HealthMonitor_enable
 .text.Act_HealthMonitor_set
                0x0042855c       0x1e src/system_init.o
                0x0042855c                Act_HealthMonitor_set
 *fill*         0x0042857a        0x2 
 .text.VoltMeasurement_enable
                0x0042857c       0x20 src/system_init.o
                0x0042857c                VoltMeasurement_enable
 .text.VoltMeasurement_set
                0x0042859c       0x1e src/system_init.o
                0x0042859c                VoltMeasurement_set
 *fill*         0x004285ba        0x2 
 .text.RtcFlash_enable
                0x004285bc       0x20 src/system_init.o
                0x004285bc                RtcFlash_enable
 .text.RtcFlash_set
                0x004285dc       0x1e src/system_init.o
                0x004285dc                RtcFlash_set
 .text.ioport_set_pin_level
                0x004285fa       0x6c src/trouble.o
 .text.ioport_get_pin_level
                0x00428666       0x50 src/trouble.o
 *fill*         0x004286b6        0x2 
 .text.Check_any_Trbl
                0x004286b8       0x8c src/trouble.o
                0x004286b8                Check_any_Trbl
 .text.Trbl_Fire_Iso_Output_Reset
                0x00428744       0xc0 src/trouble.o
                0x00428744                Trbl_Fire_Iso_Output_Reset
 .text.Fire_Iso_Output
                0x00428804       0xa0 src/trouble.o
                0x00428804                Fire_Iso_Output
 .text.Trouble_Iso_Output
                0x004288a4       0x68 src/trouble.o
                0x004288a4                Trouble_Iso_Output
 .text.pio_handler_process
                0x0042890c       0xd4 src/ASF/sam/drivers/pio/pio_handler.o
                0x0042890c                pio_handler_process
 .text.PIOA_Handler
                0x004289e0       0x18 src/ASF/sam/drivers/pio/pio_handler.o
                0x004289e0                PIOA_Handler
 .text.PIOB_Handler
                0x004289f8       0x18 src/ASF/sam/drivers/pio/pio_handler.o
                0x004289f8                PIOB_Handler
 .text.PIOD_Handler
                0x00428a10       0x18 src/ASF/sam/drivers/pio/pio_handler.o
                0x00428a10                PIOD_Handler
 .text.osc_enable
                0x00428a28       0x88 src/ASF/common/services/clock/sam4e/sysclk.o
 .text.osc_is_ready
                0x00428ab0       0x70 src/ASF/common/services/clock/sam4e/sysclk.o
 .text.osc_get_rate
                0x00428b20       0x74 src/ASF/common/services/clock/sam4e/sysclk.o
 .text.osc_wait_ready
                0x00428b94       0x2c src/ASF/common/services/clock/sam4e/sysclk.o
 .text.pll_config_init
                0x00428bc0       0x54 src/ASF/common/services/clock/sam4e/sysclk.o
 .text.pll_enable
                0x00428c14       0x30 src/ASF/common/services/clock/sam4e/sysclk.o
 .text.pll_is_locked
                0x00428c44       0x1c src/ASF/common/services/clock/sam4e/sysclk.o
 .text.pll_enable_source
                0x00428c60       0x38 src/ASF/common/services/clock/sam4e/sysclk.o
 .text.pll_wait_for_lock
                0x00428c98       0x24 src/ASF/common/services/clock/sam4e/sysclk.o
 .text.sysclk_get_main_hz
                0x00428cbc       0x1c src/ASF/common/services/clock/sam4e/sysclk.o
 .text.sysclk_get_cpu_hz
                0x00428cd8       0x14 src/ASF/common/services/clock/sam4e/sysclk.o
 .text.sysclk_init
                0x00428cec       0x70 src/ASF/common/services/clock/sam4e/sysclk.o
                0x00428cec                sysclk_init
 .text.pio_pull_up
                0x00428d5c       0x2c src/ASF/sam/drivers/pio/pio.o
                0x00428d5c                pio_pull_up
 .text.pio_set_input
                0x00428d88       0x80 src/ASF/sam/drivers/pio/pio.o
                0x00428d88                pio_set_input
 .text.pio_sync_output_write
                0x00428e08       0x1c src/ASF/sam/drivers/pio/pio.o
                0x00428e08                pio_sync_output_write
 .text.pio_disable_interrupt
                0x00428e24       0x1c src/ASF/sam/drivers/pio/pio.o
                0x00428e24                pio_disable_interrupt
 .text.pio_get_interrupt_status
                0x00428e40       0x18 src/ASF/sam/drivers/pio/pio.o
                0x00428e40                pio_get_interrupt_status
 .text.pio_get_interrupt_mask
                0x00428e58       0x18 src/ASF/sam/drivers/pio/pio.o
                0x00428e58                pio_get_interrupt_mask
 .text.pmc_switch_mck_to_sclk
                0x00428e70       0x80 src/ASF/sam/drivers/pmc/pmc.o
                0x00428e70                pmc_switch_mck_to_sclk
 .text.pmc_switch_mck_to_pllack
                0x00428ef0       0x84 src/ASF/sam/drivers/pmc/pmc.o
                0x00428ef0                pmc_switch_mck_to_pllack
 .text.pmc_switch_sclk_to_32kxtal
                0x00428f74       0x38 src/ASF/sam/drivers/pmc/pmc.o
                0x00428f74                pmc_switch_sclk_to_32kxtal
 .text.pmc_osc_is_ready_32kxtal
                0x00428fac       0x34 src/ASF/sam/drivers/pmc/pmc.o
                0x00428fac                pmc_osc_is_ready_32kxtal
 .text.pmc_switch_mainck_to_fastrc
                0x00428fe0       0x70 src/ASF/sam/drivers/pmc/pmc.o
                0x00428fe0                pmc_switch_mainck_to_fastrc
 .text.pmc_switch_mainck_to_xtal
                0x00429050       0x78 src/ASF/sam/drivers/pmc/pmc.o
                0x00429050                pmc_switch_mainck_to_xtal
 .text.pmc_osc_disable_xtal
                0x004290c8       0x48 src/ASF/sam/drivers/pmc/pmc.o
                0x004290c8                pmc_osc_disable_xtal
 .text.pmc_osc_is_ready_mainck
                0x00429110       0x1c src/ASF/sam/drivers/pmc/pmc.o
                0x00429110                pmc_osc_is_ready_mainck
 .text.pmc_disable_pllack
                0x0042912c       0x1c src/ASF/sam/drivers/pmc/pmc.o
                0x0042912c                pmc_disable_pllack
 .text.pmc_is_locked_pllack
                0x00429148       0x1c src/ASF/sam/drivers/pmc/pmc.o
                0x00429148                pmc_is_locked_pllack
 .text.pmc_enable_periph_clk
                0x00429164       0x84 src/ASF/sam/drivers/pmc/pmc.o
                0x00429164                pmc_enable_periph_clk
 .text.pmc_enable_backupmode
                0x004291e8       0x40 src/ASF/sam/drivers/pmc/pmc.o
                0x004291e8                pmc_enable_backupmode
 .text.pwm_clocks_generate
                0x00429228       0x7c src/ASF/sam/drivers/pwm/pwm.o
 .text.pwm_init
                0x004292a4       0x80 src/ASF/sam/drivers/pwm/pwm.o
                0x004292a4                pwm_init
 .text.pwm_channel_init
                0x00429324      0x2b0 src/ASF/sam/drivers/pwm/pwm.o
                0x00429324                pwm_channel_init
 .text.pwm_channel_update_duty
                0x004295d4       0x46 src/ASF/sam/drivers/pwm/pwm.o
                0x004295d4                pwm_channel_update_duty
 .text.pwm_channel_enable
                0x0042961a       0x24 src/ASF/sam/drivers/pwm/pwm.o
                0x0042961a                pwm_channel_enable
 *fill*         0x0042963e        0x2 
 .text.sysclk_enable_peripheral_clock
                0x00429640       0x1c src/ASF/common/boards/user_board/init.o
 .text.ioport_init
                0x0042965c       0x20 src/ASF/common/boards/user_board/init.o
 .text.ioport_disable_pin
                0x0042967c       0x4a src/ASF/common/boards/user_board/init.o
 .text.ioport_disable_port
                0x004296c6       0x34 src/ASF/common/boards/user_board/init.o
 .text.ioport_set_port_mode
                0x004296fa      0x102 src/ASF/common/boards/user_board/init.o
 .text.ioport_set_pin_mode
                0x004297fc      0x11c src/ASF/common/boards/user_board/init.o
 .text.ioport_set_pin_dir
                0x00429918       0x88 src/ASF/common/boards/user_board/init.o
 .text.board_init
                0x004299a0      0x1e4 src/ASF/common/boards/user_board/init.o
                0x004299a0                board_init
 .text.Dummy_Handler
                0x00429b84        0x6 src/ASF/sam/utils/cmsis/sam4e/source/templates/exceptions.o
                0x00429b84                DACC_Handler
                0x00429b84                DebugMon_Handler
                0x00429b84                DMAC_Handler
                0x00429b84                HardFault_Handler
                0x00429b84                TC2_Handler
                0x00429b84                SPI_Handler
                0x00429b84                TWI1_Handler
                0x00429b84                PendSV_Handler
                0x00429b84                NMI_Handler
                0x00429b84                SMC_Handler
                0x00429b84                USART0_Handler
                0x00429b84                RTT_Handler
                0x00429b84                RTC_Handler
                0x00429b84                UsageFault_Handler
                0x00429b84                WDT_Handler
                0x00429b84                TC1_Handler
                0x00429b84                HSMCI_Handler
                0x00429b84                UART1_Handler
                0x00429b84                ARM_Handler
                0x00429b84                Dummy_Handler
                0x00429b84                TWI0_Handler
                0x00429b84                USART1_Handler
                0x00429b84                ACC_Handler
                0x00429b84                PMC_Handler
                0x00429b84                PWM_Handler
                0x00429b84                GMAC_Handler
                0x00429b84                MemManage_Handler
                0x00429b84                SUPC_Handler
                0x00429b84                SVC_Handler
                0x00429b84                EFC_Handler
                0x00429b84                UART0_Handler
                0x00429b84                UDP_Handler
                0x00429b84                BusFault_Handler
                0x00429b84                RSTC_Handler
                0x00429b84                AES_Handler
 *fill*         0x00429b8a        0x2 
 .text.cpu_irq_save
                0x00429b8c       0x38 src/ASF/sam/utils/cmsis/sam4e/source/templates/gcc/startup_sam4e.o
 .text.cpu_irq_is_enabled_flags
                0x00429bc4       0x20 src/ASF/sam/utils/cmsis/sam4e/source/templates/gcc/startup_sam4e.o
 .text.cpu_irq_restore
                0x00429be4       0x30 src/ASF/sam/utils/cmsis/sam4e/source/templates/gcc/startup_sam4e.o
 .text.Reset_Handler
                0x00429c14       0xb0 src/ASF/sam/utils/cmsis/sam4e/source/templates/gcc/startup_sam4e.o
                0x00429c14                Reset_Handler
 .text.SystemCoreClockUpdate
                0x00429cc4      0x168 src/ASF/sam/utils/cmsis/sam4e/source/templates/system_sam4e.o
                0x00429cc4                SystemCoreClockUpdate
 .text.system_init_flash
                0x00429e2c       0x98 src/ASF/sam/utils/cmsis/sam4e/source/templates/system_sam4e.o
                0x00429e2c                system_init_flash
 .text._sbrk    0x00429ec4       0x58 src/ASF/sam/utils/syscalls/gcc/syscalls.o
                0x00429ec4                _sbrk
 .text._close   0x00429f1c       0x18 src/ASF/sam/utils/syscalls/gcc/syscalls.o
                0x00429f1c                _close
 .text._fstat   0x00429f34       0x20 src/ASF/sam/utils/syscalls/gcc/syscalls.o
                0x00429f34                _fstat
 .text._isatty  0x00429f54       0x16 src/ASF/sam/utils/syscalls/gcc/syscalls.o
                0x00429f54                _isatty
 .text._lseek   0x00429f6a       0x1a src/ASF/sam/utils/syscalls/gcc/syscalls.o
                0x00429f6a                _lseek
 .text.afec_start_software_conversion
                0x00429f84       0x1a src/main.o
 *fill*         0x00429f9e        0x2 
 .text.osc_get_rate
                0x00429fa0       0x74 src/main.o
 .text.sysclk_get_main_hz
                0x0042a014       0x1c src/main.o
 .text.sysclk_get_peripheral_hz
                0x0042a030       0x14 src/main.o
 .text.sysclk_enable_peripheral_clock
                0x0042a044       0x1c src/main.o
 .text.ioport_set_pin_level
                0x0042a060       0x6c src/main.o
 .text.usart_serial_init
                0x0042a0cc       0xf8 src/main.o
 .text.usart_serial_putchar
                0x0042a1c4       0xa8 src/main.o
 .text.usart_serial_getchar
                0x0042a26c       0xa8 src/main.o
 .text.stdio_serial_init
                0x0042a314       0x68 src/main.o
 .text.configure_console
                0x0042a37c       0x44 src/main.o
 .text.freq_test_backup_mode
                0x0042a3c0       0xe4 src/main.o
                0x0042a3c0                freq_test_backup_mode
 .text.Amerex_configuration
                0x0042a4a4      0x114 src/main.o
 .text.Amerex_application
                0x0042a5b8      0x188 src/main.o
 .text.main     0x0042a740      0x1b8 src/main.o
                0x0042a740                main
 .text.__libc_init_array
                0x0042a8f8       0x50 c:/program files (x86)/atmel/studio/7.0/toolchain/arm/arm-gnu-toolchain/bin/../lib/gcc/arm-none-eabi/6.3.1/../../../../arm-none-eabi/lib/thumb/v7e-m\libc.a(lib_a-init.o)
                0x0042a8f8                __libc_init_array
 .text.iprintf  0x0042a948       0x28 c:/program files (x86)/atmel/studio/7.0/toolchain/arm/arm-gnu-toolchain/bin/../lib/gcc/arm-none-eabi/6.3.1/../../../../arm-none-eabi/lib/thumb/v7e-m\libc.a(lib_a-iprintf.o)
                0x0042a948                iprintf
 .text.localtime
                0x0042a970       0x10 c:/program files (x86)/atmel/studio/7.0/toolchain/arm/arm-gnu-toolchain/bin/../lib/gcc/arm-none-eabi/6.3.1/../../../../arm-none-eabi/lib/thumb/v7e-m\libc.a(lib_a-lcltime.o)
                0x0042a970                localtime
 .text.localtime_r
                0x0042a980      0x238 c:/program files (x86)/atmel/studio/7.0/toolchain/arm/arm-gnu-toolchain/bin/../lib/gcc/arm-none-eabi/6.3.1/../../../../arm-none-eabi/lib/thumb/v7e-m\libc.a(lib_a-lcltime_r.o)
                0x0042a980                localtime_r
 .text          0x0042abb8      0x134 c:/program files (x86)/atmel/studio/7.0/toolchain/arm/arm-gnu-toolchain/bin/../lib/gcc/arm-none-eabi/6.3.1/../../../../arm-none-eabi/lib/thumb/v7e-m\libc.a(lib_a-memcpy.o)
                0x0042abb8                memcpy
 .text.memset   0x0042acec       0x9c c:/program files (x86)/atmel/studio/7.0/toolchain/arm/arm-gnu-toolchain/bin/../lib/gcc/arm-none-eabi/6.3.1/../../../../arm-none-eabi/lib/thumb/v7e-m\libc.a(lib_a-memset.o)
                0x0042acec                memset
 .text.validate_structure
                0x0042ad88      0x208 c:/program files (x86)/atmel/studio/7.0/toolchain/arm/arm-gnu-toolchain/bin/../lib/gcc/arm-none-eabi/6.3.1/../../../../arm-none-eabi/lib/thumb/v7e-m\libc.a(lib_a-mktime.o)
 .text.mktime   0x0042af90      0x3dc c:/program files (x86)/atmel/studio/7.0/toolchain/arm/arm-gnu-toolchain/bin/../lib/gcc/arm-none-eabi/6.3.1/../../../../arm-none-eabi/lib/thumb/v7e-m\libc.a(lib_a-mktime.o)
                0x0042af90                mktime
 .text.setbuf   0x0042b36c       0x10 c:/program files (x86)/atmel/studio/7.0/toolchain/arm/arm-gnu-toolchain/bin/../lib/gcc/arm-none-eabi/6.3.1/../../../../arm-none-eabi/lib/thumb/v7e-m\libc.a(lib_a-setbuf.o)
                0x0042b36c                setbuf
 .text.setvbuf  0x0042b37c      0x190 c:/program files (x86)/atmel/studio/7.0/toolchain/arm/arm-gnu-toolchain/bin/../lib/gcc/arm-none-eabi/6.3.1/../../../../arm-none-eabi/lib/thumb/v7e-m\libc.a(lib_a-setvbuf.o)
                0x0042b37c                setvbuf
 .text.__tzcalc_limits
                0x0042b50c      0x184 c:/program files (x86)/atmel/studio/7.0/toolchain/arm/arm-gnu-toolchain/bin/../lib/gcc/arm-none-eabi/6.3.1/../../../../arm-none-eabi/lib/thumb/v7e-m\libc.a(lib_a-tzcalc_limits.o)
                0x0042b50c                __tzcalc_limits
 .text.__tz_lock
                0x0042b690        0xc c:/program files (x86)/atmel/studio/7.0/toolchain/arm/arm-gnu-toolchain/bin/../lib/gcc/arm-none-eabi/6.3.1/../../../../arm-none-eabi/lib/thumb/v7e-m\libc.a(lib_a-tzlock.o)
                0x0042b690                __tz_lock
 .text.__tz_unlock
                0x0042b69c        0xc c:/program files (x86)/atmel/studio/7.0/toolchain/arm/arm-gnu-toolchain/bin/../lib/gcc/arm-none-eabi/6.3.1/../../../../arm-none-eabi/lib/thumb/v7e-m\libc.a(lib_a-tzlock.o)
                0x0042b69c                __tz_unlock
 .text._tzset_unlocked
                0x0042b6a8        0xc c:/program files (x86)/atmel/studio/7.0/toolchain/arm/arm-gnu-toolchain/bin/../lib/gcc/arm-none-eabi/6.3.1/../../../../arm-none-eabi/lib/thumb/v7e-m\libc.a(lib_a-tzset.o)
                0x0042b6a8                _tzset_unlocked
 .text._tzset_unlocked_r
                0x0042b6b4      0x32c c:/program files (x86)/atmel/studio/7.0/toolchain/arm/arm-gnu-toolchain/bin/../lib/gcc/arm-none-eabi/6.3.1/../../../../arm-none-eabi/lib/thumb/v7e-m\libc.a(lib_a-tzset_r.o)
                0x0042b6b4                _tzset_unlocked_r
 .text.__sprint_r.part.0
                0x0042b9e0       0x80 c:/program files (x86)/atmel/studio/7.0/toolchain/arm/arm-gnu-toolchain/bin/../lib/gcc/arm-none-eabi/6.3.1/../../../../arm-none-eabi/lib/thumb/v7e-m\libc.a(lib_a-vfiprintf.o)
 .text._vfiprintf_r
                0x0042ba60      0xc90 c:/program files (x86)/atmel/studio/7.0/toolchain/arm/arm-gnu-toolchain/bin/../lib/gcc/arm-none-eabi/6.3.1/../../../../arm-none-eabi/lib/thumb/v7e-m\libc.a(lib_a-vfiprintf.o)
                0x0042ba60                _vfiprintf_r
 .text.__sbprintf
                0x0042c6f0       0x84 c:/program files (x86)/atmel/studio/7.0/toolchain/arm/arm-gnu-toolchain/bin/../lib/gcc/arm-none-eabi/6.3.1/../../../../arm-none-eabi/lib/thumb/v7e-m\libc.a(lib_a-vfiprintf.o)
 .text.__swsetup_r
                0x0042c774       0xc8 c:/program files (x86)/atmel/studio/7.0/toolchain/arm/arm-gnu-toolchain/bin/../lib/gcc/arm-none-eabi/6.3.1/../../../../arm-none-eabi/lib/thumb/v7e-m\libc.a(lib_a-wsetup.o)
                0x0042c774                __swsetup_r
 .text.startup.register_fini
                0x0042c83c       0x14 c:/program files (x86)/atmel/studio/7.0/toolchain/arm/arm-gnu-toolchain/bin/../lib/gcc/arm-none-eabi/6.3.1/../../../../arm-none-eabi/lib/thumb/v7e-m\libc.a(lib_a-__call_atexit.o)
 .text.atexit   0x0042c850        0xc c:/program files (x86)/atmel/studio/7.0/toolchain/arm/arm-gnu-toolchain/bin/../lib/gcc/arm-none-eabi/6.3.1/../../../../arm-none-eabi/lib/thumb/v7e-m\libc.a(lib_a-atexit.o)
                0x0042c850                atexit
 .text.div      0x0042c85c       0x38 c:/program files (x86)/atmel/studio/7.0/toolchain/arm/arm-gnu-toolchain/bin/../lib/gcc/arm-none-eabi/6.3.1/../../../../arm-none-eabi/lib/thumb/v7e-m\libc.a(lib_a-div.o)
                0x0042c85c                div
 .text.__sflush_r
                0x0042c894      0x140 c:/program files (x86)/atmel/studio/7.0/toolchain/arm/arm-gnu-toolchain/bin/../lib/gcc/arm-none-eabi/6.3.1/../../../../arm-none-eabi/lib/thumb/v7e-m\libc.a(lib_a-fflush.o)
                0x0042c894                __sflush_r
 .text._fflush_r
                0x0042c9d4       0x54 c:/program files (x86)/atmel/studio/7.0/toolchain/arm/arm-gnu-toolchain/bin/../lib/gcc/arm-none-eabi/6.3.1/../../../../arm-none-eabi/lib/thumb/v7e-m\libc.a(lib_a-fflush.o)
                0x0042c9d4                _fflush_r
 .text._cleanup_r
                0x0042ca28        0xc c:/program files (x86)/atmel/studio/7.0/toolchain/arm/arm-gnu-toolchain/bin/../lib/gcc/arm-none-eabi/6.3.1/../../../../arm-none-eabi/lib/thumb/v7e-m\libc.a(lib_a-findfp.o)
                0x0042ca28                _cleanup_r
 .text.std.isra.0
                0x0042ca34       0x50 c:/program files (x86)/atmel/studio/7.0/toolchain/arm/arm-gnu-toolchain/bin/../lib/gcc/arm-none-eabi/6.3.1/../../../../arm-none-eabi/lib/thumb/v7e-m\libc.a(lib_a-findfp.o)
 .text.__sinit  0x0042ca84       0x58 c:/program files (x86)/atmel/studio/7.0/toolchain/arm/arm-gnu-toolchain/bin/../lib/gcc/arm-none-eabi/6.3.1/../../../../arm-none-eabi/lib/thumb/v7e-m\libc.a(lib_a-findfp.o)
                0x0042ca84                __sinit
 .text.__sfp_lock_acquire
                0x0042cadc        0xc c:/program files (x86)/atmel/studio/7.0/toolchain/arm/arm-gnu-toolchain/bin/../lib/gcc/arm-none-eabi/6.3.1/../../../../arm-none-eabi/lib/thumb/v7e-m\libc.a(lib_a-findfp.o)
                0x0042cadc                __sfp_lock_acquire
 .text.__sfp_lock_release
                0x0042cae8        0xc c:/program files (x86)/atmel/studio/7.0/toolchain/arm/arm-gnu-toolchain/bin/../lib/gcc/arm-none-eabi/6.3.1/../../../../arm-none-eabi/lib/thumb/v7e-m\libc.a(lib_a-findfp.o)
                0x0042cae8                __sfp_lock_release
 .text.__libc_fini_array
                0x0042caf4       0x34 c:/program files (x86)/atmel/studio/7.0/toolchain/arm/arm-gnu-toolchain/bin/../lib/gcc/arm-none-eabi/6.3.1/../../../../arm-none-eabi/lib/thumb/v7e-m\libc.a(lib_a-fini.o)
                0x0042caf4                __libc_fini_array
 .text.__fputwc
                0x0042cb28       0xa0 c:/program files (x86)/atmel/studio/7.0/toolchain/arm/arm-gnu-toolchain/bin/../lib/gcc/arm-none-eabi/6.3.1/../../../../arm-none-eabi/lib/thumb/v7e-m\libc.a(lib_a-fputwc.o)
                0x0042cb28                __fputwc
 .text._fputwc_r
                0x0042cbc8       0x68 c:/program files (x86)/atmel/studio/7.0/toolchain/arm/arm-gnu-toolchain/bin/../lib/gcc/arm-none-eabi/6.3.1/../../../../arm-none-eabi/lib/thumb/v7e-m\libc.a(lib_a-fputwc.o)
                0x0042cbc8                _fputwc_r
 .text._malloc_trim_r
                0x0042cc30       0xa0 c:/program files (x86)/atmel/studio/7.0/toolchain/arm/arm-gnu-toolchain/bin/../lib/gcc/arm-none-eabi/6.3.1/../../../../arm-none-eabi/lib/thumb/v7e-m\libc.a(lib_a-freer.o)
                0x0042cc30                _malloc_trim_r
 .text._free_r  0x0042ccd0      0x1cc c:/program files (x86)/atmel/studio/7.0/toolchain/arm/arm-gnu-toolchain/bin/../lib/gcc/arm-none-eabi/6.3.1/../../../../arm-none-eabi/lib/thumb/v7e-m\libc.a(lib_a-freer.o)
                0x0042ccd0                _free_r
 .text.__sfvwrite_r
                0x0042ce9c      0x2f0 c:/program files (x86)/atmel/studio/7.0/toolchain/arm/arm-gnu-toolchain/bin/../lib/gcc/arm-none-eabi/6.3.1/../../../../arm-none-eabi/lib/thumb/v7e-m\libc.a(lib_a-fvwrite.o)
                0x0042ce9c                __sfvwrite_r
 .text._fwalk_reent
                0x0042d18c       0x54 c:/program files (x86)/atmel/studio/7.0/toolchain/arm/arm-gnu-toolchain/bin/../lib/gcc/arm-none-eabi/6.3.1/../../../../arm-none-eabi/lib/thumb/v7e-m\libc.a(lib_a-fwalk.o)
                0x0042d18c                _fwalk_reent
 .text._findenv_r
                0x0042d1e0       0x7c c:/program files (x86)/atmel/studio/7.0/toolchain/arm/arm-gnu-toolchain/bin/../lib/gcc/arm-none-eabi/6.3.1/../../../../arm-none-eabi/lib/thumb/v7e-m\libc.a(lib_a-getenv_r.o)
                0x0042d1e0                _findenv_r
 .text._getenv_r
                0x0042d25c       0x10 c:/program files (x86)/atmel/studio/7.0/toolchain/arm/arm-gnu-toolchain/bin/../lib/gcc/arm-none-eabi/6.3.1/../../../../arm-none-eabi/lib/thumb/v7e-m\libc.a(lib_a-getenv_r.o)
                0x0042d25c                _getenv_r
 .text.__gettzinfo
                0x0042d26c        0x8 c:/program files (x86)/atmel/studio/7.0/toolchain/arm/arm-gnu-toolchain/bin/../lib/gcc/arm-none-eabi/6.3.1/../../../../arm-none-eabi/lib/thumb/v7e-m\libc.a(lib_a-gettzinfo.o)
                0x0042d26c                __gettzinfo
 .text.gmtime_r
                0x0042d274      0x1d4 c:/program files (x86)/atmel/studio/7.0/toolchain/arm/arm-gnu-toolchain/bin/../lib/gcc/arm-none-eabi/6.3.1/../../../../arm-none-eabi/lib/thumb/v7e-m\libc.a(lib_a-gmtime_r.o)
                0x0042d274                gmtime_r
 .text.__locale_mb_cur_max
                0x0042d448       0x1c c:/program files (x86)/atmel/studio/7.0/toolchain/arm/arm-gnu-toolchain/bin/../lib/gcc/arm-none-eabi/6.3.1/../../../../arm-none-eabi/lib/thumb/v7e-m\libc.a(lib_a-locale.o)
                0x0042d448                __locale_mb_cur_max
 .text.__locale_ctype_ptr_l
                0x0042d464        0x8 c:/program files (x86)/atmel/studio/7.0/toolchain/arm/arm-gnu-toolchain/bin/../lib/gcc/arm-none-eabi/6.3.1/../../../../arm-none-eabi/lib/thumb/v7e-m\libc.a(lib_a-locale.o)
                0x0042d464                __locale_ctype_ptr_l
 .text.__locale_ctype_ptr
                0x0042d46c       0x1c c:/program files (x86)/atmel/studio/7.0/toolchain/arm/arm-gnu-toolchain/bin/../lib/gcc/arm-none-eabi/6.3.1/../../../../arm-none-eabi/lib/thumb/v7e-m\libc.a(lib_a-locale.o)
                0x0042d46c                __locale_ctype_ptr
 .text.__retarget_lock_init_recursive
                0x0042d488        0x4 c:/program files (x86)/atmel/studio/7.0/toolchain/arm/arm-gnu-toolchain/bin/../lib/gcc/arm-none-eabi/6.3.1/../../../../arm-none-eabi/lib/thumb/v7e-m\libc.a(lib_a-lock.o)
                0x0042d488                __retarget_lock_init_recursive
 .text.__retarget_lock_close_recursive
                0x0042d48c        0x4 c:/program files (x86)/atmel/studio/7.0/toolchain/arm/arm-gnu-toolchain/bin/../lib/gcc/arm-none-eabi/6.3.1/../../../../arm-none-eabi/lib/thumb/v7e-m\libc.a(lib_a-lock.o)
                0x0042d48c                __retarget_lock_close_recursive
 .text.__retarget_lock_acquire
                0x0042d490        0x4 c:/program files (x86)/atmel/studio/7.0/toolchain/arm/arm-gnu-toolchain/bin/../lib/gcc/arm-none-eabi/6.3.1/../../../../arm-none-eabi/lib/thumb/v7e-m\libc.a(lib_a-lock.o)
                0x0042d490                __retarget_lock_acquire
 .text.__retarget_lock_acquire_recursive
                0x0042d494        0x4 c:/program files (x86)/atmel/studio/7.0/toolchain/arm/arm-gnu-toolchain/bin/../lib/gcc/arm-none-eabi/6.3.1/../../../../arm-none-eabi/lib/thumb/v7e-m\libc.a(lib_a-lock.o)
                0x0042d494                __retarget_lock_acquire_recursive
 .text.__retarget_lock_release
                0x0042d498        0x4 c:/program files (x86)/atmel/studio/7.0/toolchain/arm/arm-gnu-toolchain/bin/../lib/gcc/arm-none-eabi/6.3.1/../../../../arm-none-eabi/lib/thumb/v7e-m\libc.a(lib_a-lock.o)
                0x0042d498                __retarget_lock_release
 .text.__retarget_lock_release_recursive
                0x0042d49c        0x4 c:/program files (x86)/atmel/studio/7.0/toolchain/arm/arm-gnu-toolchain/bin/../lib/gcc/arm-none-eabi/6.3.1/../../../../arm-none-eabi/lib/thumb/v7e-m\libc.a(lib_a-lock.o)
                0x0042d49c                __retarget_lock_release_recursive
 .text.__swhatbuf_r
                0x0042d4a0       0x5c c:/program files (x86)/atmel/studio/7.0/toolchain/arm/arm-gnu-toolchain/bin/../lib/gcc/arm-none-eabi/6.3.1/../../../../arm-none-eabi/lib/thumb/v7e-m\libc.a(lib_a-makebuf.o)
                0x0042d4a0                __swhatbuf_r
 .text.__smakebuf_r
                0x0042d4fc       0x94 c:/program files (x86)/atmel/studio/7.0/toolchain/arm/arm-gnu-toolchain/bin/../lib/gcc/arm-none-eabi/6.3.1/../../../../arm-none-eabi/lib/thumb/v7e-m\libc.a(lib_a-makebuf.o)
                0x0042d4fc                __smakebuf_r
 .text.malloc   0x0042d590       0x10 c:/program files (x86)/atmel/studio/7.0/toolchain/arm/arm-gnu-toolchain/bin/../lib/gcc/arm-none-eabi/6.3.1/../../../../arm-none-eabi/lib/thumb/v7e-m\libc.a(lib_a-malloc.o)
                0x0042d590                malloc
 .text.free     0x0042d5a0       0x10 c:/program files (x86)/atmel/studio/7.0/toolchain/arm/arm-gnu-toolchain/bin/../lib/gcc/arm-none-eabi/6.3.1/../../../../arm-none-eabi/lib/thumb/v7e-m\libc.a(lib_a-malloc.o)
                0x0042d5a0                free
 .text._malloc_r
                0x0042d5b0      0x560 c:/program files (x86)/atmel/studio/7.0/toolchain/arm/arm-gnu-toolchain/bin/../lib/gcc/arm-none-eabi/6.3.1/../../../../arm-none-eabi/lib/thumb/v7e-m\libc.a(lib_a-mallocr.o)
                0x0042d5b0                _malloc_r
 .text.__ascii_mbtowc
                0x0042db10       0x2c c:/program files (x86)/atmel/studio/7.0/toolchain/arm/arm-gnu-toolchain/bin/../lib/gcc/arm-none-eabi/6.3.1/../../../../arm-none-eabi/lib/thumb/v7e-m\libc.a(lib_a-mbtowc_r.o)
                0x0042db10                __ascii_mbtowc
 *fill*         0x0042db3c        0x4 
 .text          0x0042db40       0xa0 c:/program files (x86)/atmel/studio/7.0/toolchain/arm/arm-gnu-toolchain/bin/../lib/gcc/arm-none-eabi/6.3.1/../../../../arm-none-eabi/lib/thumb/v7e-m\libc.a(lib_a-memchr.o)
                0x0042db40                memchr
 .text.memmove  0x0042dbe0       0xc8 c:/program files (x86)/atmel/studio/7.0/toolchain/arm/arm-gnu-toolchain/bin/../lib/gcc/arm-none-eabi/6.3.1/../../../../arm-none-eabi/lib/thumb/v7e-m\libc.a(lib_a-memmove.o)
                0x0042dbe0                memmove
 .text.__malloc_lock
                0x0042dca8        0xc c:/program files (x86)/atmel/studio/7.0/toolchain/arm/arm-gnu-toolchain/bin/../lib/gcc/arm-none-eabi/6.3.1/../../../../arm-none-eabi/lib/thumb/v7e-m\libc.a(lib_a-mlock.o)
                0x0042dca8                __malloc_lock
 .text.__malloc_unlock
                0x0042dcb4        0xc c:/program files (x86)/atmel/studio/7.0/toolchain/arm/arm-gnu-toolchain/bin/../lib/gcc/arm-none-eabi/6.3.1/../../../../arm-none-eabi/lib/thumb/v7e-m\libc.a(lib_a-mlock.o)
                0x0042dcb4                __malloc_unlock
 .text._realloc_r
                0x0042dcc0      0x34c c:/program files (x86)/atmel/studio/7.0/toolchain/arm/arm-gnu-toolchain/bin/../lib/gcc/arm-none-eabi/6.3.1/../../../../arm-none-eabi/lib/thumb/v7e-m\libc.a(lib_a-reallocr.o)
                0x0042dcc0                _realloc_r
 .text._sbrk_r  0x0042e00c       0x24 c:/program files (x86)/atmel/studio/7.0/toolchain/arm/arm-gnu-toolchain/bin/../lib/gcc/arm-none-eabi/6.3.1/../../../../arm-none-eabi/lib/thumb/v7e-m\libc.a(lib_a-sbrkr.o)
                0x0042e00c                _sbrk_r
 .text.siscanf  0x0042e030       0x58 c:/program files (x86)/atmel/studio/7.0/toolchain/arm/arm-gnu-toolchain/bin/../lib/gcc/arm-none-eabi/6.3.1/../../../../arm-none-eabi/lib/thumb/v7e-m\libc.a(lib_a-siscanf.o)
                0x0042e030                siscanf
 .text.__sread  0x0042e088       0x24 c:/program files (x86)/atmel/studio/7.0/toolchain/arm/arm-gnu-toolchain/bin/../lib/gcc/arm-none-eabi/6.3.1/../../../../arm-none-eabi/lib/thumb/v7e-m\libc.a(lib_a-stdio.o)
                0x0042e088                __sread
 .text.__seofread
                0x0042e0ac        0x4 c:/program files (x86)/atmel/studio/7.0/toolchain/arm/arm-gnu-toolchain/bin/../lib/gcc/arm-none-eabi/6.3.1/../../../../arm-none-eabi/lib/thumb/v7e-m\libc.a(lib_a-stdio.o)
                0x0042e0ac                __seofread
 .text.__swrite
                0x0042e0b0       0x3c c:/program files (x86)/atmel/studio/7.0/toolchain/arm/arm-gnu-toolchain/bin/../lib/gcc/arm-none-eabi/6.3.1/../../../../arm-none-eabi/lib/thumb/v7e-m\libc.a(lib_a-stdio.o)
                0x0042e0b0                __swrite
 .text.__sseek  0x0042e0ec       0x20 c:/program files (x86)/atmel/studio/7.0/toolchain/arm/arm-gnu-toolchain/bin/../lib/gcc/arm-none-eabi/6.3.1/../../../../arm-none-eabi/lib/thumb/v7e-m\libc.a(lib_a-stdio.o)
                0x0042e0ec                __sseek
 .text.__sclose
                0x0042e10c        0x8 c:/program files (x86)/atmel/studio/7.0/toolchain/arm/arm-gnu-toolchain/bin/../lib/gcc/arm-none-eabi/6.3.1/../../../../arm-none-eabi/lib/thumb/v7e-m\libc.a(lib_a-stdio.o)
                0x0042e10c                __sclose
 *fill*         0x0042e114        0xc 
 .text          0x0042e120      0x2dc c:/program files (x86)/atmel/studio/7.0/toolchain/arm/arm-gnu-toolchain/bin/../lib/gcc/arm-none-eabi/6.3.1/../../../../arm-none-eabi/lib/thumb/v7e-m\libc.a(lib_a-strcmp.o)
                0x0042e128                strcmp
 .text.strcpy   0x0042e3fc       0xbc c:/program files (x86)/atmel/studio/7.0/toolchain/arm/arm-gnu-toolchain/bin/../lib/gcc/arm-none-eabi/6.3.1/../../../../arm-none-eabi/lib/thumb/v7e-m\libc.a(lib_a-strcpy.o)
                0x0042e3fc                strcpy
 *fill*         0x0042e4b8        0x8 
 .text          0x0042e4c0       0xdc c:/program files (x86)/atmel/studio/7.0/toolchain/arm/arm-gnu-toolchain/bin/../lib/gcc/arm-none-eabi/6.3.1/../../../../arm-none-eabi/lib/thumb/v7e-m\libc.a(lib_a-strlen.o)
                0x0042e4c0                strlen
 .text.strncmp  0x0042e59c       0xa4 c:/program files (x86)/atmel/studio/7.0/toolchain/arm/arm-gnu-toolchain/bin/../lib/gcc/arm-none-eabi/6.3.1/../../../../arm-none-eabi/lib/thumb/v7e-m\libc.a(lib_a-strncmp.o)
                0x0042e59c                strncmp
 .text._strtoul_l.isra.0
                0x0042e640      0x148 c:/program files (x86)/atmel/studio/7.0/toolchain/arm/arm-gnu-toolchain/bin/../lib/gcc/arm-none-eabi/6.3.1/../../../../arm-none-eabi/lib/thumb/v7e-m\libc.a(lib_a-strtoul.o)
 .text._strtoul_r
                0x0042e788       0x24 c:/program files (x86)/atmel/studio/7.0/toolchain/arm/arm-gnu-toolchain/bin/../lib/gcc/arm-none-eabi/6.3.1/../../../../arm-none-eabi/lib/thumb/v7e-m\libc.a(lib_a-strtoul.o)
                0x0042e788                _strtoul_r
 .text.strtoul  0x0042e7ac       0x2c c:/program files (x86)/atmel/studio/7.0/toolchain/arm/arm-gnu-toolchain/bin/../lib/gcc/arm-none-eabi/6.3.1/../../../../arm-none-eabi/lib/thumb/v7e-m\libc.a(lib_a-strtoul.o)
                0x0042e7ac                strtoul
 .text._sungetc_r
                0x0042e7d8       0x80 c:/program files (x86)/atmel/studio/7.0/toolchain/arm/arm-gnu-toolchain/bin/../lib/gcc/arm-none-eabi/6.3.1/../../../../arm-none-eabi/lib/thumb/v7e-m\libc.a(lib_a-svfiscanf.o)
                0x0042e7d8                _sungetc_r
 .text.__ssrefill_r
                0x0042e858       0x3c c:/program files (x86)/atmel/studio/7.0/toolchain/arm/arm-gnu-toolchain/bin/../lib/gcc/arm-none-eabi/6.3.1/../../../../arm-none-eabi/lib/thumb/v7e-m\libc.a(lib_a-svfiscanf.o)
                0x0042e858                __ssrefill_r
 .text._sfread_r
                0x0042e894       0x80 c:/program files (x86)/atmel/studio/7.0/toolchain/arm/arm-gnu-toolchain/bin/../lib/gcc/arm-none-eabi/6.3.1/../../../../arm-none-eabi/lib/thumb/v7e-m\libc.a(lib_a-svfiscanf.o)
                0x0042e894                _sfread_r
 .text.__ssvfiscanf_r
                0x0042e914      0x9a0 c:/program files (x86)/atmel/studio/7.0/toolchain/arm/arm-gnu-toolchain/bin/../lib/gcc/arm-none-eabi/6.3.1/../../../../arm-none-eabi/lib/thumb/v7e-m\libc.a(lib_a-svfiscanf.o)
                0x0042e914                __ssvfiscanf_r
 .text.__submore
                0x0042f2b4       0x78 c:/program files (x86)/atmel/studio/7.0/toolchain/arm/arm-gnu-toolchain/bin/../lib/gcc/arm-none-eabi/6.3.1/../../../../arm-none-eabi/lib/thumb/v7e-m\libc.a(lib_a-ungetc.o)
                0x0042f2b4                __submore
 .text.__swbuf_r
                0x0042f32c       0xb0 c:/program files (x86)/atmel/studio/7.0/toolchain/arm/arm-gnu-toolchain/bin/../lib/gcc/arm-none-eabi/6.3.1/../../../../arm-none-eabi/lib/thumb/v7e-m\libc.a(lib_a-wbuf.o)
                0x0042f32c                __swbuf_r
 .text._wcrtomb_r
                0x0042f3dc       0x54 c:/program files (x86)/atmel/studio/7.0/toolchain/arm/arm-gnu-toolchain/bin/../lib/gcc/arm-none-eabi/6.3.1/../../../../arm-none-eabi/lib/thumb/v7e-m\libc.a(lib_a-wcrtomb.o)
                0x0042f3dc                _wcrtomb_r
 .text.__ascii_wctomb
                0x0042f430       0x1c c:/program files (x86)/atmel/studio/7.0/toolchain/arm/arm-gnu-toolchain/bin/../lib/gcc/arm-none-eabi/6.3.1/../../../../arm-none-eabi/lib/thumb/v7e-m\libc.a(lib_a-wctomb_r.o)
                0x0042f430                __ascii_wctomb
 .text._write_r
                0x0042f44c       0x2c c:/program files (x86)/atmel/studio/7.0/toolchain/arm/arm-gnu-toolchain/bin/../lib/gcc/arm-none-eabi/6.3.1/../../../../arm-none-eabi/lib/thumb/v7e-m\libc.a(lib_a-writer.o)
                0x0042f44c                _write_r
 .text.__register_exitproc
                0x0042f478       0xc4 c:/program files (x86)/atmel/studio/7.0/toolchain/arm/arm-gnu-toolchain/bin/../lib/gcc/arm-none-eabi/6.3.1/../../../../arm-none-eabi/lib/thumb/v7e-m\libc.a(lib_a-__atexit.o)
                0x0042f478                __register_exitproc
 .text._close_r
                0x0042f53c       0x24 c:/program files (x86)/atmel/studio/7.0/toolchain/arm/arm-gnu-toolchain/bin/../lib/gcc/arm-none-eabi/6.3.1/../../../../arm-none-eabi/lib/thumb/v7e-m\libc.a(lib_a-closer.o)
                0x0042f53c                _close_r
 .text.__env_lock
                0x0042f560        0xc c:/program files (x86)/atmel/studio/7.0/toolchain/arm/arm-gnu-toolchain/bin/../lib/gcc/arm-none-eabi/6.3.1/../../../../arm-none-eabi/lib/thumb/v7e-m\libc.a(lib_a-envlock.o)
                0x0042f560                __env_lock
 .text.__env_unlock
                0x0042f56c        0xc c:/program files (x86)/atmel/studio/7.0/toolchain/arm/arm-gnu-toolchain/bin/../lib/gcc/arm-none-eabi/6.3.1/../../../../arm-none-eabi/lib/thumb/v7e-m\libc.a(lib_a-envlock.o)
                0x0042f56c                __env_unlock
 .text._fclose_r
                0x0042f578       0xc4 c:/program files (x86)/atmel/studio/7.0/toolchain/arm/arm-gnu-toolchain/bin/../lib/gcc/arm-none-eabi/6.3.1/../../../../arm-none-eabi/lib/thumb/v7e-m\libc.a(lib_a-fclose.o)
                0x0042f578                _fclose_r
 .text._fstat_r
                0x0042f63c       0x28 c:/program files (x86)/atmel/studio/7.0/toolchain/arm/arm-gnu-toolchain/bin/../lib/gcc/arm-none-eabi/6.3.1/../../../../arm-none-eabi/lib/thumb/v7e-m\libc.a(lib_a-fstatr.o)
                0x0042f63c                _fstat_r
 .text._isatty_r
                0x0042f664       0x24 c:/program files (x86)/atmel/studio/7.0/toolchain/arm/arm-gnu-toolchain/bin/../lib/gcc/arm-none-eabi/6.3.1/../../../../arm-none-eabi/lib/thumb/v7e-m\libc.a(lib_a-isattyr.o)
                0x0042f664                _isatty_r
 .text.iswspace
                0x0042f688       0x1c c:/program files (x86)/atmel/studio/7.0/toolchain/arm/arm-gnu-toolchain/bin/../lib/gcc/arm-none-eabi/6.3.1/../../../../arm-none-eabi/lib/thumb/v7e-m\libc.a(lib_a-iswspace.o)
                0x0042f688                iswspace
 .text._lseek_r
                0x0042f6a4       0x2c c:/program files (x86)/atmel/studio/7.0/toolchain/arm/arm-gnu-toolchain/bin/../lib/gcc/arm-none-eabi/6.3.1/../../../../arm-none-eabi/lib/thumb/v7e-m\libc.a(lib_a-lseekr.o)
                0x0042f6a4                _lseek_r
 .text._mbrtowc_r
                0x0042f6d0       0x5c c:/program files (x86)/atmel/studio/7.0/toolchain/arm/arm-gnu-toolchain/bin/../lib/gcc/arm-none-eabi/6.3.1/../../../../arm-none-eabi/lib/thumb/v7e-m\libc.a(lib_a-mbrtowc.o)
                0x0042f6d0                _mbrtowc_r
 .text._read_r  0x0042f72c       0x2c c:/program files (x86)/atmel/studio/7.0/toolchain/arm/arm-gnu-toolchain/bin/../lib/gcc/arm-none-eabi/6.3.1/../../../../arm-none-eabi/lib/thumb/v7e-m\libc.a(lib_a-readr.o)
                0x0042f72c                _read_r
 .text.__sccl   0x0042f758       0x74 c:/program files (x86)/atmel/studio/7.0/toolchain/arm/arm-gnu-toolchain/bin/../lib/gcc/arm-none-eabi/6.3.1/../../../../arm-none-eabi/lib/thumb/v7e-m\libc.a(lib_a-sccl.o)
                0x0042f758                __sccl
 .text._strtol_l.isra.0
                0x0042f7cc      0x128 c:/program files (x86)/atmel/studio/7.0/toolchain/arm/arm-gnu-toolchain/bin/../lib/gcc/arm-none-eabi/6.3.1/../../../../arm-none-eabi/lib/thumb/v7e-m\libc.a(lib_a-strtol.o)
 .text._strtol_r
                0x0042f8f4       0x24 c:/program files (x86)/atmel/studio/7.0/toolchain/arm/arm-gnu-toolchain/bin/../lib/gcc/arm-none-eabi/6.3.1/../../../../arm-none-eabi/lib/thumb/v7e-m\libc.a(lib_a-strtol.o)
                0x0042f8f4                _strtol_r
 .text._strtoll_l.isra.0
                0x0042f918      0x19c c:/program files (x86)/atmel/studio/7.0/toolchain/arm/arm-gnu-toolchain/bin/../lib/gcc/arm-none-eabi/6.3.1/../../../../arm-none-eabi/lib/thumb/v7e-m\libc.a(lib_a-strtoll.o)
 .text._strtoll_r
                0x0042fab4       0x24 c:/program files (x86)/atmel/studio/7.0/toolchain/arm/arm-gnu-toolchain/bin/../lib/gcc/arm-none-eabi/6.3.1/../../../../arm-none-eabi/lib/thumb/v7e-m\libc.a(lib_a-strtoll.o)
                0x0042fab4                _strtoll_r
 .text._strtoull_l.isra.0
                0x0042fad8      0x1bc c:/program files (x86)/atmel/studio/7.0/toolchain/arm/arm-gnu-toolchain/bin/../lib/gcc/arm-none-eabi/6.3.1/../../../../arm-none-eabi/lib/thumb/v7e-m\libc.a(lib_a-strtoull.o)
 .text._strtoull_r
                0x0042fc94       0x24 c:/program files (x86)/atmel/studio/7.0/toolchain/arm/arm-gnu-toolchain/bin/../lib/gcc/arm-none-eabi/6.3.1/../../../../arm-none-eabi/lib/thumb/v7e-m\libc.a(lib_a-strtoull.o)
                0x0042fc94                _strtoull_r
 .text          0x0042fcb8       0x30 c:/program files (x86)/atmel/studio/7.0/toolchain/arm/arm-gnu-toolchain/bin/../lib/gcc/arm-none-eabi/6.3.1/thumb/v7e-m\libgcc.a(_aeabi_uldivmod.o)
                0x0042fcb8                __aeabi_uldivmod
 .text          0x0042fce8      0x2dc c:/program files (x86)/atmel/studio/7.0/toolchain/arm/arm-gnu-toolchain/bin/../lib/gcc/arm-none-eabi/6.3.1/thumb/v7e-m\libgcc.a(_udivmoddi4.o)
                0x0042fce8                __udivmoddi4
 .text          0x0042ffc4        0x4 c:/program files (x86)/atmel/studio/7.0/toolchain/arm/arm-gnu-toolchain/bin/../lib/gcc/arm-none-eabi/6.3.1/thumb/v7e-m\libgcc.a(_dvmd_tls.o)
                0x0042ffc4                __aeabi_idiv0
                0x0042ffc4                __aeabi_ldiv0
 *(.glue_7t)
 .glue_7t       0x0042ffc8        0x0 linker stubs
 *(.glue_7)
 .glue_7        0x0042ffc8        0x0 linker stubs
 *(.rodata .rodata* .gnu.linkonce.r.*)
 .rodata        0x0042ffc8       0x12 src/adc_u.o
 *fill*         0x0042ffda        0x2 
 .rodata.can_bit_time
                0x0042ffdc       0x6c src/ASF/sam/drivers/can/can.o
                0x0042ffdc                can_bit_time
 .rodata        0x00430048       0xb2 src/interrupt_handler.o
 .rodata.ON_delay_500ms
                0x004300fa        0x2 src/led.o
                0x004300fa                ON_delay_500ms
 .rodata.OFF_delay_10s
                0x004300fc        0x2 src/led.o
                0x004300fc                OFF_delay_10s
 *fill*         0x004300fe        0x2 
 .rodata        0x00430100       0x90 src/memory_flash.o
 .rodata        0x00430190       0x2b src/spi_u.o
 *fill*         0x004301bb        0x1 
 .rodata        0x004301bc       0x50 src/switch_inputs.o
 .rodata        0x0043020c       0x2c src/ASF/sam/drivers/pwm/pwm.o
 .rodata        0x00430238       0x17 src/main.o
 *fill*         0x0043024f        0x1 
 .rodata._global_impure_ptr
                0x00430250        0x4 c:/program files (x86)/atmel/studio/7.0/toolchain/arm/arm-gnu-toolchain/bin/../lib/gcc/arm-none-eabi/6.3.1/../../../../arm-none-eabi/lib/thumb/v7e-m\libc.a(lib_a-impure.o)
                0x00430250                _global_impure_ptr
 .rodata.DAYS_IN_MONTH
                0x00430254       0x30 c:/program files (x86)/atmel/studio/7.0/toolchain/arm/arm-gnu-toolchain/bin/../lib/gcc/arm-none-eabi/6.3.1/../../../../arm-none-eabi/lib/thumb/v7e-m\libc.a(lib_a-mktime.o)
 .rodata._DAYS_BEFORE_MONTH
                0x00430284       0x30 c:/program files (x86)/atmel/studio/7.0/toolchain/arm/arm-gnu-toolchain/bin/../lib/gcc/arm-none-eabi/6.3.1/../../../../arm-none-eabi/lib/thumb/v7e-m\libc.a(lib_a-mktime.o)
 .rodata.__month_lengths
                0x004302b4       0x60 c:/program files (x86)/atmel/studio/7.0/toolchain/arm/arm-gnu-toolchain/bin/../lib/gcc/arm-none-eabi/6.3.1/../../../../arm-none-eabi/lib/thumb/v7e-m\libc.a(lib_a-month_lengths.o)
                0x004302b4                __month_lengths
 .rodata._tzset_unlocked_r.str1.4
                0x00430314       0x53 c:/program files (x86)/atmel/studio/7.0/toolchain/arm/arm-gnu-toolchain/bin/../lib/gcc/arm-none-eabi/6.3.1/../../../../arm-none-eabi/lib/thumb/v7e-m\libc.a(lib_a-tzset_r.o)
 .rodata.str1.4
                0x00430367        0x4 c:/program files (x86)/atmel/studio/7.0/toolchain/arm/arm-gnu-toolchain/bin/../lib/gcc/arm-none-eabi/6.3.1/../../../../arm-none-eabi/lib/thumb/v7e-m\libc.a(lib_a-tzvars.o)
 *fill*         0x00430367        0x1 
 .rodata._vfiprintf_r.str1.4
                0x00430368       0x2f c:/program files (x86)/atmel/studio/7.0/toolchain/arm/arm-gnu-toolchain/bin/../lib/gcc/arm-none-eabi/6.3.1/../../../../arm-none-eabi/lib/thumb/v7e-m\libc.a(lib_a-vfiprintf.o)
 *fill*         0x00430397        0x1 
 .rodata.blanks.7217
                0x00430398       0x10 c:/program files (x86)/atmel/studio/7.0/toolchain/arm/arm-gnu-toolchain/bin/../lib/gcc/arm-none-eabi/6.3.1/../../../../arm-none-eabi/lib/thumb/v7e-m\libc.a(lib_a-vfiprintf.o)
 .rodata.zeroes.7218
                0x004303a8       0x10 c:/program files (x86)/atmel/studio/7.0/toolchain/arm/arm-gnu-toolchain/bin/../lib/gcc/arm-none-eabi/6.3.1/../../../../arm-none-eabi/lib/thumb/v7e-m\libc.a(lib_a-vfiprintf.o)
 .rodata._setlocale_r.str1.4
                0x004303b8        0xa c:/program files (x86)/atmel/studio/7.0/toolchain/arm/arm-gnu-toolchain/bin/../lib/gcc/arm-none-eabi/6.3.1/../../../../arm-none-eabi/lib/thumb/v7e-m\libc.a(lib_a-locale.o)
                                  0xd (size before relaxing)
 *fill*         0x004303c2        0x2 
 .rodata.str1.4
                0x004303c4        0x4 c:/program files (x86)/atmel/studio/7.0/toolchain/arm/arm-gnu-toolchain/bin/../lib/gcc/arm-none-eabi/6.3.1/../../../../arm-none-eabi/lib/thumb/v7e-m\libc.a(lib_a-locale.o)
                                  0x2 (size before relaxing)
 .rodata.basefix.6796
                0x004303c8       0x22 c:/program files (x86)/atmel/studio/7.0/toolchain/arm/arm-gnu-toolchain/bin/../lib/gcc/arm-none-eabi/6.3.1/../../../../arm-none-eabi/lib/thumb/v7e-m\libc.a(lib_a-svfiscanf.o)
 *fill*         0x004303ea        0x2 
 .rodata._ctype_
                0x004303ec      0x101 c:/program files (x86)/atmel/studio/7.0/toolchain/arm/arm-gnu-toolchain/bin/../lib/gcc/arm-none-eabi/6.3.1/../../../../arm-none-eabi/lib/thumb/v7e-m\libc.a(lib_a-ctype_.o)
                0x004303ec                _ctype_
 .rodata._mbrtowc_r.str1.4
                0x004304ed        0x1 c:/program files (x86)/atmel/studio/7.0/toolchain/arm/arm-gnu-toolchain/bin/../lib/gcc/arm-none-eabi/6.3.1/../../../../arm-none-eabi/lib/thumb/v7e-m\libc.a(lib_a-mbrtowc.o)
 *(.ARM.extab* .gnu.linkonce.armextab.*)
                0x004304f0                . = ALIGN (0x4)
 *fill*         0x004304ed        0x3 
 *(.init)
 .init          0x004304f0        0x4 c:/program files (x86)/atmel/studio/7.0/toolchain/arm/arm-gnu-toolchain/bin/../lib/gcc/arm-none-eabi/6.3.1/thumb/v7e-m/crti.o
                0x004304f0                _init
 .init          0x004304f4        0x8 c:/program files (x86)/atmel/studio/7.0/toolchain/arm/arm-gnu-toolchain/bin/../lib/gcc/arm-none-eabi/6.3.1/thumb/v7e-m/crtn.o
                0x004304fc                . = ALIGN (0x4)
                0x004304fc                __preinit_array_start = .
 *(.preinit_array)
                0x004304fc                __preinit_array_end = .
                0x004304fc                . = ALIGN (0x4)
                0x004304fc                __init_array_start = .
 *(SORT(.init_array.*))
 .init_array.00000
                0x004304fc        0x4 c:/program files (x86)/atmel/studio/7.0/toolchain/arm/arm-gnu-toolchain/bin/../lib/gcc/arm-none-eabi/6.3.1/../../../../arm-none-eabi/lib/thumb/v7e-m\libc.a(lib_a-__call_atexit.o)
 *(.init_array)
 .init_array    0x00430500        0x4 c:/program files (x86)/atmel/studio/7.0/toolchain/arm/arm-gnu-toolchain/bin/../lib/gcc/arm-none-eabi/6.3.1/thumb/v7e-m/crtbegin.o
                0x00430504                __init_array_end = .
                0x00430504                . = ALIGN (0x4)
 *crtbegin.o(.ctors)
 *(EXCLUDE_FILE(*crtend.o) .ctors)
 *(SORT(.ctors.*))
 *crtend.o(.ctors)
                0x00430504                . = ALIGN (0x4)
 *(.fini)
 .fini          0x00430504        0x4 c:/program files (x86)/atmel/studio/7.0/toolchain/arm/arm-gnu-toolchain/bin/../lib/gcc/arm-none-eabi/6.3.1/thumb/v7e-m/crti.o
                0x00430504                _fini
 .fini          0x00430508        0x8 c:/program files (x86)/atmel/studio/7.0/toolchain/arm/arm-gnu-toolchain/bin/../lib/gcc/arm-none-eabi/6.3.1/thumb/v7e-m/crtn.o
                0x00430510                . = ALIGN (0x4)
                0x00430510                __fini_array_start = .
 *(.fini_array)
 .fini_array    0x00430510        0x4 c:/program files (x86)/atmel/studio/7.0/toolchain/arm/arm-gnu-toolchain/bin/../lib/gcc/arm-none-eabi/6.3.1/thumb/v7e-m/crtbegin.o
 *(SORT(.fini_array.*))
                0x00430514                __fini_array_end = .
 *crtbegin.o(.dtors)
 *(EXCLUDE_FILE(*crtend.o) .dtors)
 *(SORT(.dtors.*))
 *crtend.o(.dtors)
                0x00430514                . = ALIGN (0x4)
                0x00430514                _efixed = .
                [!provide]                PROVIDE (__exidx_start, .)

.vfp11_veneer   0x00430514        0x0
 .vfp11_veneer  0x00430514        0x0 linker stubs

.v4_bx          0x00430514        0x0
 .v4_bx         0x00430514        0x0 linker stubs

.iplt           0x00430514        0x0
 .iplt          0x00430514        0x0 c:/program files (x86)/atmel/studio/7.0/toolchain/arm/arm-gnu-toolchain/bin/../lib/gcc/arm-none-eabi/6.3.1/thumb/v7e-m/crtbegin.o

.ARM.exidx      0x00430514        0x8
 *(.ARM.exidx* .gnu.linkonce.armexidx.*)
 .ARM.exidx     0x00430514        0x8 c:/program files (x86)/atmel/studio/7.0/toolchain/arm/arm-gnu-toolchain/bin/../lib/gcc/arm-none-eabi/6.3.1/thumb/v7e-m\libgcc.a(_udivmoddi4.o)
                [!provide]                PROVIDE (__exidx_end, .)

.eh_frame       0x0043051c        0x0
 .eh_frame      0x0043051c        0x0 c:/program files (x86)/atmel/studio/7.0/toolchain/arm/arm-gnu-toolchain/bin/../lib/gcc/arm-none-eabi/6.3.1/thumb/v7e-m/crtbegin.o

.rel.dyn        0x0043051c        0x0
 .rel.iplt      0x0043051c        0x0 c:/program files (x86)/atmel/studio/7.0/toolchain/arm/arm-gnu-toolchain/bin/../lib/gcc/arm-none-eabi/6.3.1/thumb/v7e-m/crtbegin.o

.jcr            0x0043051c        0x0
 .jcr           0x0043051c        0x0 c:/program files (x86)/atmel/studio/7.0/toolchain/arm/arm-gnu-toolchain/bin/../lib/gcc/arm-none-eabi/6.3.1/thumb/v7e-m/crtbegin.o

.igot.plt       0x0043051c        0x0
 .igot.plt      0x0043051c        0x0 c:/program files (x86)/atmel/studio/7.0/toolchain/arm/arm-gnu-toolchain/bin/../lib/gcc/arm-none-eabi/6.3.1/thumb/v7e-m/crtbegin.o
                0x0043051c                . = ALIGN (0x4)
                0x0043051c                _etext = .

.relocate       0x20000000      0xb34 load address 0x0043051c
                0x20000000                . = ALIGN (0x4)
                0x20000000                _srelocate = .
 *(.ramfunc .ramfunc.*)
 .ramfunc       0x20000000       0xf2 src/ASF/sam/drivers/efc/efc.o
                0x20000000                efc_perform_read_sequence
                0x200000a4                efc_write_fmr
                0x200000c0                efc_perform_fcr
 *(.data .data.*)
 *fill*         0x200000f2        0x2 
 .data.vref     0x200000f4        0x4 src/adc_u.o
                0x200000f4                vref
 .data.SCAP_ReadCnt.11912
                0x200000f8        0x1 src/adc_u.o
 .data.active_sf_cs
                0x200000f9        0x1 src/ASF/common/components/memory/serial_flash/at25dfx/at25dfx.o
 .data.buzzer_interval_g_u16
                0x200000fa        0x2 src/buzzer.o
                0x200000fa                buzzer_interval_g_u16
 .data.log_data
                0x200000fc        0xc src/configuration.o
                0x200000fc                log_data
 .data.blink_g_b
                0x20000108        0x1 src/configuration.o
                0x20000108                blink_g_b