Archive member included to satisfy reference by file (symbol)

c:/program files (x86)/atmel/studio/7.0/toolchain/arm/arm-gnu-toolchain/bin/../lib/gcc/arm-none-eabi/6.3.1/../../../../arm-none-eabi/lib/thumb/v7e-m\libc.a(lib_a-exit.o)
                              c:/program files (x86)/atmel/studio/7.0/toolchain/arm/arm-gnu-toolchain/bin/../lib/gcc/arm-none-eabi/6.3.1/../../../../arm-none-eabi/lib/thumb/v7e-m/crt0.o (exit)
c:/program files (x86)/atmel/studio/7.0/toolchain/arm/arm-gnu-toolchain/bin/../lib/gcc/arm-none-eabi/6.3.1/../../../../arm-none-eabi/lib/thumb/v7e-m\libc.a(lib_a-impure.o)
                              c:/program files (x86)/atmel/studio/7.0/toolchain/arm/arm-gnu-toolchain/bin/../lib/gcc/arm-none-eabi/6.3.1/../../../../arm-none-eabi/lib/thumb/v7e-m\libc.a(lib_a-exit.o) (_global_impure_ptr)
c:/program files (x86)/atmel/studio/7.0/toolchain/arm/arm-gnu-toolchain/bin/../lib/gcc/arm-none-eabi/6.3.1/../../../../arm-none-eabi/lib/thumb/v7e-m\libc.a(lib_a-init.o)
                              c:/program files (x86)/atmel/studio/7.0/toolchain/arm/arm-gnu-toolchain/bin/../lib/gcc/arm-none-eabi/6.3.1/../../../../arm-none-eabi/lib/thumb/v7e-m/crt0.o (__libc_init_array)
c:/program files (x86)/atmel/studio/7.0/toolchain/arm/arm-gnu-toolchain/bin/../lib/gcc/arm-none-eabi/6.3.1/../../../../arm-none-eabi/lib/thumb/v7e-m\libc.a(lib_a-memset.o)
                              c:/program files (x86)/atmel/studio/7.0/toolchain/arm/arm-gnu-toolchain/bin/../lib/gcc/arm-none-eabi/6.3.1/../../../../arm-none-eabi/lib/thumb/v7e-m/crt0.o (memset)
c:/program files (x86)/atmel/studio/7.0/toolchain/arm/arm-gnu-toolchain/bin/../lib/gcc/arm-none-eabi/6.3.1/../../../../arm-none-eabi/lib/thumb/v7e-m\libc.a(lib_a-__call_atexit.o)
                              c:/program files (x86)/atmel/studio/7.0/toolchain/arm/arm-gnu-toolchain/bin/../lib/gcc/arm-none-eabi/6.3.1/../../../../arm-none-eabi/lib/thumb/v7e-m\libc.a(lib_a-exit.o) (__call_exitprocs)
c:/program files (x86)/atmel/studio/7.0/toolchain/arm/arm-gnu-toolchain/bin/../lib/gcc/arm-none-eabi/6.3.1/../../../../arm-none-eabi/lib/thumb/v7e-m\libc.a(lib_a-atexit.o)
                              c:/program files (x86)/atmel/studio/7.0/toolchain/arm/arm-gnu-toolchain/bin/../lib/gcc/arm-none-eabi/6.3.1/../../../../arm-none-eabi/lib/thumb/v7e-m\libc.a(lib_a-__call_atexit.o) (atexit)
c:/program files (x86)/atmel/studio/7.0/toolchain/arm/arm-gnu-toolchain/bin/../lib/gcc/arm-none-eabi/6.3.1/../../../../arm-none-eabi/lib/thumb/v7e-m\libc.a(lib_a-fini.o)
                              c:/program files (x86)/atmel/studio/7.0/toolchain/arm/arm-gnu-toolchain/bin/../lib/gcc/arm-none-eabi/6.3.1/../../../../arm-none-eabi/lib/thumb/v7e-m\libc.a(lib_a-__call_atexit.o) (__libc_fini_array)
c:/program files (x86)/atmel/studio/7.0/toolchain/arm/arm-gnu-toolchain/bin/../lib/gcc/arm-none-eabi/6.3.1/../../../../arm-none-eabi/lib/thumb/v7e-m\libc.a(lib_a-lock.o)
                              c:/program files (x86)/atmel/studio/7.0/toolchain/arm/arm-gnu-toolchain/bin/../lib/gcc/arm-none-eabi/6.3.1/../../../../arm-none-eabi/lib/thumb/v7e-m\libc.a(lib_a-__call_atexit.o) (__retarget_lock_acquire_recursive)
c:/program files (x86)/atmel/studio/7.0/toolchain/arm/arm-gnu-toolchain/bin/../lib/gcc/arm-none-eabi/6.3.1/../../../../arm-none-eabi/lib/thumb/v7e-m\libc.a(lib_a-__atexit.o)
                              c:/program files (x86)/atmel/studio/7.0/toolchain/arm/arm-gnu-toolchain/bin/../lib/gcc/arm-none-eabi/6.3.1/../../../../arm-none-eabi/lib/thumb/v7e-m\libc.a(lib_a-atexit.o) (__register_exitproc)

Allocating common symbols
Common symbol       size              file

__lock___atexit_recursive_mutex
                    0x1               c:/program files (x86)/atmel/studio/7.0/toolchain/arm/arm-gnu-toolchain/bin/../lib/gcc/arm-none-eabi/6.3.1/../../../../arm-none-eabi/lib/thumb/v7e-m\libc.a(lib_a-lock.o)
__lock___arc4random_mutex
                    0x1               c:/program files (x86)/atmel/studio/7.0/toolchain/arm/arm-gnu-toolchain/bin/../lib/gcc/arm-none-eabi/6.3.1/../../../../arm-none-eabi/lib/thumb/v7e-m\libc.a(lib_a-lock.o)
g_pwm_channel_led   0x30              src/main.o
__lock___env_recursive_mutex
                    0x1               c:/program files (x86)/atmel/studio/7.0/toolchain/arm/arm-gnu-toolchain/bin/../lib/gcc/arm-none-eabi/6.3.1/../../../../arm-none-eabi/lib/thumb/v7e-m\libc.a(lib_a-lock.o)
__lock___sinit_recursive_mutex
                    0x1               c:/program files (x86)/atmel/studio/7.0/toolchain/arm/arm-gnu-toolchain/bin/../lib/gcc/arm-none-eabi/6.3.1/../../../../arm-none-eabi/lib/thumb/v7e-m\libc.a(lib_a-lock.o)
__lock___malloc_recursive_mutex
                    0x1               c:/program files (x86)/atmel/studio/7.0/toolchain/arm/arm-gnu-toolchain/bin/../lib/gcc/arm-none-eabi/6.3.1/../../../../arm-none-eabi/lib/thumb/v7e-m\libc.a(lib_a-lock.o)
pio_capture_enable_flag
                    0x4               src/ASF/sam/drivers/pio/pio.o
__lock___at_quick_exit_mutex
[...]
Memory Configuration

Name             Origin             Length             Attributes
rom              0x00400000         0x00080000         xr
ram              0x20000000         0x00020000         xrw
*default*        0x00000000         0xffffffff

Linker script and memory map

LOAD c:/program files (x86)/atmel/studio/7.0/toolchain/arm/arm-gnu-toolchain/bin/../lib/gcc/arm-none-eabi/6.3.1/thumb/v7e-m/crti.o
LOAD c:/program files (x86)/atmel/studio/7.0/toolchain/arm/arm-gnu-toolchain/bin/../lib/gcc/arm-none-eabi/6.3.1/thumb/v7e-m/crtbegin.o
LOAD c:/program files (x86)/atmel/studio/7.0/toolchain/arm/arm-gnu-toolchain/bin/../lib/gcc/arm-none-eabi/6.3.1/../../../../arm-none-eabi/lib/thumb/v7e-m/crt0.o
LOAD src/ASF/sam/drivers/matrix/matrix.o
LOAD src/ASF/sam/drivers/pio/pio_handler.o
LOAD src/ASF/common/services/delay/sam/cycle_counter.o
LOAD src/ASF/common/services/clock/sam4e/sysclk.o
LOAD src/ASF/sam/drivers/pio/pio.o
LOAD src/ASF/sam/drivers/pmc/pmc.o
LOAD src/ASF/sam/drivers/pwm/pwm.o
LOAD src/ASF/sam/drivers/pmc/sleep.o
LOAD src/ASF/common/boards/user_board/init.o
LOAD src/ASF/common/utils/interrupt/interrupt_sam_nvic.o
LOAD src/ASF/sam/utils/cmsis/sam4e/source/templates/exceptions.o
LOAD src/ASF/sam/utils/cmsis/sam4e/source/templates/gcc/startup_sam4e.o
LOAD src/ASF/sam/utils/cmsis/sam4e/source/templates/system_sam4e.o
LOAD src/ASF/sam/utils/syscalls/gcc/syscalls.o
LOAD src/main.o
START GROUP
LOAD ../src/ASF/thirdparty/CMSIS/Lib/GCC\libarm_cortexM4lf_math_softfp.a
LOAD c:/program files (x86)/atmel/studio/7.0/toolchain/arm/arm-gnu-toolchain/bin/../lib/gcc/arm-none-eabi/6.3.1/../../../../arm-none-eabi/lib/thumb/v7e-m\libm.a
END GROUP
START GROUP
LOAD c:/program files (x86)/atmel/studio/7.0/toolchain/arm/arm-gnu-toolchain/bin/../lib/gcc/arm-none-eabi/6.3.1/thumb/v7e-m\libgcc.a
LOAD c:/program files (x86)/atmel/studio/7.0/toolchain/arm/arm-gnu-toolchain/bin/../lib/gcc/arm-none-eabi/6.3.1/../../../../arm-none-eabi/lib/thumb/v7e-m\libc.a
END GROUP
LOAD c:/program files (x86)/atmel/studio/7.0/toolchain/arm/arm-gnu-toolchain/bin/../lib/gcc/arm-none-eabi/6.3.1/thumb/v7e-m/crtend.o
LOAD c:/program files (x86)/atmel/studio/7.0/toolchain/arm/arm-gnu-toolchain/bin/../lib/gcc/arm-none-eabi/6.3.1/thumb/v7e-m/crtn.o
                0x00003000                __stack_size__ = DEFINED (__stack_size__)?__stack_size__:0x3000
                0x2001fffc                __ram_end__ = ((ORIGIN (ram) + LENGTH (ram)) - 0x4)

.text           0x00400000      0xb2c
                0x00400000                . = ALIGN (0x4)
                0x00400000                _sfixed = .
 *(.vectors .vectors.*)
 .vectors       0x00400000       0xf8 src/ASF/sam/utils/cmsis/sam4e/source/templates/gcc/startup_sam4e.o
                0x00400000                exception_table
 *(.text .text.* .gnu.linkonce.t.*)
 .text          0x004000f8       0x6c c:/program files (x86)/atmel/studio/7.0/toolchain/arm/arm-gnu-toolchain/bin/../lib/gcc/arm-none-eabi/6.3.1/thumb/v7e-m/crtbegin.o
 .text.matrix_set_system_io
                0x00400164        0xc src/ASF/sam/drivers/matrix/matrix.o
                0x00400164                matrix_set_system_io
 .text.pio_handler_process
                0x00400170       0x68 src/ASF/sam/drivers/pio/pio_handler.o
                0x00400170                pio_handler_process
 .text.PIOA_Handler
                0x004001d8       0x14 src/ASF/sam/drivers/pio/pio_handler.o
                0x004001d8                PIOA_Handler
 .text.PIOB_Handler
                0x004001ec       0x14 src/ASF/sam/drivers/pio/pio_handler.o
                0x004001ec                PIOB_Handler
 .text.PIOD_Handler
                0x00400200       0x14 src/ASF/sam/drivers/pio/pio_handler.o
                0x00400200                PIOD_Handler
 .text.sysclk_init
                0x00400214       0x68 src/ASF/common/services/clock/sam4e/sysclk.o
                0x00400214                sysclk_init
 .text.pio_get_interrupt_status
                0x0040027c        0x4 src/ASF/sam/drivers/pio/pio.o
                0x0040027c                pio_get_interrupt_status
 .text.pio_get_interrupt_mask
                0x00400280        0x4 src/ASF/sam/drivers/pio/pio.o
                0x00400280                pio_get_interrupt_mask
 .text.pmc_switch_mck_to_pllack
                0x00400284       0x64 src/ASF/sam/drivers/pmc/pmc.o
                0x00400284                pmc_switch_mck_to_pllack
 .text.pmc_switch_mainck_to_xtal
                0x004002e8       0x54 src/ASF/sam/drivers/pmc/pmc.o
                0x004002e8                pmc_switch_mainck_to_xtal
 .text.pmc_osc_is_ready_mainck
                0x0040033c       0x10 src/ASF/sam/drivers/pmc/pmc.o
                0x0040033c                pmc_osc_is_ready_mainck
 .text.pmc_disable_pllack
                0x0040034c       0x10 src/ASF/sam/drivers/pmc/pmc.o
                0x0040034c                pmc_disable_pllack
 .text.pmc_is_locked_pllack
                0x0040035c       0x10 src/ASF/sam/drivers/pmc/pmc.o
                0x0040035c                pmc_is_locked_pllack
 .text.pmc_enable_periph_clk
                0x0040036c       0x54 src/ASF/sam/drivers/pmc/pmc.o
                0x0040036c                pmc_enable_periph_clk
 .text.pwm_clocks_generate
                0x004003c0       0x54 src/ASF/sam/drivers/pwm/pwm.o
 .text.pwm_init
                0x00400414       0x44 src/ASF/sam/drivers/pwm/pwm.o
                0x00400414                pwm_init
 .text.pwm_channel_init
                0x00400458      0x14a src/ASF/sam/drivers/pwm/pwm.o
                0x00400458                pwm_channel_init
 .text.pwm_channel_update_duty
                0x004005a2       0x1c src/ASF/sam/drivers/pwm/pwm.o
                0x004005a2                pwm_channel_update_duty
 .text.pwm_channel_enable
                0x004005be        0xa src/ASF/sam/drivers/pwm/pwm.o
                0x004005be                pwm_channel_enable
 .text.pwm_channel_disable
                0x004005c8        0xa src/ASF/sam/drivers/pwm/pwm.o
                0x004005c8                pwm_channel_disable
 *fill*         0x004005d2        0x2 
 .text.board_init
                0x004005d4       0x40 src/ASF/common/boards/user_board/init.o
                0x004005d4                board_init
 .text.Dummy_Handler
                0x00400614        0x2 src/ASF/sam/utils/cmsis/sam4e/source/templates/exceptions.o
                0x00400614                DACC_Handler
                0x00400614                DebugMon_Handler
                0x00400614                DMAC_Handler
                0x00400614                HardFault_Handler
                0x00400614                TC2_Handler
                0x00400614                SPI_Handler
                0x00400614                SysTick_Handler
                0x00400614                TWI1_Handler
                0x00400614                AFEC1_Handler
                0x00400614                PendSV_Handler
                0x00400614                NMI_Handler
                0x00400614                SMC_Handler
                0x00400614                USART0_Handler
                0x00400614                RTT_Handler
                0x00400614                RTC_Handler
                0x00400614                UsageFault_Handler
                0x00400614                WDT_Handler
                0x00400614                CAN0_Handler
                0x00400614                TC1_Handler
                0x00400614                HSMCI_Handler
                0x00400614                UART1_Handler
                0x00400614                ARM_Handler
                0x00400614                Dummy_Handler
                0x00400614                TWI0_Handler
                0x00400614                USART1_Handler
                0x00400614                AFEC0_Handler
                0x00400614                ACC_Handler
                0x00400614                PMC_Handler
                0x00400614                PWM_Handler
                0x00400614                GMAC_Handler
                0x00400614                MemManage_Handler
                0x00400614                SUPC_Handler
                0x00400614                SVC_Handler
                0x00400614                EFC_Handler
                0x00400614                UART0_Handler
                0x00400614                UDP_Handler
                0x00400614                BusFault_Handler
                0x00400614                RSTC_Handler
                0x00400614                TC0_Handler
                0x00400614                AES_Handler
 *fill*         0x00400616        0x2 
 .text.Reset_Handler
                0x00400618       0xc8 src/ASF/sam/utils/cmsis/sam4e/source/templates/gcc/startup_sam4e.o
                0x00400618                Reset_Handler
 .text.SystemCoreClockUpdate
                0x004006e0      0x10c src/ASF/sam/utils/cmsis/sam4e/source/templates/system_sam4e.o
                0x004006e0                SystemCoreClockUpdate
 .text.system_init_flash
                0x004007ec       0x74 src/ASF/sam/utils/cmsis/sam4e/source/templates/system_sam4e.o
                0x004007ec                system_init_flash
 .text.GPIO_Input_output
                0x00400860       0x5c src/main.o
                0x00400860                GPIO_Input_output
 .text.main     0x004008bc       0xac src/main.o
                0x004008bc                main
 .text.__libc_init_array
                0x00400968       0x50 c:/program files (x86)/atmel/studio/7.0/toolchain/arm/arm-gnu-toolchain/bin/../lib/gcc/arm-none-eabi/6.3.1/../../../../arm-none-eabi/lib/thumb/v7e-m\libc.a(lib_a-init.o)
                0x00400968                __libc_init_array
 .text.startup.register_fini
                0x004009b8       0x14 c:/program files (x86)/atmel/studio/7.0/toolchain/arm/arm-gnu-toolchain/bin/../lib/gcc/arm-none-eabi/6.3.1/../../../../arm-none-eabi/lib/thumb/v7e-m\libc.a(lib_a-__call_atexit.o)
 .text.atexit   0x004009cc        0xc c:/program files (x86)/atmel/studio/7.0/toolchain/arm/arm-gnu-toolchain/bin/../lib/gcc/arm-none-eabi/6.3.1/../../../../arm-none-eabi/lib/thumb/v7e-m\libc.a(lib_a-atexit.o)
                0x004009cc                atexit
 .text.__libc_fini_array
                0x004009d8       0x34 c:/program files (x86)/atmel/studio/7.0/toolchain/arm/arm-gnu-toolchain/bin/../lib/gcc/arm-none-eabi/6.3.1/../../../../arm-none-eabi/lib/thumb/v7e-m\libc.a(lib_a-fini.o)
                0x004009d8                __libc_fini_array
 .text.__retarget_lock_acquire_recursive
                0x00400a0c        0x4 c:/program files (x86)/atmel/studio/7.0/toolchain/arm/arm-gnu-toolchain/bin/../lib/gcc/arm-none-eabi/6.3.1/../../../../arm-none-eabi/lib/thumb/v7e-m\libc.a(lib_a-lock.o)
                0x00400a0c                __retarget_lock_acquire_recursive
 .text.__retarget_lock_release_recursive
                0x00400a10        0x4 c:/program files (x86)/atmel/studio/7.0/toolchain/arm/arm-gnu-toolchain/bin/../lib/gcc/arm-none-eabi/6.3.1/../../../../arm-none-eabi/lib/thumb/v7e-m\libc.a(lib_a-lock.o)
                0x00400a10                __retarget_lock_release_recursive
 .text.__register_exitproc
                0x00400a14       0xc4 c:/program files (x86)/atmel/studio/7.0/toolchain/arm/arm-gnu-toolchain/bin/../lib/gcc/arm-none-eabi/6.3.1/../../../../arm-none-eabi/lib/thumb/v7e-m\libc.a(lib_a-__atexit.o)
                0x00400a14                __register_exitproc
 *(.glue_7t)
 .glue_7t       0x00400ad8        0x0 linker stubs
 *(.glue_7)
 .glue_7        0x00400ad8        0x0 linker stubs
 *(.rodata .rodata* .gnu.linkonce.r.*)
 .rodata        0x00400ad8       0x2c src/ASF/sam/drivers/pwm/pwm.o
 .rodata._global_impure_ptr
                0x00400b04        0x4 c:/program files (x86)/atmel/studio/7.0/toolchain/arm/arm-gnu-toolchain/bin/../lib/gcc/arm-none-eabi/6.3.1/../../../../arm-none-eabi/lib/thumb/v7e-m\libc.a(lib_a-impure.o)
                0x00400b04                _global_impure_ptr
 *(.ARM.extab* .gnu.linkonce.armextab.*)
                0x00400b08                . = ALIGN (0x4)
 *(.init)
 .init          0x00400b08        0x4 c:/program files (x86)/atmel/studio/7.0/toolchain/arm/arm-gnu-toolchain/bin/../lib/gcc/arm-none-eabi/6.3.1/thumb/v7e-m/crti.o
                0x00400b08                _init
 .init          0x00400b0c        0x8 c:/program files (x86)/atmel/studio/7.0/toolchain/arm/arm-gnu-toolchain/bin/../lib/gcc/arm-none-eabi/6.3.1/thumb/v7e-m/crtn.o
                0x00400b14                . = ALIGN (0x4)
                0x00400b14                __preinit_array_start = .
 *(.preinit_array)
                0x00400b14                __preinit_array_end = .
                0x00400b14                . = ALIGN (0x4)
                0x00400b14                __init_array_start = .
 *(SORT(.init_array.*))
 .init_array.00000
                0x00400b14        0x4 c:/program files (x86)/atmel/studio/7.0/toolchain/arm/arm-gnu-toolchain/bin/../lib/gcc/arm-none-eabi/6.3.1/../../../../arm-none-eabi/lib/thumb/v7e-m\libc.a(lib_a-__call_atexit.o)
 *(.init_array)
 .init_array    0x00400b18        0x4 c:/program files (x86)/atmel/studio/7.0/toolchain/arm/arm-gnu-toolchain/bin/../lib/gcc/arm-none-eabi/6.3.1/thumb/v7e-m/crtbegin.o
                0x00400b1c                __init_array_end = .
                0x00400b1c                . = ALIGN (0x4)
 *crtbegin.o(.ctors)
 *(EXCLUDE_FILE(*crtend.o) .ctors)
 *(SORT(.ctors.*))
 *crtend.o(.ctors)
                0x00400b1c                . = ALIGN (0x4)
 *(.fini)
 .fini          0x00400b1c        0x4 c:/program files (x86)/atmel/studio/7.0/toolchain/arm/arm-gnu-toolchain/bin/../lib/gcc/arm-none-eabi/6.3.1/thumb/v7e-m/crti.o
                0x00400b1c                _fini
 .fini          0x00400b20        0x8 c:/program files (x86)/atmel/studio/7.0/toolchain/arm/arm-gnu-toolchain/bin/../lib/gcc/arm-none-eabi/6.3.1/thumb/v7e-m/crtn.o
                0x00400b28                . = ALIGN (0x4)
                0x00400b28                __fini_array_start = .
 *(.fini_array)
 .fini_array    0x00400b28        0x4 c:/program files (x86)/atmel/studio/7.0/toolchain/arm/arm-gnu-toolchain/bin/../lib/gcc/arm-none-eabi/6.3.1/thumb/v7e-m/crtbegin.o
 *(SORT(.fini_array.*))
                0x00400b2c                __fini_array_end = .
 *crtbegin.o(.dtors)
 *(EXCLUDE_FILE(*crtend.o) .dtors)
 *(SORT(.dtors.*))
 *crtend.o(.dtors)
                0x00400b2c                . = ALIGN (0x4)
                0x00400b2c                _efixed = .
                [!provide]                PROVIDE (__exidx_start, .)

.vfp11_veneer   0x00400b2c        0x0
 .vfp11_veneer  0x00400b2c        0x0 linker stubs

.v4_bx          0x00400b2c        0x0
 .v4_bx         0x00400b2c        0x0 linker stubs

.iplt           0x00400b2c        0x0
 .iplt          0x00400b2c        0x0 c:/program files (x86)/atmel/studio/7.0/toolchain/arm/arm-gnu-toolchain/bin/../lib/gcc/arm-none-eabi/6.3.1/thumb/v7e-m/crtbegin.o

.eh_frame       0x00400b2c        0x0
 .eh_frame      0x00400b2c        0x0 c:/program files (x86)/atmel/studio/7.0/toolchain/arm/arm-gnu-toolchain/bin/../lib/gcc/arm-none-eabi/6.3.1/thumb/v7e-m/crtbegin.o

.rel.dyn        0x00400b2c        0x0
 .rel.iplt      0x00400b2c        0x0 c:/program files (x86)/atmel/studio/7.0/toolchain/arm/arm-gnu-toolchain/bin/../lib/gcc/arm-none-eabi/6.3.1/thumb/v7e-m/crtbegin.o

.jcr            0x00400b2c        0x0
 .jcr           0x00400b2c        0x0 c:/program files (x86)/atmel/studio/7.0/toolchain/arm/arm-gnu-toolchain/bin/../lib/gcc/arm-none-eabi/6.3.1/thumb/v7e-m/crtbegin.o

.igot.plt       0x00400b2c        0x0
 .igot.plt      0x00400b2c        0x0 c:/program files (x86)/atmel/studio/7.0/toolchain/arm/arm-gnu-toolchain/bin/../lib/gcc/arm-none-eabi/6.3.1/thumb/v7e-m/crtbegin.o

.ARM.exidx
 *(.ARM.exidx* .gnu.linkonce.armexidx.*)
                [!provide]                PROVIDE (__exidx_end, .)
                0x00400b2c                . = ALIGN (0x4)
                0x00400b2c                _etext = .

.relocate       0x20000000      0x434 load address 0x00400b2c
                0x20000000                . = ALIGN (0x4)
                0x20000000                _srelocate = .
 *(.ramfunc .ramfunc.*)
 *(.data .data.*)
 .data.g_interrupt_enabled
                0x20000000        0x1 src/ASF/common/utils/interrupt/interrupt_sam_nvic.o
                0x20000000                g_interrupt_enabled
 *fill*         0x20000001        0x3 
 .data.SystemCoreClock
                0x20000004        0x4 src/ASF/sam/utils/cmsis/sam4e/source/templates/system_sam4e.o
                0x20000004                SystemCoreClock
 .data.impure_data
                0x20000008      0x428 c:/program files (x86)/atmel/studio/7.0/toolchain/arm/arm-gnu-toolchain/bin/../lib/gcc/arm-none-eabi/6.3.1/../../../../arm-none-eabi/lib/thumb/v7e-m\libc.a(lib_a-impure.o)
 .data.__atexit_recursive_mutex
                0x20000430        0x4 c:/program files (x86)/atmel/studio/7.0/toolchain/arm/arm-gnu-toolchain/bin/../lib/gcc/arm-none-eabi/6.3.1/../../../../arm-none-eabi/lib/thumb/v7e-m\libc.a(lib_a-__call_atexit.o)
                0x20000430                __atexit_recursive_mutex
                0x20000434                . = ALIGN (0x4)
                0x20000434                _erelocate = .

.bss            0x20000434       0xe8 load address 0x00400f60
                0x20000434                . = ALIGN (0x4)
                0x20000434                _sbss = .
                0x20000434                _szero = .
 *(.bss .bss.*)
 .bss           0x20000434       0x1c c:/program files (x86)/atmel/studio/7.0/toolchain/arm/arm-gnu-toolchain/bin/../lib/gcc/arm-none-eabi/6.3.1/thumb/v7e-m/crtbegin.o
 .bss.gs_interrupt_sources
                0x20000450       0x70 src/ASF/sam/drivers/pio/pio_handler.o
 .bss.pio_capture_handler
                0x200004c0        0x4 src/ASF/sam/drivers/pio/pio_handler.o
 *(COMMON)
 COMMON         0x200004c4        0x4 src/ASF/sam/drivers/pio/pio.o
                0x200004c4                pio_capture_enable_flag
 COMMON         0x200004c8       0x30 src/main.o
                0x200004c8                g_pwm_channel_led
 COMMON         0x200004f8       0x21 c:/program files (x86)/atmel/studio/7.0/toolchain/arm/arm-gnu-toolchain/bin/../lib/gcc/arm-none-eabi/6.3.1/../../../../arm-none-eabi/lib/thumb/v7e-m\libc.a(lib_a-lock.o)
                0x200004f8                __lock___atexit_recursive_mutex
                0x200004fc                __lock___arc4random_mutex
                0x20000500                __lock___env_recursive_mutex
                0x20000504                __lock___sinit_recursive_mutex
                0x20000508                __lock___malloc_recursive_mutex
                0x2000050c                __lock___at_quick_exit_mutex
                0x20000510                __lock___dd_hash_mutex
                0x20000514                __lock___tz_mutex
                0x20000518                __lock___sfp_recursive_mutex
                0x2000051c                . = ALIGN (0x4)
 *fill*         0x20000519        0x3 
                0x2000051c                _ebss = .
                0x2000051c                _ezero = .

.stack          0x2000051c     0x3004 load address 0x00401048
                0x20000520                . = ALIGN (0x8)
 *fill*         0x2000051c        0x4 
                0x20000520                _sstack = .
                0x20003520                . = (. + __stack_size__)
 *fill*         0x20000520     0x3000 
                0x20003520                . = ALIGN (0x8)
                0x20003520                _estack = .
                0x20003520                . = ALIGN (0x4)
                0x20003520                _end = .
OUTPUT(PWM_TEST.elf elf32-littlearm)

.ARM.attributes
                0x00000000       0x2e
 .ARM.attributes
                0x00000000       0x1e c:/program files (x86)/atmel/studio/7.0/toolchain/arm/arm-gnu-toolchain/bin/../lib/gcc/arm-none-eabi/6.3.1/thumb/v7e-m/crti.o
 .ARM.attributes
                0x0000001e       0x2e c:/program files (x86)/atmel/studio/7.0/toolchain/arm/arm-gnu-toolchain/bin/../lib/gcc/arm-none-eabi/6.3.1/thumb/v7e-m/crtbegin.o
 .ARM.attributes
                0x0000004c       0x37 src/ASF/sam/drivers/matrix/matrix.o
 .ARM.attributes
                0x00000083       0x37 src/ASF/sam/drivers/pio/pio_handler.o
 .ARM.attributes
                0x000000ba       0x37 src/ASF/common/services/clock/sam4e/sysclk.o
 .ARM.attributes
                0x000000f1       0x37 src/ASF/sam/drivers/pio/pio.o
 .ARM.attributes
                0x00000128       0x37 src/ASF/sam/drivers/pmc/pmc.o
 .ARM.attributes
                0x0000015f       0x37 src/ASF/sam/drivers/pwm/pwm.o
 .ARM.attributes
                0x00000196       0x37 src/ASF/common/boards/user_board/init.o
 .ARM.attributes
                0x000001cd       0x37 src/ASF/common/utils/interrupt/interrupt_sam_nvic.o
 .ARM.attributes
                0x00000204       0x37 src/ASF/sam/utils/cmsis/sam4e/source/templates/exceptions.o
 .ARM.attributes
                0x0000023b       0x37 src/ASF/sam/utils/cmsis/sam4e/source/templates/gcc/startup_sam4e.o
 .ARM.attributes
                0x00000272       0x37 src/ASF/sam/utils/cmsis/sam4e/source/templates/system_sam4e.o
 .ARM.attributes
                0x000002a9       0x37 src/main.o
 .ARM.attributes
                0x000002e0       0x2e c:/program files (x86)/atmel/studio/7.0/toolchain/arm/arm-gnu-toolchain/bin/../lib/gcc/arm-none-eabi/6.3.1/../../../../arm-none-eabi/lib/thumb/v7e-m\libc.a(lib_a-impure.o)
 .ARM.attributes
                0x0000030e       0x2e c:/program files (x86)/atmel/studio/7.0/toolchain/arm/arm-gnu-toolchain/bin/../lib/gcc/arm-none-eabi/6.3.1/../../../../arm-none-eabi/lib/thumb/v7e-m\libc.a(lib_a-init.o)
 .ARM.attributes
                0x0000033c       0x2e c:/program files (x86)/atmel/studio/7.0/toolchain/arm/arm-gnu-toolchain/bin/../lib/gcc/arm-none-eabi/6.3.1/../../../../arm-none-eabi/lib/thumb/v7e-m\libc.a(lib_a-__call_atexit.o)
 .ARM.attributes
                0x0000036a       0x2e c:/program files (x86)/atmel/studio/7.0/toolchain/arm/arm-gnu-toolchain/bin/../lib/gcc/arm-none-eabi/6.3.1/../../../../arm-none-eabi/lib/thumb/v7e-m\libc.a(lib_a-atexit.o)
 .ARM.attributes
                0x00000398       0x2e c:/program files (x86)/atmel/studio/7.0/toolchain/arm/arm-gnu-toolchain/bin/../lib/gcc/arm-none-eabi/6.3.1/../../../../arm-none-eabi/lib/thumb/v7e-m\libc.a(lib_a-fini.o)
 .ARM.attributes
                0x000003c6       0x2e c:/program files (x86)/atmel/studio/7.0/toolchain/arm/arm-gnu-toolchain/bin/../lib/gcc/arm-none-eabi/6.3.1/../../../../arm-none-eabi/lib/thumb/v7e-m\libc.a(lib_a-lock.o)
 .ARM.attributes
                0x000003f4       0x2e c:/program files (x86)/atmel/studio/7.0/toolchain/arm/arm-gnu-toolchain/bin/../lib/gcc/arm-none-eabi/6.3.1/../../../../arm-none-eabi/lib/thumb/v7e-m\libc.a(lib_a-__atexit.o)
 .ARM.attributes
                0x00000422       0x1e c:/program files (x86)/atmel/studio/7.0/toolchain/arm/arm-gnu-toolchain/bin/../lib/gcc/arm-none-eabi/6.3.1/thumb/v7e-m/crtn.o

.comment        0x00000000       0x59
 .comment       0x00000000       0x59 src/ASF/sam/drivers/matrix/matrix.o
                                 0x5a (size before relaxing)
 .comment       0x00000059       0x5a src/ASF/sam/drivers/pio/pio_handler.o
 .comment       0x00000059       0x5a src/ASF/common/services/clock/sam4e/sysclk.o
 .comment       0x00000059       0x5a src/ASF/sam/drivers/pio/pio.o
 .comment       0x00000059       0x5a src/ASF/sam/drivers/pmc/pmc.o
 .comment       0x00000059       0x5a src/ASF/sam/drivers/pwm/pwm.o
 .comment       0x00000059       0x5a src/ASF/common/boards/user_board/init.o
 .comment       0x00000059       0x5a src/ASF/common/utils/interrupt/interrupt_sam_nvic.o
 .comment       0x00000059       0x5a src/ASF/sam/utils/cmsis/sam4e/source/templates/exceptions.o
 .comment       0x00000059       0x5a src/ASF/sam/utils/cmsis/sam4e/source/templates/gcc/startup_sam4e.o
 .comment       0x00000059       0x5a src/ASF/sam/utils/cmsis/sam4e/source/templates/system_sam4e.o
 .comment       0x00000059       0x5a src/main.o

.debug_info     0x00000000     0xed23
 .debug_info    0x00000000     0x1217 src/ASF/sam/drivers/matrix/matrix.o
 .debug_info    0x00001217     0x1952 src/ASF/sam/drivers/pio/pio_handler.o
 .debug_info    0x00002b69     0x12b0 src/ASF/common/services/clock/sam4e/sysclk.o
 .debug_info    0x00003e19     0x2255 src/ASF/sam/drivers/pio/pio.o
 .debug_info    0x0000606e     0x18b1 src/ASF/sam/drivers/pmc/pmc.o
 .debug_info    0x0000791f     0x1ff6 src/ASF/sam/drivers/pwm/pwm.o
 .debug_info    0x00009915     0x1298 src/ASF/common/boards/user_board/init.o
 .debug_info    0x0000abad      0xaff src/ASF/common/utils/interrupt/interrupt_sam_nvic.o
 .debug_info    0x0000b6ac       0xdc src/ASF/sam/utils/cmsis/sam4e/source/templates/exceptions.o
 .debug_info    0x0000b788     0x1240 src/ASF/sam/utils/cmsis/sam4e/source/templates/gcc/startup_sam4e.o
 .debug_info    0x0000c9c8      0x495 src/ASF/sam/utils/cmsis/sam4e/source/templates/system_sam4e.o
 .debug_info    0x0000ce5d     0x1ec6 src/main.o

.debug_abbrev   0x00000000     0x1fc5
 .debug_abbrev  0x00000000      0x2b6 src/ASF/sam/drivers/matrix/matrix.o
 .debug_abbrev  0x000002b6      0x37f src/ASF/sam/drivers/pio/pio_handler.o
 .debug_abbrev  0x00000635      0x32c src/ASF/common/services/clock/sam4e/sysclk.o
 .debug_abbrev  0x00000961      0x3ff src/ASF/sam/drivers/pio/pio.o
 .debug_abbrev  0x00000d60      0x315 src/ASF/sam/drivers/pmc/pmc.o
 .debug_abbrev  0x00001075      0x324 src/ASF/sam/drivers/pwm/pwm.o
 .debug_abbrev  0x00001399      0x2a1 src/ASF/common/boards/user_board/init.o
 .debug_abbrev  0x0000163a      0x221 src/ASF/common/utils/interrupt/interrupt_sam_nvic.o
 .debug_abbrev  0x0000185b       0x7d src/ASF/sam/utils/cmsis/sam4e/source/templates/exceptions.o
 .debug_abbrev  0x000018d8      0x2bd src/ASF/sam/utils/cmsis/sam4e/source/templates/gcc/startup_sam4e.o
 .debug_abbrev  0x00001b95      0x102 src/ASF/sam/utils/cmsis/sam4e/source/templates/system_sam4e.o
 .debug_abbrev  0x00001c97      0x32e src/main.o

.debug_loc      0x00000000     0x3320
 .debug_loc     0x00000000      0x388 src/ASF/sam/drivers/matrix/matrix.o
 .debug_loc     0x00000388      0x551 src/ASF/sam/drivers/pio/pio_handler.o
 .debug_loc     0x000008d9      0x1c0 src/ASF/common/services/clock/sam4e/sysclk.o
 .debug_loc     0x00000a99      0xdef src/ASF/sam/drivers/pio/pio.o
 .debug_loc     0x00001888      0x9c6 src/ASF/sam/drivers/pmc/pmc.o
 .debug_loc     0x0000224e      0xd71 src/ASF/sam/drivers/pwm/pwm.o
 .debug_loc     0x00002fbf       0x9a src/ASF/common/boards/user_board/init.o
 .debug_loc     0x00003059       0x77 src/ASF/sam/utils/cmsis/sam4e/source/templates/gcc/startup_sam4e.o
 .debug_loc     0x000030d0      0x250 src/main.o

.debug_aranges  0x00000000      0x708
 .debug_aranges
                0x00000000       0xa8 src/ASF/sam/drivers/matrix/matrix.o
 .debug_aranges
                0x000000a8       0x58 src/ASF/sam/drivers/pio/pio_handler.o
 .debug_aranges
                0x00000100       0x40 src/ASF/common/services/clock/sam4e/sysclk.o
 .debug_aranges
                0x00000140      0x1a8 src/ASF/sam/drivers/pio/pio.o
 .debug_aranges
                0x000002e8      0x1d8 src/ASF/sam/drivers/pmc/pmc.o
 .debug_aranges
                0x000004c0      0x168 src/ASF/sam/drivers/pwm/pwm.o
 .debug_aranges
                0x00000628       0x20 src/ASF/common/boards/user_board/init.o
 .debug_aranges
                0x00000648       0x28 src/ASF/common/utils/interrupt/interrupt_sam_nvic.o
 .debug_aranges
                0x00000670       0x20 src/ASF/sam/utils/cmsis/sam4e/source/templates/exceptions.o
 .debug_aranges
                0x00000690       0x20 src/ASF/sam/utils/cmsis/sam4e/source/templates/gcc/startup_sam4e.o
 .debug_aranges
                0x000006b0       0x30 src/ASF/sam/utils/cmsis/sam4e/source/templates/system_sam4e.o
 .debug_aranges
                0x000006e0       0x28 src/main.o

.debug_ranges   0x00000000      0x678
 .debug_ranges  0x00000000       0x98 src/ASF/sam/drivers/matrix/matrix.o
 .debug_ranges  0x00000098       0x60 src/ASF/sam/drivers/pio/pio_handler.o
 .debug_ranges  0x000000f8       0x30 src/ASF/common/services/clock/sam4e/sysclk.o
 .debug_ranges  0x00000128      0x1b0 src/ASF/sam/drivers/pio/pio.o
 .debug_ranges  0x000002d8      0x1c8 src/ASF/sam/drivers/pmc/pmc.o
 .debug_ranges  0x000004a0      0x158 src/ASF/sam/drivers/pwm/pwm.o
 .debug_ranges  0x000005f8       0x10 src/ASF/common/boards/user_board/init.o
 .debug_ranges  0x00000608       0x18 src/ASF/common/utils/interrupt/interrupt_sam_nvic.o
 .debug_ranges  0x00000620       0x10 src/ASF/sam/utils/cmsis/sam4e/source/templates/exceptions.o
 .debug_ranges  0x00000630       0x10 src/ASF/sam/utils/cmsis/sam4e/source/templates/gcc/startup_sam4e.o
 .debug_ranges  0x00000640       0x20 src/ASF/sam/utils/cmsis/sam4e/source/templates/system_sam4e.o
 .debug_ranges  0x00000660       0x18 src/main.o

.debug_macro    0x00000000    0x145f1
 .debug_macro   0x00000000      0x561 src/ASF/sam/drivers/matrix/matrix.o
 .debug_macro   0x00000561      0x8c8 src/ASF/sam/drivers/matrix/matrix.o
 .debug_macro   0x00000e29      0x16d src/ASF/sam/drivers/matrix/matrix.o
 .debug_macro   0x00000f96      0x71d src/ASF/sam/drivers/matrix/matrix.o
 .debug_macro   0x000016b3       0x76 src/ASF/sam/drivers/matrix/matrix.o
 .debug_macro   0x00001729       0x16 src/ASF/sam/drivers/matrix/matrix.o
 .debug_macro   0x0000173f      0x6da src/ASF/sam/drivers/matrix/matrix.o
 .debug_macro   0x00001e19       0x22 src/ASF/sam/drivers/matrix/matrix.o
 .debug_macro   0x00001e3b       0x87 src/ASF/sam/drivers/matrix/matrix.o
 .debug_macro   0x00001ec2       0x51 src/ASF/sam/drivers/matrix/matrix.o
 .debug_macro   0x00001f13       0xef src/ASF/sam/drivers/matrix/matrix.o
 .debug_macro   0x00002002       0x6a src/ASF/sam/drivers/matrix/matrix.o
 .debug_macro   0x0000206c      0x1df src/ASF/sam/drivers/matrix/matrix.o
 .debug_macro   0x0000224b       0x27 src/ASF/sam/drivers/matrix/matrix.o
 .debug_macro   0x00002272       0x1c src/ASF/sam/drivers/matrix/matrix.o
 .debug_macro   0x0000228e       0x22 src/ASF/sam/drivers/matrix/matrix.o
 .debug_macro   0x000022b0       0xdf src/ASF/sam/drivers/matrix/matrix.o
 .debug_macro   0x0000238f     0x102d src/ASF/sam/drivers/matrix/matrix.o
 .debug_macro   0x000033bc      0x11f src/ASF/sam/drivers/matrix/matrix.o
 .debug_macro   0x000034db      0x154 src/ASF/sam/drivers/matrix/matrix.o
 .debug_macro   0x0000362f      0x18f src/ASF/sam/drivers/matrix/matrix.o
 .debug_macro   0x000037be      0xbec src/ASF/sam/drivers/matrix/matrix.o
 .debug_macro   0x000043aa      0x535 src/ASF/sam/drivers/matrix/matrix.o
 .debug_macro   0x000048df      0x196 src/ASF/sam/drivers/matrix/matrix.o
 .debug_macro   0x00004a75      0x11e src/ASF/sam/drivers/matrix/matrix.o
 .debug_macro   0x00004b93      0x428 src/ASF/sam/drivers/matrix/matrix.o
 .debug_macro   0x00004fbb      0x541 src/ASF/sam/drivers/matrix/matrix.o
 .debug_macro   0x000054fc      0x106 src/ASF/sam/drivers/matrix/matrix.o
 .debug_macro   0x00005602      0xa74 src/ASF/sam/drivers/matrix/matrix.o
 .debug_macro   0x00006076       0x1c src/ASF/sam/drivers/matrix/matrix.o
 .debug_macro   0x00006092      0x735 src/ASF/sam/drivers/matrix/matrix.o
 .debug_macro   0x000067c7      0x44d src/ASF/sam/drivers/matrix/matrix.o
 .debug_macro   0x00006c14       0xbe src/ASF/sam/drivers/matrix/matrix.o
 .debug_macro   0x00006cd2     0x28b1 src/ASF/sam/drivers/matrix/matrix.o
 .debug_macro   0x00009583      0x834 src/ASF/sam/drivers/matrix/matrix.o
 .debug_macro   0x00009db7      0xb28 src/ASF/sam/drivers/matrix/matrix.o
 .debug_macro   0x0000a8df       0x9a src/ASF/sam/drivers/matrix/matrix.o
 .debug_macro   0x0000a979       0x76 src/ASF/sam/drivers/matrix/matrix.o
 .debug_macro   0x0000a9ef      0x3cf src/ASF/sam/drivers/matrix/matrix.o
 .debug_macro   0x0000adbe       0x64 src/ASF/sam/drivers/matrix/matrix.o
 .debug_macro   0x0000ae22      0x37c src/ASF/sam/drivers/matrix/matrix.o
 .debug_macro   0x0000b19e      0x6fd src/ASF/sam/drivers/matrix/matrix.o
 .debug_macro   0x0000b89b      0x6f4 src/ASF/sam/drivers/matrix/matrix.o
 .debug_macro   0x0000bf8f      0x377 src/ASF/sam/drivers/matrix/matrix.o
 .debug_macro   0x0000c306      0x2a1 src/ASF/sam/drivers/matrix/matrix.o
 .debug_macro   0x0000c5a7      0x2cd src/ASF/sam/drivers/matrix/matrix.o
 .debug_macro   0x0000c874      0x6b2 src/ASF/sam/drivers/matrix/matrix.o
 .debug_macro   0x0000cf26       0x76 src/ASF/sam/drivers/matrix/matrix.o
 .debug_macro   0x0000cf9c      0x2e9 src/ASF/sam/drivers/matrix/matrix.o
 .debug_macro   0x0000d285       0x46 src/ASF/sam/drivers/matrix/matrix.o
 .debug_macro   0x0000d2cb      0x21b src/ASF/sam/drivers/matrix/matrix.o
 .debug_macro   0x0000d4e6      0x287 src/ASF/sam/drivers/matrix/matrix.o
 .debug_macro   0x0000d76d       0x82 src/ASF/sam/drivers/matrix/matrix.o
 .debug_macro   0x0000d7ef       0xb8 src/ASF/sam/drivers/matrix/matrix.o
 .debug_macro   0x0000d8a7       0x52 src/ASF/sam/drivers/matrix/matrix.o
 .debug_macro   0x0000d8f9       0x88 src/ASF/sam/drivers/matrix/matrix.o
 .debug_macro   0x0000d981      0x1bb src/ASF/sam/drivers/matrix/matrix.o
 .debug_macro   0x0000db3c       0xac src/ASF/sam/drivers/matrix/matrix.o
 .debug_macro   0x0000dbe8       0xac src/ASF/sam/drivers/matrix/matrix.o
 .debug_macro   0x0000dc94       0x94 src/ASF/sam/drivers/matrix/matrix.o
 .debug_macro   0x0000dd28       0x94 src/ASF/sam/drivers/matrix/matrix.o
 .debug_macro   0x0000ddbc       0xdc src/ASF/sam/drivers/matrix/matrix.o
 .debug_macro   0x0000de98       0xdc src/ASF/sam/drivers/matrix/matrix.o
 .debug_macro   0x0000df74       0x7c src/ASF/sam/drivers/matrix/matrix.o
 .debug_macro   0x0000dff0       0x40 src/ASF/sam/drivers/matrix/matrix.o
 .debug_macro   0x0000e030       0xee src/ASF/sam/drivers/matrix/matrix.o
 .debug_macro   0x0000e11e       0x46 src/ASF/sam/drivers/matrix/matrix.o
 .debug_macro   0x0000e164       0x58 src/ASF/sam/drivers/matrix/matrix.o
 .debug_macro   0x0000e1bc       0xa6 src/ASF/sam/drivers/matrix/matrix.o
 .debug_macro   0x0000e262       0x82 src/ASF/sam/drivers/matrix/matrix.o
 .debug_macro   0x0000e2e4       0x16 src/ASF/sam/drivers/matrix/matrix.o
 .debug_macro   0x0000e2fa       0x22 src/ASF/sam/drivers/matrix/matrix.o
 .debug_macro   0x0000e31c      0x193 src/ASF/sam/drivers/matrix/matrix.o
 .debug_macro   0x0000e4af      0x163 src/ASF/sam/drivers/matrix/matrix.o
 .debug_macro   0x0000e612      0x163 src/ASF/sam/drivers/matrix/matrix.o
 .debug_macro   0x0000e775       0x1c src/ASF/sam/drivers/matrix/matrix.o
 .debug_macro   0x0000e791       0x2e src/ASF/sam/drivers/matrix/matrix.o
 .debug_macro   0x0000e7bf       0x22 src/ASF/sam/drivers/matrix/matrix.o
 .debug_macro   0x0000e7e1       0x1c src/ASF/sam/drivers/matrix/matrix.o
 .debug_macro   0x0000e7fd       0x52 src/ASF/sam/drivers/matrix/matrix.o
 .debug_macro   0x0000e84f       0x10 src/ASF/sam/drivers/matrix/matrix.o
 .debug_macro   0x0000e85f       0x1c src/ASF/sam/drivers/matrix/matrix.o
 .debug_macro   0x0000e87b      0x23b src/ASF/sam/drivers/matrix/matrix.o
 .debug_macro   0x0000eab6      0x8a9 src/ASF/sam/drivers/matrix/matrix.o
 .debug_macro   0x0000f35f      0x10e src/ASF/sam/drivers/matrix/matrix.o
 .debug_macro   0x0000f46d       0x58 src/ASF/sam/drivers/matrix/matrix.o
 .debug_macro   0x0000f4c5       0x35 src/ASF/sam/drivers/matrix/matrix.o
 .debug_macro   0x0000f4fa       0x9c src/ASF/sam/drivers/matrix/matrix.o
 .debug_macro   0x0000f596       0x16 src/ASF/sam/drivers/matrix/matrix.o
 .debug_macro   0x0000f5ac       0x35 src/ASF/sam/drivers/matrix/matrix.o
 .debug_macro   0x0000f5e1      0x34d src/ASF/sam/drivers/matrix/matrix.o
 .debug_macro   0x0000f92e       0x10 src/ASF/sam/drivers/matrix/matrix.o
 .debug_macro   0x0000f93e       0x58 src/ASF/sam/drivers/matrix/matrix.o
 .debug_macro   0x0000f996       0x1f src/ASF/sam/drivers/matrix/matrix.o
 .debug_macro   0x0000f9b5       0x43 src/ASF/sam/drivers/matrix/matrix.o
 .debug_macro   0x0000f9f8       0x20 src/ASF/sam/drivers/matrix/matrix.o
 .debug_macro   0x0000fa18      0x187 src/ASF/sam/drivers/matrix/matrix.o
 .debug_macro   0x0000fb9f       0x10 src/ASF/sam/drivers/matrix/matrix.o
 .debug_macro   0x0000fbaf       0x1c src/ASF/sam/drivers/matrix/matrix.o
 .debug_macro   0x0000fbcb       0x52 src/ASF/sam/drivers/matrix/matrix.o
 .debug_macro   0x0000fc1d       0x40 src/ASF/sam/drivers/matrix/matrix.o
 .debug_macro   0x0000fc5d       0x10 src/ASF/sam/drivers/matrix/matrix.o
 .debug_macro   0x0000fc6d       0x40 src/ASF/sam/drivers/matrix/matrix.o
 .debug_macro   0x0000fcad       0xd7 src/ASF/sam/drivers/matrix/matrix.o
 .debug_macro   0x0000fd84       0x16 src/ASF/sam/drivers/matrix/matrix.o
 .debug_macro   0x0000fd9a      0x18b src/ASF/sam/drivers/matrix/matrix.o
 .debug_macro   0x0000ff25       0x22 src/ASF/sam/drivers/matrix/matrix.o
 .debug_macro   0x0000ff47       0x16 src/ASF/sam/drivers/matrix/matrix.o
 .debug_macro   0x0000ff5d       0x16 src/ASF/sam/drivers/matrix/matrix.o
 .debug_macro   0x0000ff73       0x29 src/ASF/sam/drivers/matrix/matrix.o
 .debug_macro   0x0000ff9c       0x73 src/ASF/sam/drivers/matrix/matrix.o
 .debug_macro   0x0001000f       0x3e src/ASF/sam/drivers/matrix/matrix.o
 .debug_macro   0x0001004d      0x3ca src/ASF/sam/drivers/matrix/matrix.o
 .debug_macro   0x00010417      0x576 src/ASF/sam/drivers/pio/pio_handler.o
 .debug_macro   0x0001098d       0x8e src/ASF/sam/drivers/pio/pio_handler.o
 .debug_macro   0x00010a1b      0x5d1 src/ASF/common/services/clock/sam4e/sysclk.o
 .debug_macro   0x00010fec       0x34 src/ASF/common/services/clock/sam4e/sysclk.o
 .debug_macro   0x00011020      0x2d9 src/ASF/common/services/clock/sam4e/sysclk.o
 .debug_macro   0x000112f9       0x46 src/ASF/common/services/clock/sam4e/sysclk.o
 .debug_macro   0x0001133f       0x58 src/ASF/common/services/clock/sam4e/sysclk.o
 .debug_macro   0x00011397       0x82 src/ASF/common/services/clock/sam4e/sysclk.o
 .debug_macro   0x00011419       0x40 src/ASF/common/services/clock/sam4e/sysclk.o
 .debug_macro   0x00011459       0x82 src/ASF/common/services/clock/sam4e/sysclk.o
 .debug_macro   0x000114db      0x56c src/ASF/sam/drivers/pio/pio.o
 .debug_macro   0x00011a47      0x56c src/ASF/sam/drivers/pmc/pmc.o
 .debug_macro   0x00011fb3       0x52 src/ASF/sam/drivers/pmc/pmc.o
 .debug_macro   0x00012005      0x573 src/ASF/sam/drivers/pwm/pwm.o
 .debug_macro   0x00012578      0x686 src/ASF/common/boards/user_board/init.o
 .debug_macro   0x00012bfe       0x28 src/ASF/common/boards/user_board/init.o
 .debug_macro   0x00012c26       0x22 src/ASF/common/boards/user_board/init.o
 .debug_macro   0x00012c48       0x94 src/ASF/common/boards/user_board/init.o
 .debug_macro   0x00012cdc       0x40 src/ASF/common/boards/user_board/init.o
 .debug_macro   0x00012d1c       0x88 src/ASF/common/boards/user_board/init.o
 .debug_macro   0x00012da4       0x10 src/ASF/common/boards/user_board/init.o
 .debug_macro   0x00012db4       0x16 src/ASF/common/boards/user_board/init.o
 .debug_macro   0x00012dca      0x557 src/ASF/common/utils/interrupt/interrupt_sam_nvic.o
 .debug_macro   0x00013321      0x35e src/ASF/sam/utils/cmsis/sam4e/source/templates/exceptions.o
 .debug_macro   0x0001367f      0x570 src/ASF/sam/utils/cmsis/sam4e/source/templates/gcc/startup_sam4e.o
 .debug_macro   0x00013bef       0x10 src/ASF/sam/utils/cmsis/sam4e/source/templates/gcc/startup_sam4e.o
 .debug_macro   0x00013bff      0x36c src/ASF/sam/utils/cmsis/sam4e/source/templates/system_sam4e.o
 .debug_macro   0x00013f6b      0x686 src/main.o

.debug_line     0x00000000     0x7d72
 .debug_line    0x00000000      0xa13 src/ASF/sam/drivers/matrix/matrix.o
 .debug_line    0x00000a13      0x9ad src/ASF/sam/drivers/pio/pio_handler.o
 .debug_line    0x000013c0      0xa62 src/ASF/common/services/clock/sam4e/sysclk.o
 .debug_line    0x00001e22      0xd86 src/ASF/sam/drivers/pio/pio.o
 .debug_line    0x00002ba8      0xde5 src/ASF/sam/drivers/pmc/pmc.o
 .debug_line    0x0000398d      0xc77 src/ASF/sam/drivers/pwm/pwm.o
 .debug_line    0x00004604      0xbee src/ASF/common/boards/user_board/init.o
 .debug_line    0x000051f2      0x8ec src/ASF/common/utils/interrupt/interrupt_sam_nvic.o
 .debug_line    0x00005ade      0x653 src/ASF/sam/utils/cmsis/sam4e/source/templates/exceptions.o
 .debug_line    0x00006131      0x95a src/ASF/sam/utils/cmsis/sam4e/source/templates/gcc/startup_sam4e.o
 .debug_line    0x00006a8b      0x6d6 src/ASF/sam/utils/cmsis/sam4e/source/templates/system_sam4e.o
 .debug_line    0x00007161      0xc11 src/main.o

.debug_str      0x00000000    0x5b6ff
 .debug_str     0x00000000    0x5695a src/ASF/sam/drivers/matrix/matrix.o
                              0x56e35 (size before relaxing)
 .debug_str     0x0005695a      0xa5c src/ASF/sam/drivers/pio/pio_handler.o
                              0x574c1 (size before relaxing)
 .debug_str     0x000573b6     0x174a src/ASF/common/services/clock/sam4e/sysclk.o
                              0x5810e (size before relaxing)
 .debug_str     0x00058b00      0x54b src/ASF/sam/drivers/pio/pio.o
                              0x5757e (size before relaxing)
 .debug_str     0x0005904b      0x561 src/ASF/sam/drivers/pmc/pmc.o
                              0x5732c (size before relaxing)
 .debug_str     0x000595ac      0xcd6 src/ASF/sam/drivers/pwm/pwm.o
                              0x576c1 (size before relaxing)
 .debug_str     0x0005a282      0xc01 src/ASF/common/boards/user_board/init.o
                              0x58f8b (size before relaxing)
 .debug_str     0x0005ae83       0x94 src/ASF/common/utils/interrupt/interrupt_sam_nvic.o
                              0x569a4 (size before relaxing)
 .debug_str     0x0005af17       0x4d src/ASF/sam/utils/cmsis/sam4e/source/templates/exceptions.o
                              0x4611a (size before relaxing)
 .debug_str     0x0005af64      0x4fb src/ASF/sam/utils/cmsis/sam4e/source/templates/gcc/startup_sam4e.o
                              0x56f46 (size before relaxing)
 .debug_str     0x0005b45f      0x17b src/ASF/sam/utils/cmsis/sam4e/source/templates/system_sam4e.o
                              0x463e4 (size before relaxing)
 .debug_str     0x0005b5da      0x125 src/main.o
                              0x594d5 (size before relaxing)

.debug_frame    0x00000000     0x102c
 .debug_frame   0x00000000      0x170 src/ASF/sam/drivers/matrix/matrix.o
 .debug_frame   0x00000170       0xf4 src/ASF/sam/drivers/pio/pio_handler.o
 .debug_frame   0x00000264       0x88 src/ASF/common/services/clock/sam4e/sysclk.o
 .debug_frame   0x000002ec      0x384 src/ASF/sam/drivers/pio/pio.o
 .debug_frame   0x00000670      0x39c src/ASF/sam/drivers/pmc/pmc.o
 .debug_frame   0x00000a0c      0x32c src/ASF/sam/drivers/pwm/pwm.o
 .debug_frame   0x00000d38       0x28 src/ASF/common/boards/user_board/init.o
 .debug_frame   0x00000d60       0x30 src/ASF/common/utils/interrupt/interrupt_sam_nvic.o
 .debug_frame   0x00000d90       0x20 src/ASF/sam/utils/cmsis/sam4e/source/templates/exceptions.o
 .debug_frame   0x00000db0       0x28 src/ASF/sam/utils/cmsis/sam4e/source/templates/gcc/startup_sam4e.o
 .debug_frame   0x00000dd8       0x40 src/ASF/sam/utils/cmsis/sam4e/source/templates/system_sam4e.o
 .debug_frame   0x00000e18       0x54 src/main.o
 .debug_frame   0x00000e6c       0x2c c:/program files (x86)/atmel/studio/7.0/toolchain/arm/arm-gnu-toolchain/bin/../lib/gcc/arm-none-eabi/6.3.1/../../../../arm-none-eabi/lib/thumb/v7e-m\libc.a(lib_a-init.o)
 .debug_frame   0x00000e98       0x5c c:/program files (x86)/atmel/studio/7.0/toolchain/arm/arm-gnu-toolchain/bin/../lib/gcc/arm-none-eabi/6.3.1/../../../../arm-none-eabi/lib/thumb/v7e-m\libc.a(lib_a-__call_atexit.o)
 .debug_frame   0x00000ef4       0x20 c:/program files (x86)/atmel/studio/7.0/toolchain/arm/arm-gnu-toolchain/bin/../lib/gcc/arm-none-eabi/6.3.1/../../../../arm-none-eabi/lib/thumb/v7e-m\libc.a(lib_a-atexit.o)
 .debug_frame   0x00000f14       0x34 c:/program files (x86)/atmel/studio/7.0/toolchain/arm/arm-gnu-toolchain/bin/../lib/gcc/arm-none-eabi/6.3.1/../../../../arm-none-eabi/lib/thumb/v7e-m\libc.a(lib_a-fini.o)
 .debug_frame   0x00000f48       0xb0 c:/program files (x86)/atmel/studio/7.0/toolchain/arm/arm-gnu-toolchain/bin/../lib/gcc/arm-none-eabi/6.3.1/../../../../arm-none-eabi/lib/thumb/v7e-m\libc.a(lib_a-lock.o)
 .debug_frame   0x00000ff8       0x34 c:/program files (x86)/atmel/studio/7.0/toolchain/arm/arm-gnu-toolchain/bin/../lib/gcc/arm-none-eabi/6.3.1/../../../../arm-none-eabi/lib/thumb/v7e-m\libc.a(lib_a-__atexit.o)

Cross Reference Table

Symbol                                            File
ACC_Handler                                       src/ASF/sam/utils/cmsis/sam4e/source/templates/exceptions.o
                                                  src/ASF/sam/utils/cmsis/sam4e/source/templates/gcc/startup_sam4e.o
AES_Handler                                       src/ASF/sam/utils/cmsis/sam4e/source/templates/exceptions.o
                                                  src/ASF/sam/utils/cmsis/sam4e/source/templates/gcc/startup_sam4e.o
AFEC0_Handler                                     src/ASF/sam/utils/cmsis/sam4e/source/templates/exceptions.o
                                                  src/ASF/sam/utils/cmsis/sam4e/source/templates/gcc/startup_sam4e.o
AFEC1_Handler                                     src/ASF/sam/utils/cmsis/sam4e/source/templates/exceptions.o
                                                  src/ASF/sam/utils/cmsis/sam4e/source/templates/gcc/startup_sam4e.o
ARM_Handler                                       src/ASF/sam/utils/cmsis/sam4e/source/templates/exceptions.o
                                                  src/ASF/sam/utils/cmsis/sam4e/source/templates/gcc/startup_sam4e.o
BusFault_Handler                                  src/ASF/sam/utils/cmsis/sam4e/source/templates/exceptions.o
                                                  src/ASF/sam/utils/cmsis/sam4e/source/templates/gcc/startup_sam4e.o
CAN0_Handler                                      src/ASF/sam/utils/cmsis/sam4e/source/templates/exceptions.o
                                                  src/ASF/sam/utils/cmsis/sam4e/source/templates/gcc/startup_sam4e.o
DACC_Handler                                      src/ASF/sam/utils/cmsis/sam4e/source/templates/exceptions.o
                                                  src/ASF/sam/utils/cmsis/sam4e/source/templates/gcc/startup_sam4e.o
DMAC_Handler                                      src/ASF/sam/utils/cmsis/sam4e/source/templates/exceptions.o
                                                  src/ASF/sam/utils/cmsis/sam4e/source/templates/gcc/startup_sam4e.o
DebugMon_Handler                                  src/ASF/sam/utils/cmsis/sam4e/source/templates/exceptions.o
                                                  src/ASF/sam/utils/cmsis/sam4e/source/templates/gcc/startup_sam4e.o
Dummy_Handler                                     src/ASF/sam/utils/cmsis/sam4e/source/templates/exceptions.o
                                                  src/ASF/sam/utils/cmsis/sam4e/source/templates/gcc/startup_sam4e.o
EFC_Handler                                       src/ASF/sam/utils/cmsis/sam4e/source/templates/exceptions.o
                                                  src/ASF/sam/utils/cmsis/sam4e/source/templates/gcc/startup_sam4e.o
GMAC_Handler                                      src/ASF/sam/utils/cmsis/sam4e/source/templates/exceptions.o
                                                  src/ASF/sam/utils/cmsis/sam4e/source/templates/gcc/startup_sam4e.o
GPIO_Input_output                                 src/main.o
HSMCI_Handler                                     src/ASF/sam/utils/cmsis/sam4e/source/templates/exceptions.o
                                                  src/ASF/sam/utils/cmsis/sam4e/source/templates/gcc/startup_sam4e.o
HardFault_Handler                                 src/ASF/sam/utils/cmsis/sam4e/source/templates/exceptions.o
                                                  src/ASF/sam/utils/cmsis/sam4e/source/templates/gcc/startup_sam4e.o
MemManage_Handler                                 src/ASF/sam/utils/cmsis/sam4e/source/templates/exceptions.o
                                                  src/ASF/sam/utils/cmsis/sam4e/source/templates/gcc/startup_sam4e.o
NMI_Handler                                       src/ASF/sam/utils/cmsis/sam4e/source/templates/exceptions.o
                                                  src/ASF/sam/utils/cmsis/sam4e/source/templates/gcc/startup_sam4e.o
PIOA_Handler                                      src/ASF/sam/drivers/pio/pio_handler.o
                                                  src/ASF/sam/utils/cmsis/sam4e/source/templates/gcc/startup_sam4e.o
PIOB_Handler                                      src/ASF/sam/drivers/pio/pio_handler.o
                                                  src/ASF/sam/utils/cmsis/sam4e/source/templates/gcc/startup_sam4e.o
PIOD_Handler                                      src/ASF/sam/drivers/pio/pio_handler.o
                                                  src/ASF/sam/utils/cmsis/sam4e/source/templates/gcc/startup_sam4e.o
PMC_Handler                                       src/ASF/sam/utils/cmsis/sam4e/source/templates/exceptions.o
                                                  src/ASF/sam/utils/cmsis/sam4e/source/templates/gcc/startup_sam4e.o
PWM_Handler                                       src/ASF/sam/utils/cmsis/sam4e/source/templates/exceptions.o
                                                  src/ASF/sam/utils/cmsis/sam4e/source/templates/gcc/startup_sam4e.o
PendSV_Handler                                    src/ASF/sam/utils/cmsis/sam4e/source/templates/exceptions.o
                                                  src/ASF/sam/utils/cmsis/sam4e/source/templates/gcc/startup_sam4e.o
RSTC_Handler                                      src/ASF/sam/utils/cmsis/sam4e/source/templates/exceptions.o
                                                  src/ASF/sam/utils/cmsis/sam4e/source/templates/gcc/startup_sam4e.o
RTC_Handler                                       src/ASF/sam/utils/cmsis/sam4e/source/templates/exceptions.o
                                                  src/ASF/sam/utils/cmsis/sam4e/source/templates/gcc/startup_sam4e.o
RTT_Handler                                       src/ASF/sam/utils/cmsis/sam4e/source/templates/exceptions.o
                                                  src/ASF/sam/utils/cmsis/sam4e/source/templates/gcc/startup_sam4e.o
Reset_Handler                                     src/ASF/sam/utils/cmsis/sam4e/source/templates/gcc/startup_sam4e.o
                                                  src/ASF/sam/utils/cmsis/sam4e/source/templates/exceptions.o
SMC_Handler                                       src/ASF/sam/utils/cmsis/sam4e/source/templates/exceptions.o
SPI_Handler                                       src/ASF/sam/utils/cmsis/sam4e/source/templates/exceptions.o
                                                  src/ASF/sam/utils/cmsis/sam4e/source/templates/gcc/startup_sam4e.o
SUPC_Handler                                      src/ASF/sam/utils/cmsis/sam4e/source/templates/exceptions.o
                                                  src/ASF/sam/utils/cmsis/sam4e/source/templates/gcc/startup_sam4e.o
SVC_Handler                                       src/ASF/sam/utils/cmsis/sam4e/source/templates/exceptions.o
                                                  src/ASF/sam/utils/cmsis/sam4e/source/templates/gcc/startup_sam4e.o
SysTick_Handler                                   src/ASF/sam/utils/cmsis/sam4e/source/templates/exceptions.o
                                                  src/ASF/sam/utils/cmsis/sam4e/source/templates/gcc/startup_sam4e.o
SystemCoreClock                                   src/ASF/sam/utils/cmsis/sam4e/source/templates/system_sam4e.o
SystemCoreClockUpdate                             src/ASF/sam/utils/cmsis/sam4e/source/templates/system_sam4e.o
                                                  src/ASF/common/services/clock/sam4e/sysclk.o
SystemInit                                        src/ASF/sam/utils/cmsis/sam4e/source/templates/system_sam4e.o
TC0_Handler                                       src/ASF/sam/utils/cmsis/sam4e/source/templates/exceptions.o
                                                  src/ASF/sam/utils/cmsis/sam4e/source/templates/gcc/startup_sam4e.o
TC1_Handler                                       src/ASF/sam/utils/cmsis/sam4e/source/templates/exceptions.o
                                                  src/ASF/sam/utils/cmsis/sam4e/source/templates/gcc/startup_sam4e.o
TC2_Handler                                       src/ASF/sam/utils/cmsis/sam4e/source/templates/exceptions.o
                                                  src/ASF/sam/utils/cmsis/sam4e/source/templates/gcc/startup_sam4e.o
TWI0_Handler                                      src/ASF/sam/utils/cmsis/sam4e/source/templates/exceptions.o
                                                  src/ASF/sam/utils/cmsis/sam4e/source/templates/gcc/startup_sam4e.o
TWI1_Handler                                      src/ASF/sam/utils/cmsis/sam4e/source/templates/exceptions.o
                                                  src/ASF/sam/utils/cmsis/sam4e/source/templates/gcc/startup_sam4e.o
UART0_Handler                                     src/ASF/sam/utils/cmsis/sam4e/source/templates/exceptions.o
                                                  src/ASF/sam/utils/cmsis/sam4e/source/templates/gcc/startup_sam4e.o
UART1_Handler                                     src/ASF/sam/utils/cmsis/sam4e/source/templates/exceptions.o
                                                  src/ASF/sam/utils/cmsis/sam4e/source/templates/gcc/startup_sam4e.o
UDP_Handler                                       src/ASF/sam/utils/cmsis/sam4e/source/templates/exceptions.o
                                                  src/ASF/sam/utils/cmsis/sam4e/source/templates/gcc/startup_sam4e.o
USART0_Handler                                    src/ASF/sam/utils/cmsis/sam4e/source/templates/exceptions.o
                                                  src/ASF/sam/utils/cmsis/sam4e/source/templates/gcc/startup_sam4e.o
USART1_Handler                                    src/ASF/sam/utils/cmsis/sam4e/source/templates/exceptions.o
                                                  src/ASF/sam/utils/cmsis/sam4e/source/templates/gcc/startup_sam4e.o
UsageFault_Handler                                src/ASF/sam/utils/cmsis/sam4e/source/templates/exceptions.o
                                                  src/ASF/sam/utils/cmsis/sam4e/source/templates/gcc/startup_sam4e.o
WDT_Handler                                       src/ASF/sam/utils/cmsis/sam4e/source/templates/exceptions.o
                                                  src/ASF/sam/utils/cmsis/sam4e/source/templates/gcc/startup_sam4e.o
_Jv_RegisterClasses                               c:/program files (x86)/atmel/studio/7.0/toolchain/arm/arm-gnu-toolchain/bin/../lib/gcc/arm-none-eabi/6.3.1/thumb/v7e-m/crtbegin.o
__atexit_recursive_mutex                          c:/program files (x86)/atmel/studio/7.0/toolchain/arm/arm-gnu-toolchain/bin/../lib/gcc/arm-none-eabi/6.3.1/../../../../arm-none-eabi/lib/thumb/v7e-m\libc.a(lib_a-__call_atexit.o)
                                                  c:/program files (x86)/atmel/studio/7.0/toolchain/arm/arm-gnu-toolchain/bin/../lib/gcc/arm-none-eabi/6.3.1/../../../../arm-none-eabi/lib/thumb/v7e-m\libc.a(lib_a-__atexit.o)
__bss_end__                                       c:/program files (x86)/atmel/studio/7.0/toolchain/arm/arm-gnu-toolchain/bin/../lib/gcc/arm-none-eabi/6.3.1/../../../../arm-none-eabi/lib/thumb/v7e-m/crt0.o
__bss_start__                                     c:/program files (x86)/atmel/studio/7.0/toolchain/arm/arm-gnu-toolchain/bin/../lib/gcc/arm-none-eabi/6.3.1/../../../../arm-none-eabi/lib/thumb/v7e-m/crt0.o
__call_exitprocs                                  c:/program files (x86)/atmel/studio/7.0/toolchain/arm/arm-gnu-toolchain/bin/../lib/gcc/arm-none-eabi/6.3.1/../../../../arm-none-eabi/lib/thumb/v7e-m\libc.a(lib_a-__call_atexit.o)
                                                  c:/program files (x86)/atmel/studio/7.0/toolchain/arm/arm-gnu-toolchain/bin/../lib/gcc/arm-none-eabi/6.3.1/../../../../arm-none-eabi/lib/thumb/v7e-m\libc.a(lib_a-exit.o)
__deregister_frame_info                           c:/program files (x86)/atmel/studio/7.0/toolchain/arm/arm-gnu-toolchain/bin/../lib/gcc/arm-none-eabi/6.3.1/thumb/v7e-m/crtbegin.o
__dso_handle                                      c:/program files (x86)/atmel/studio/7.0/toolchain/arm/arm-gnu-toolchain/bin/../lib/gcc/arm-none-eabi/6.3.1/thumb/v7e-m/crtbegin.o
__fini_array_end                                  c:/program files (x86)/atmel/studio/7.0/toolchain/arm/arm-gnu-toolchain/bin/../lib/gcc/arm-none-eabi/6.3.1/../../../../arm-none-eabi/lib/thumb/v7e-m\libc.a(lib_a-fini.o)
__fini_array_start                                c:/program files (x86)/atmel/studio/7.0/toolchain/arm/arm-gnu-toolchain/bin/../lib/gcc/arm-none-eabi/6.3.1/../../../../arm-none-eabi/lib/thumb/v7e-m\libc.a(lib_a-fini.o)
__init_array_end                                  c:/program files (x86)/atmel/studio/7.0/toolchain/arm/arm-gnu-toolchain/bin/../lib/gcc/arm-none-eabi/6.3.1/../../../../arm-none-eabi/lib/thumb/v7e-m\libc.a(lib_a-init.o)
__init_array_start                                c:/program files (x86)/atmel/studio/7.0/toolchain/arm/arm-gnu-toolchain/bin/../lib/gcc/arm-none-eabi/6.3.1/../../../../arm-none-eabi/lib/thumb/v7e-m\libc.a(lib_a-init.o)
__libc_fini                                       c:/program files (x86)/atmel/studio/7.0/toolchain/arm/arm-gnu-toolchain/bin/../lib/gcc/arm-none-eabi/6.3.1/../../../../arm-none-eabi/lib/thumb/v7e-m\libc.a(lib_a-__call_atexit.o)
__libc_fini_array                                 c:/program files (x86)/atmel/studio/7.0/toolchain/arm/arm-gnu-toolchain/bin/../lib/gcc/arm-none-eabi/6.3.1/../../../../arm-none-eabi/lib/thumb/v7e-m\libc.a(lib_a-fini.o)
                                                  c:/program files (x86)/atmel/studio/7.0/toolchain/arm/arm-gnu-toolchain/bin/../lib/gcc/arm-none-eabi/6.3.1/../../../../arm-none-eabi/lib/thumb/v7e-m\libc.a(lib_a-__call_atexit.o)
                                                  c:/program files (x86)/atmel/studio/7.0/toolchain/arm/arm-gnu-toolchain/bin/../lib/gcc/arm-none-eabi/6.3.1/../../../../arm-none-eabi/lib/thumb/v7e-m/crt0.o
__libc_init_array                                 c:/program files (x86)/atmel/studio/7.0/toolchain/arm/arm-gnu-toolchain/bin/../lib/gcc/arm-none-eabi/6.3.1/../../../../arm-none-eabi/lib/thumb/v7e-m\libc.a(lib_a-init.o)
                                                  src/ASF/sam/utils/cmsis/sam4e/source/templates/gcc/startup_sam4e.o
                                                  c:/program files (x86)/atmel/studio/7.0/toolchain/arm/arm-gnu-toolchain/bin/../lib/gcc/arm-none-eabi/6.3.1/../../../../arm-none-eabi/lib/thumb/v7e-m/crt0.o
__lock___arc4random_mutex                         c:/program files (x86)/atmel/studio/7.0/toolchain/arm/arm-gnu-toolchain/bin/../lib/gcc/arm-none-eabi/6.3.1/../../../../arm-none-eabi/lib/thumb/v7e-m\libc.a(lib_a-lock.o)
__lock___at_quick_exit_mutex                      c:/program files (x86)/atmel/studio/7.0/toolchain/arm/arm-gnu-toolchain/bin/../lib/gcc/arm-none-eabi/6.3.1/../../../../arm-none-eabi/lib/thumb/v7e-m\libc.a(lib_a-lock.o)
__lock___atexit_recursive_mutex                   c:/program files (x86)/atmel/studio/7.0/toolchain/arm/arm-gnu-toolchain/bin/../lib/gcc/arm-none-eabi/6.3.1/../../../../arm-none-eabi/lib/thumb/v7e-m\libc.a(lib_a-lock.o)
                                                  c:/program files (x86)/atmel/studio/7.0/toolchain/arm/arm-gnu-toolchain/bin/../lib/gcc/arm-none-eabi/6.3.1/../../../../arm-none-eabi/lib/thumb/v7e-m\libc.a(lib_a-__call_atexit.o)
__lock___dd_hash_mutex                            c:/program files (x86)/atmel/studio/7.0/toolchain/arm/arm-gnu-toolchain/bin/../lib/gcc/arm-none-eabi/6.3.1/../../../../arm-none-eabi/lib/thumb/v7e-m\libc.a(lib_a-lock.o)
__lock___env_recursive_mutex                      c:/program files (x86)/atmel/studio/7.0/toolchain/arm/arm-gnu-toolchain/bin/../lib/gcc/arm-none-eabi/6.3.1/../../../../arm-none-eabi/lib/thumb/v7e-m\libc.a(lib_a-lock.o)
__lock___malloc_recursive_mutex                   c:/program files (x86)/atmel/studio/7.0/toolchain/arm/arm-gnu-toolchain/bin/../lib/gcc/arm-none-eabi/6.3.1/../../../../arm-none-eabi/lib/thumb/v7e-m\libc.a(lib_a-lock.o)
__lock___sfp_recursive_mutex                      c:/program files (x86)/atmel/studio/7.0/toolchain/arm/arm-gnu-toolchain/bin/../lib/gcc/arm-none-eabi/6.3.1/../../../../arm-none-eabi/lib/thumb/v7e-m\libc.a(lib_a-lock.o)
__lock___sinit_recursive_mutex                    c:/program files (x86)/atmel/studio/7.0/toolchain/arm/arm-gnu-toolchain/bin/../lib/gcc/arm-none-eabi/6.3.1/../../../../arm-none-eabi/lib/thumb/v7e-m\libc.a(lib_a-lock.o)
__lock___tz_mutex                                 c:/program files (x86)/atmel/studio/7.0/toolchain/arm/arm-gnu-toolchain/bin/../lib/gcc/arm-none-eabi/6.3.1/../../../../arm-none-eabi/lib/thumb/v7e-m\libc.a(lib_a-lock.o)
__preinit_array_end                               c:/program files (x86)/atmel/studio/7.0/toolchain/arm/arm-gnu-toolchain/bin/../lib/gcc/arm-none-eabi/6.3.1/../../../../arm-none-eabi/lib/thumb/v7e-m\libc.a(lib_a-init.o)
__preinit_array_start                             c:/program files (x86)/atmel/studio/7.0/toolchain/arm/arm-gnu-toolchain/bin/../lib/gcc/arm-none-eabi/6.3.1/../../../../arm-none-eabi/lib/thumb/v7e-m\libc.a(lib_a-init.o)
__ram_end__                                       src/ASF/sam/utils/syscalls/gcc/syscalls.o
__register_exitproc                               c:/program files (x86)/atmel/studio/7.0/toolchain/arm/arm-gnu-toolchain/bin/../lib/gcc/arm-none-eabi/6.3.1/../../../../arm-none-eabi/lib/thumb/v7e-m\libc.a(lib_a-__atexit.o)
                                                  c:/program files (x86)/atmel/studio/7.0/toolchain/arm/arm-gnu-toolchain/bin/../lib/gcc/arm-none-eabi/6.3.1/../../../../arm-none-eabi/lib/thumb/v7e-m\libc.a(lib_a-atexit.o)
__register_frame_info                             c:/program files (x86)/atmel/studio/7.0/toolchain/arm/arm-gnu-toolchain/bin/../lib/gcc/arm-none-eabi/6.3.1/thumb/v7e-m/crtbegin.o
__retarget_lock_acquire                           c:/program files (x86)/atmel/studio/7.0/toolchain/arm/arm-gnu-toolchain/bin/../lib/gcc/arm-none-eabi/6.3.1/../../../../arm-none-eabi/lib/thumb/v7e-m\libc.a(lib_a-lock.o)
__retarget_lock_acquire_recursive                 c:/program files (x86)/atmel/studio/7.0/toolchain/arm/arm-gnu-toolchain/bin/../lib/gcc/arm-none-eabi/6.3.1/../../../../arm-none-eabi/lib/thumb/v7e-m\libc.a(lib_a-lock.o)
                                                  c:/program files (x86)/atmel/studio/7.0/toolchain/arm/arm-gnu-toolchain/bin/../lib/gcc/arm-none-eabi/6.3.1/../../../../arm-none-eabi/lib/thumb/v7e-m\libc.a(lib_a-__atexit.o)
                                                  c:/program files (x86)/atmel/studio/7.0/toolchain/arm/arm-gnu-toolchain/bin/../lib/gcc/arm-none-eabi/6.3.1/../../../../arm-none-eabi/lib/thumb/v7e-m\libc.a(lib_a-__call_atexit.o)
__retarget_lock_close                             c:/program files (x86)/atmel/studio/7.0/toolchain/arm/arm-gnu-toolchain/bin/../lib/gcc/arm-none-eabi/6.3.1/../../../../arm-none-eabi/lib/thumb/v7e-m\libc.a(lib_a-lock.o)
__retarget_lock_close_recursive                   c:/program files (x86)/atmel/studio/7.0/toolchain/arm/arm-gnu-toolchain/bin/../lib/gcc/arm-none-eabi/6.3.1/../../../../arm-none-eabi/lib/thumb/v7e-m\libc.a(lib_a-lock.o)
__retarget_lock_init                              c:/program files (x86)/atmel/studio/7.0/toolchain/arm/arm-gnu-toolchain/bin/../lib/gcc/arm-none-eabi/6.3.1/../../../../arm-none-eabi/lib/thumb/v7e-m\libc.a(lib_a-lock.o)
__retarget_lock_init_recursive                    c:/program files (x86)/atmel/studio/7.0/toolchain/arm/arm-gnu-toolchain/bin/../lib/gcc/arm-none-eabi/6.3.1/../../../../arm-none-eabi/lib/thumb/v7e-m\libc.a(lib_a-lock.o)
__retarget_lock_release                           c:/program files (x86)/atmel/studio/7.0/toolchain/arm/arm-gnu-toolchain/bin/../lib/gcc/arm-none-eabi/6.3.1/../../../../arm-none-eabi/lib/thumb/v7e-m\libc.a(lib_a-lock.o)
__retarget_lock_release_recursive                 c:/program files (x86)/atmel/studio/7.0/toolchain/arm/arm-gnu-toolchain/bin/../lib/gcc/arm-none-eabi/6.3.1/../../../../arm-none-eabi/lib/thumb/v7e-m\libc.a(lib_a-lock.o)
                                                  c:/program files (x86)/atmel/studio/7.0/toolchain/arm/arm-gnu-toolchain/bin/../lib/gcc/arm-none-eabi/6.3.1/../../../../arm-none-eabi/lib/thumb/v7e-m\libc.a(lib_a-__atexit.o)
                                                  c:/program files (x86)/atmel/studio/7.0/toolchain/arm/arm-gnu-toolchain/bin/../lib/gcc/arm-none-eabi/6.3.1/../../../../arm-none-eabi/lib/thumb/v7e-m\libc.a(lib_a-__call_atexit.o)
__retarget_lock_try_acquire                       c:/program files (x86)/atmel/studio/7.0/toolchain/arm/arm-gnu-toolchain/bin/../lib/gcc/arm-none-eabi/6.3.1/../../../../arm-none-eabi/lib/thumb/v7e-m\libc.a(lib_a-lock.o)
__retarget_lock_try_acquire_recursive             c:/program files (x86)/atmel/studio/7.0/toolchain/arm/arm-gnu-toolchain/bin/../lib/gcc/arm-none-eabi/6.3.1/../../../../arm-none-eabi/lib/thumb/v7e-m\libc.a(lib_a-lock.o)
__stack                                           c:/program files (x86)/atmel/studio/7.0/toolchain/arm/arm-gnu-toolchain/bin/../lib/gcc/arm-none-eabi/6.3.1/../../../../arm-none-eabi/lib/thumb/v7e-m/crt0.o
_close                                            src/ASF/sam/utils/syscalls/gcc/syscalls.o
_end                                              src/ASF/sam/utils/syscalls/gcc/syscalls.o
_erelocate                                        src/ASF/sam/utils/cmsis/sam4e/source/templates/gcc/startup_sam4e.o
_estack                                           src/ASF/sam/utils/cmsis/sam4e/source/templates/gcc/startup_sam4e.o
_etext                                            src/ASF/sam/utils/cmsis/sam4e/source/templates/gcc/startup_sam4e.o
_exit                                             src/ASF/sam/utils/syscalls/gcc/syscalls.o
                                                  c:/program files (x86)/atmel/studio/7.0/toolchain/arm/arm-gnu-toolchain/bin/../lib/gcc/arm-none-eabi/6.3.1/../../../../arm-none-eabi/lib/thumb/v7e-m\libc.a(lib_a-exit.o)
_ezero                                            src/ASF/sam/utils/cmsis/sam4e/source/templates/gcc/startup_sam4e.o
_fini                                             c:/program files (x86)/atmel/studio/7.0/toolchain/arm/arm-gnu-toolchain/bin/../lib/gcc/arm-none-eabi/6.3.1/thumb/v7e-m/crti.o
                                                  c:/program files (x86)/atmel/studio/7.0/toolchain/arm/arm-gnu-toolchain/bin/../lib/gcc/arm-none-eabi/6.3.1/../../../../arm-none-eabi/lib/thumb/v7e-m\libc.a(lib_a-fini.o)
_fstat                                            src/ASF/sam/utils/syscalls/gcc/syscalls.o
_getpid                                           src/ASF/sam/utils/syscalls/gcc/syscalls.o
_global_impure_ptr                                c:/program files (x86)/atmel/studio/7.0/toolchain/arm/arm-gnu-toolchain/bin/../lib/gcc/arm-none-eabi/6.3.1/../../../../arm-none-eabi/lib/thumb/v7e-m\libc.a(lib_a-impure.o)
                                                  c:/program files (x86)/atmel/studio/7.0/toolchain/arm/arm-gnu-toolchain/bin/../lib/gcc/arm-none-eabi/6.3.1/../../../../arm-none-eabi/lib/thumb/v7e-m\libc.a(lib_a-__atexit.o)
                                                  c:/program files (x86)/atmel/studio/7.0/toolchain/arm/arm-gnu-toolchain/bin/../lib/gcc/arm-none-eabi/6.3.1/../../../../arm-none-eabi/lib/thumb/v7e-m\libc.a(lib_a-__call_atexit.o)
                                                  c:/program files (x86)/atmel/studio/7.0/toolchain/arm/arm-gnu-toolchain/bin/../lib/gcc/arm-none-eabi/6.3.1/../../../../arm-none-eabi/lib/thumb/v7e-m\libc.a(lib_a-exit.o)
_impure_ptr                                       c:/program files (x86)/atmel/studio/7.0/toolchain/arm/arm-gnu-toolchain/bin/../lib/gcc/arm-none-eabi/6.3.1/../../../../arm-none-eabi/lib/thumb/v7e-m\libc.a(lib_a-impure.o)
_init                                             c:/program files (x86)/atmel/studio/7.0/toolchain/arm/arm-gnu-toolchain/bin/../lib/gcc/arm-none-eabi/6.3.1/thumb/v7e-m/crti.o
                                                  c:/program files (x86)/atmel/studio/7.0/toolchain/arm/arm-gnu-toolchain/bin/../lib/gcc/arm-none-eabi/6.3.1/../../../../arm-none-eabi/lib/thumb/v7e-m\libc.a(lib_a-init.o)
_isatty                                           src/ASF/sam/utils/syscalls/gcc/syscalls.o
_kill                                             src/ASF/sam/utils/syscalls/gcc/syscalls.o
_lseek                                            src/ASF/sam/utils/syscalls/gcc/syscalls.o
_mainCRTStartup                                   c:/program files (x86)/atmel/studio/7.0/toolchain/arm/arm-gnu-toolchain/bin/../lib/gcc/arm-none-eabi/6.3.1/../../../../arm-none-eabi/lib/thumb/v7e-m/crt0.o
_sbrk                                             src/ASF/sam/utils/syscalls/gcc/syscalls.o
_sfixed                                           src/ASF/sam/utils/cmsis/sam4e/source/templates/gcc/startup_sam4e.o
_srelocate                                        src/ASF/sam/utils/cmsis/sam4e/source/templates/gcc/startup_sam4e.o
_start                                            c:/program files (x86)/atmel/studio/7.0/toolchain/arm/arm-gnu-toolchain/bin/../lib/gcc/arm-none-eabi/6.3.1/../../../../arm-none-eabi/lib/thumb/v7e-m/crt0.o
_szero                                            src/ASF/sam/utils/cmsis/sam4e/source/templates/gcc/startup_sam4e.o
atexit                                            c:/program files (x86)/atmel/studio/7.0/toolchain/arm/arm-gnu-toolchain/bin/../lib/gcc/arm-none-eabi/6.3.1/../../../../arm-none-eabi/lib/thumb/v7e-m\libc.a(lib_a-atexit.o)
                                                  c:/program files (x86)/atmel/studio/7.0/toolchain/arm/arm-gnu-toolchain/bin/../lib/gcc/arm-none-eabi/6.3.1/../../../../arm-none-eabi/lib/thumb/v7e-m\libc.a(lib_a-__call_atexit.o)
                                                  c:/program files (x86)/atmel/studio/7.0/toolchain/arm/arm-gnu-toolchain/bin/../lib/gcc/arm-none-eabi/6.3.1/../../../../arm-none-eabi/lib/thumb/v7e-m/crt0.o
board_init                                        src/ASF/common/boards/user_board/init.o
                                                  src/main.o
cpu_irq_enter_critical                            src/ASF/common/utils/interrupt/interrupt_sam_nvic.o
cpu_irq_leave_critical                            src/ASF/common/utils/interrupt/interrupt_sam_nvic.o
exception_table                                   src/ASF/sam/utils/cmsis/sam4e/source/templates/gcc/startup_sam4e.o
exit                                              c:/program files (x86)/atmel/studio/7.0/toolchain/arm/arm-gnu-toolchain/bin/../lib/gcc/arm-none-eabi/6.3.1/../../../../arm-none-eabi/lib/thumb/v7e-m\libc.a(lib_a-exit.o)
                                                  c:/program files (x86)/atmel/studio/7.0/toolchain/arm/arm-gnu-toolchain/bin/../lib/gcc/arm-none-eabi/6.3.1/../../../../arm-none-eabi/lib/thumb/v7e-m/crt0.o
free                                              c:/program files (x86)/atmel/studio/7.0/toolchain/arm/arm-gnu-toolchain/bin/../lib/gcc/arm-none-eabi/6.3.1/../../../../arm-none-eabi/lib/thumb/v7e-m\libc.a(lib_a-__call_atexit.o)
g_interrupt_enabled                               src/ASF/common/utils/interrupt/interrupt_sam_nvic.o
                                                  src/ASF/sam/utils/cmsis/sam4e/source/templates/gcc/startup_sam4e.o
                                                  src/ASF/sam/drivers/pmc/sleep.o
g_pwm_channel_led                                 src/main.o
hardware_init_hook                                c:/program files (x86)/atmel/studio/7.0/toolchain/arm/arm-gnu-toolchain/bin/../lib/gcc/arm-none-eabi/6.3.1/../../../../arm-none-eabi/lib/thumb/v7e-m/crt0.o
link                                              src/ASF/sam/utils/syscalls/gcc/syscalls.o
main                                              src/main.o
                                                  src/ASF/sam/utils/cmsis/sam4e/source/templates/gcc/startup_sam4e.o
                                                  c:/program files (x86)/atmel/studio/7.0/toolchain/arm/arm-gnu-toolchain/bin/../lib/gcc/arm-none-eabi/6.3.1/../../../../arm-none-eabi/lib/thumb/v7e-m/crt0.o
malloc                                            c:/program files (x86)/atmel/studio/7.0/toolchain/arm/arm-gnu-toolchain/bin/../lib/gcc/arm-none-eabi/6.3.1/../../../../arm-none-eabi/lib/thumb/v7e-m\libc.a(lib_a-__atexit.o)
matrix_get_master_burst_type                      src/ASF/sam/drivers/matrix/matrix.o
matrix_get_master_remap                           src/ASF/sam/drivers/matrix/matrix.o
matrix_get_nandflash_cs                           src/ASF/sam/drivers/matrix/matrix.o
matrix_get_slave_default_master_type              src/ASF/sam/drivers/matrix/matrix.o
matrix_get_slave_fixed_default_master             src/ASF/sam/drivers/matrix/matrix.o
matrix_get_slave_priority                         src/ASF/sam/drivers/matrix/matrix.o
matrix_get_slave_slot_cycle                       src/ASF/sam/drivers/matrix/matrix.o
matrix_get_system_io                              src/ASF/sam/drivers/matrix/matrix.o
matrix_get_writeprotect_status                    src/ASF/sam/drivers/matrix/matrix.o
matrix_set_master_burst_type                      src/ASF/sam/drivers/matrix/matrix.o
matrix_set_master_remap                           src/ASF/sam/drivers/matrix/matrix.o
matrix_set_nandflash_cs                           src/ASF/sam/drivers/matrix/matrix.o
matrix_set_slave_default_master_type              src/ASF/sam/drivers/matrix/matrix.o
matrix_set_slave_fixed_default_master             src/ASF/sam/drivers/matrix/matrix.o
matrix_set_slave_priority                         src/ASF/sam/drivers/matrix/matrix.o
matrix_set_slave_slot_cycle                       src/ASF/sam/drivers/matrix/matrix.o
matrix_set_system_io                              src/ASF/sam/drivers/matrix/matrix.o
                                                  src/main.o
matrix_set_writeprotect                           src/ASF/sam/drivers/matrix/matrix.o
memset                                            c:/program files (x86)/atmel/studio/7.0/toolchain/arm/arm-gnu-toolchain/bin/../lib/gcc/arm-none-eabi/6.3.1/../../../../arm-none-eabi/lib/thumb/v7e-m\libc.a(lib_a-memset.o)
                                                  c:/program files (x86)/atmel/studio/7.0/toolchain/arm/arm-gnu-toolchain/bin/../lib/gcc/arm-none-eabi/6.3.1/../../../../arm-none-eabi/lib/thumb/v7e-m/crt0.o
pio_capture_disable                               src/ASF/sam/drivers/pio/pio.o
pio_capture_disable_interrupt                     src/ASF/sam/drivers/pio/pio.o
pio_capture_enable                                src/ASF/sam/drivers/pio/pio.o
pio_capture_enable_flag                           src/ASF/sam/drivers/pio/pio.o
                                                  src/ASF/sam/drivers/pio/pio_handler.o
pio_capture_enable_interrupt                      src/ASF/sam/drivers/pio/pio.o
pio_capture_get_interrupt_mask                    src/ASF/sam/drivers/pio/pio.o
pio_capture_get_interrupt_status                  src/ASF/sam/drivers/pio/pio.o
pio_capture_get_pdc_base                          src/ASF/sam/drivers/pio/pio.o
pio_capture_handler_set                           src/ASF/sam/drivers/pio/pio_handler.o
pio_capture_read                                  src/ASF/sam/drivers/pio/pio.o
pio_capture_set_mode                              src/ASF/sam/drivers/pio/pio.o
pio_clear                                         src/ASF/sam/drivers/pio/pio.o
pio_configure                                     src/ASF/sam/drivers/pio/pio.o
pio_configure_interrupt                           src/ASF/sam/drivers/pio/pio.o
                                                  src/ASF/sam/drivers/pio/pio_handler.o
pio_configure_pin                                 src/ASF/sam/drivers/pio/pio.o
pio_configure_pin_group                           src/ASF/sam/drivers/pio/pio.o
pio_disable_interrupt                             src/ASF/sam/drivers/pio/pio.o
                                                  src/ASF/sam/drivers/pio/pio_handler.o
pio_disable_output_write                          src/ASF/sam/drivers/pio/pio.o
pio_disable_pin_interrupt                         src/ASF/sam/drivers/pio/pio.o
pio_enable_interrupt                              src/ASF/sam/drivers/pio/pio.o
                                                  src/ASF/sam/drivers/pio/pio_handler.o
pio_enable_output_write                           src/ASF/sam/drivers/pio/pio.o
pio_enable_pin_interrupt                          src/ASF/sam/drivers/pio/pio.o
pio_get                                           src/ASF/sam/drivers/pio/pio.o
pio_get_interrupt_mask                            src/ASF/sam/drivers/pio/pio.o
                                                  src/ASF/sam/drivers/pio/pio_handler.o
pio_get_interrupt_status                          src/ASF/sam/drivers/pio/pio.o
                                                  src/ASF/sam/drivers/pio/pio_handler.o
pio_get_multi_driver_status                       src/ASF/sam/drivers/pio/pio.o
pio_get_output_data_status                        src/ASF/sam/drivers/pio/pio.o
pio_get_output_write_status                       src/ASF/sam/drivers/pio/pio.o
pio_get_pin_group                                 src/ASF/sam/drivers/pio/pio.o
                                                  src/ASF/sam/drivers/pio/pio_handler.o
pio_get_pin_group_id                              src/ASF/sam/drivers/pio/pio.o
                                                  src/ASF/sam/drivers/pio/pio_handler.o
pio_get_pin_group_mask                            src/ASF/sam/drivers/pio/pio.o
                                                  src/ASF/sam/drivers/pio/pio_handler.o
pio_get_pin_value                                 src/ASF/sam/drivers/pio/pio.o
pio_get_schmitt_trigger                           src/ASF/sam/drivers/pio/pio.o
pio_get_writeprotect_status                       src/ASF/sam/drivers/pio/pio.o
pio_handler_process                               src/ASF/sam/drivers/pio/pio_handler.o
pio_handler_set                                   src/ASF/sam/drivers/pio/pio_handler.o
pio_handler_set_pin                               src/ASF/sam/drivers/pio/pio_handler.o
pio_handler_set_priority                          src/ASF/sam/drivers/pio/pio_handler.o
pio_pull_down                                     src/ASF/sam/drivers/pio/pio.o
pio_pull_up                                       src/ASF/sam/drivers/pio/pio.o
pio_set                                           src/ASF/sam/drivers/pio/pio.o
pio_set_additional_interrupt_mode                 src/ASF/sam/drivers/pio/pio.o
pio_set_debounce_filter                           src/ASF/sam/drivers/pio/pio.o
pio_set_input                                     src/ASF/sam/drivers/pio/pio.o
pio_set_multi_driver                              src/ASF/sam/drivers/pio/pio.o
pio_set_output                                    src/ASF/sam/drivers/pio/pio.o
pio_set_peripheral                                src/ASF/sam/drivers/pio/pio.o
pio_set_pin_group_high                            src/ASF/sam/drivers/pio/pio.o
pio_set_pin_group_low                             src/ASF/sam/drivers/pio/pio.o
pio_set_pin_high                                  src/ASF/sam/drivers/pio/pio.o
pio_set_pin_low                                   src/ASF/sam/drivers/pio/pio.o
pio_set_schmitt_trigger                           src/ASF/sam/drivers/pio/pio.o
pio_set_writeprotect                              src/ASF/sam/drivers/pio/pio.o
pio_sync_output_write                             src/ASF/sam/drivers/pio/pio.o
pio_toggle_pin                                    src/ASF/sam/drivers/pio/pio.o
pio_toggle_pin_group                              src/ASF/sam/drivers/pio/pio.o
pmc_clr_fast_startup_input                        src/ASF/sam/drivers/pmc/pmc.o
pmc_disable_all_pck                               src/ASF/sam/drivers/pmc/pmc.o
pmc_disable_all_periph_clk                        src/ASF/sam/drivers/pmc/pmc.o
pmc_disable_clock_failure_detector                src/ASF/sam/drivers/pmc/pmc.o
pmc_disable_interrupt                             src/ASF/sam/drivers/pmc/pmc.o
pmc_disable_pck                                   src/ASF/sam/drivers/pmc/pmc.o
pmc_disable_periph_clk                            src/ASF/sam/drivers/pmc/pmc.o
pmc_disable_pllack                                src/ASF/sam/drivers/pmc/pmc.o
                                                  src/ASF/sam/drivers/pmc/sleep.o
                                                  src/ASF/common/services/clock/sam4e/sysclk.o
pmc_disable_udpck                                 src/ASF/sam/drivers/pmc/pmc.o
                                                  src/ASF/common/services/clock/sam4e/sysclk.o
pmc_enable_all_pck                                src/ASF/sam/drivers/pmc/pmc.o
pmc_enable_all_periph_clk                         src/ASF/sam/drivers/pmc/pmc.o
pmc_enable_backupmode                             src/ASF/sam/drivers/pmc/pmc.o
pmc_enable_clock_failure_detector                 src/ASF/sam/drivers/pmc/pmc.o
pmc_enable_interrupt                              src/ASF/sam/drivers/pmc/pmc.o
pmc_enable_pck                                    src/ASF/sam/drivers/pmc/pmc.o
pmc_enable_periph_clk                             src/ASF/sam/drivers/pmc/pmc.o
                                                  src/main.o
                                                  src/ASF/common/boards/user_board/init.o
pmc_enable_pllack                                 src/ASF/sam/drivers/pmc/pmc.o
pmc_enable_sleepmode                              src/ASF/sam/drivers/pmc/pmc.o
pmc_enable_udpck                                  src/ASF/sam/drivers/pmc/pmc.o
                                                  src/ASF/common/services/clock/sam4e/sysclk.o
pmc_enable_waitmode                               src/ASF/sam/drivers/pmc/pmc.o
                                                  src/ASF/sam/drivers/pmc/sleep.o
pmc_get_interrupt_mask                            src/ASF/sam/drivers/pmc/pmc.o
pmc_get_status                                    src/ASF/sam/drivers/pmc/pmc.o
pmc_get_writeprotect_status                       src/ASF/sam/drivers/pmc/pmc.o
pmc_is_locked_pllack                              src/ASF/sam/drivers/pmc/pmc.o
                                                  src/ASF/common/services/clock/sam4e/sysclk.o
pmc_is_pck_enabled                                src/ASF/sam/drivers/pmc/pmc.o
pmc_is_periph_clk_enabled                         src/ASF/sam/drivers/pmc/pmc.o
pmc_is_wakeup_clocks_restored                     src/ASF/sam/drivers/pmc/sleep.o
pmc_mainck_osc_select                             src/ASF/sam/drivers/pmc/pmc.o
pmc_mck_set_prescaler                             src/ASF/sam/drivers/pmc/pmc.o
                                                  src/ASF/common/services/clock/sam4e/sysclk.o
pmc_mck_set_source                                src/ASF/sam/drivers/pmc/pmc.o
                                                  src/ASF/common/services/clock/sam4e/sysclk.o
pmc_osc_bypass_main_xtal                          src/ASF/sam/drivers/pmc/pmc.o
pmc_osc_disable_fastrc                            src/ASF/sam/drivers/pmc/pmc.o
pmc_osc_disable_main_xtal                         src/ASF/sam/drivers/pmc/pmc.o
pmc_osc_disable_xtal                              src/ASF/sam/drivers/pmc/pmc.o
pmc_osc_enable_fastrc                             src/ASF/sam/drivers/pmc/pmc.o
pmc_osc_enable_main_xtal                          src/ASF/sam/drivers/pmc/pmc.o
pmc_osc_is_bypassed_main_xtal                     src/ASF/sam/drivers/pmc/pmc.o
pmc_osc_is_ready_32kxtal                          src/ASF/sam/drivers/pmc/pmc.o
pmc_osc_is_ready_fastrc                           src/ASF/sam/drivers/pmc/pmc.o
pmc_osc_is_ready_main_xtal                        src/ASF/sam/drivers/pmc/pmc.o
pmc_osc_is_ready_mainck                           src/ASF/sam/drivers/pmc/pmc.o
                                                  src/ASF/common/services/clock/sam4e/sysclk.o
pmc_pck_set_prescaler                             src/ASF/sam/drivers/pmc/pmc.o
pmc_pck_set_source                                src/ASF/sam/drivers/pmc/pmc.o
pmc_set_fast_startup_input                        src/ASF/sam/drivers/pmc/pmc.o
pmc_set_flash_in_wait_mode                        src/ASF/sam/drivers/pmc/pmc.o
                                                  src/ASF/sam/drivers/pmc/sleep.o
pmc_set_writeprotect                              src/ASF/sam/drivers/pmc/pmc.o
pmc_sleep                                         src/ASF/sam/drivers/pmc/sleep.o
pmc_switch_mainck_to_fastrc                       src/ASF/sam/drivers/pmc/pmc.o
pmc_switch_mainck_to_xtal                         src/ASF/sam/drivers/pmc/pmc.o
                                                  src/ASF/common/services/clock/sam4e/sysclk.o
pmc_switch_mck_to_mainck                          src/ASF/sam/drivers/pmc/pmc.o
pmc_switch_mck_to_pllack                          src/ASF/sam/drivers/pmc/pmc.o
                                                  src/ASF/common/services/clock/sam4e/sysclk.o
pmc_switch_mck_to_sclk                            src/ASF/sam/drivers/pmc/pmc.o
pmc_switch_pck_to_mainck                          src/ASF/sam/drivers/pmc/pmc.o
pmc_switch_pck_to_mck                             src/ASF/sam/drivers/pmc/pmc.o
pmc_switch_pck_to_pllack                          src/ASF/sam/drivers/pmc/pmc.o
pmc_switch_pck_to_sclk                            src/ASF/sam/drivers/pmc/pmc.o
pmc_switch_sclk_to_32kxtal                        src/ASF/sam/drivers/pmc/pmc.o
pmc_switch_udpck_to_pllack                        src/ASF/sam/drivers/pmc/pmc.o
                                                  src/ASF/common/services/clock/sam4e/sysclk.o
pmc_wait_wakeup_clocks_restore                    src/ASF/sam/drivers/pmc/sleep.o
portable_delay_cycles                             src/ASF/common/services/delay/sam/cycle_counter.o
pwm_channel_disable                               src/ASF/sam/drivers/pwm/pwm.o
                                                  src/main.o
pwm_channel_disable_interrupt                     src/ASF/sam/drivers/pwm/pwm.o
pwm_channel_enable                                src/ASF/sam/drivers/pwm/pwm.o
                                                  src/main.o
pwm_channel_enable_interrupt                      src/ASF/sam/drivers/pwm/pwm.o
pwm_channel_get_counter                           src/ASF/sam/drivers/pwm/pwm.o
pwm_channel_get_interrupt_mask                    src/ASF/sam/drivers/pwm/pwm.o
pwm_channel_get_interrupt_status                  src/ASF/sam/drivers/pwm/pwm.o
pwm_channel_get_status                            src/ASF/sam/drivers/pwm/pwm.o
pwm_channel_init                                  src/ASF/sam/drivers/pwm/pwm.o
                                                  src/main.o
pwm_channel_update_dead_time                      src/ASF/sam/drivers/pwm/pwm.o
pwm_channel_update_duty                           src/ASF/sam/drivers/pwm/pwm.o
                                                  src/main.o
pwm_channel_update_output                         src/ASF/sam/drivers/pwm/pwm.o
pwm_channel_update_period                         src/ASF/sam/drivers/pwm/pwm.o
pwm_channel_update_polarity_mode                  src/ASF/sam/drivers/pwm/pwm.o
pwm_channel_update_spread                         src/ASF/sam/drivers/pwm/pwm.o
pwm_cmp_change_setting                            src/ASF/sam/drivers/pwm/pwm.o
pwm_cmp_disable_interrupt                         src/ASF/sam/drivers/pwm/pwm.o
pwm_cmp_enable_interrupt                          src/ASF/sam/drivers/pwm/pwm.o
pwm_cmp_get_period_counter                        src/ASF/sam/drivers/pwm/pwm.o
pwm_cmp_get_update_counter                        src/ASF/sam/drivers/pwm/pwm.o
pwm_cmp_init                                      src/ASF/sam/drivers/pwm/pwm.o
pwm_disable_protect                               src/ASF/sam/drivers/pwm/pwm.o
pwm_enable_protect                                src/ASF/sam/drivers/pwm/pwm.o
pwm_fault_clear_status                            src/ASF/sam/drivers/pwm/pwm.o
pwm_fault_get_input_level                         src/ASF/sam/drivers/pwm/pwm.o
pwm_fault_get_status                              src/ASF/sam/drivers/pwm/pwm.o
pwm_fault_init                                    src/ASF/sam/drivers/pwm/pwm.o
pwm_get_interrupt_mask                            src/ASF/sam/drivers/pwm/pwm.o
pwm_get_interrupt_status                          src/ASF/sam/drivers/pwm/pwm.o
pwm_get_protect_status                            src/ASF/sam/drivers/pwm/pwm.o
pwm_init                                          src/ASF/sam/drivers/pwm/pwm.o
                                                  src/main.o
pwm_pdc_disable_interrupt                         src/ASF/sam/drivers/pwm/pwm.o
pwm_pdc_enable_interrupt                          src/ASF/sam/drivers/pwm/pwm.o
pwm_pdc_set_request_mode                          src/ASF/sam/drivers/pwm/pwm.o
pwm_stepper_motor_init                            src/ASF/sam/drivers/pwm/pwm.o
pwm_sync_change_period                            src/ASF/sam/drivers/pwm/pwm.o
pwm_sync_disable_interrupt                        src/ASF/sam/drivers/pwm/pwm.o
pwm_sync_enable_interrupt                         src/ASF/sam/drivers/pwm/pwm.o
pwm_sync_get_period_counter                       src/ASF/sam/drivers/pwm/pwm.o
pwm_sync_init                                     src/ASF/sam/drivers/pwm/pwm.o
pwm_sync_unlock_update                            src/ASF/sam/drivers/pwm/pwm.o
software_init_hook                                c:/program files (x86)/atmel/studio/7.0/toolchain/arm/arm-gnu-toolchain/bin/../lib/gcc/arm-none-eabi/6.3.1/../../../../arm-none-eabi/lib/thumb/v7e-m/crt0.o
sysclk_disable_usb                                src/ASF/common/services/clock/sam4e/sysclk.o
sysclk_enable_usb                                 src/ASF/common/services/clock/sam4e/sysclk.o
sysclk_init                                       src/ASF/common/services/clock/sam4e/sysclk.o
                                                  src/main.o
sysclk_set_prescalers                             src/ASF/common/services/clock/sam4e/sysclk.o
sysclk_set_source                                 src/ASF/common/services/clock/sam4e/sysclk.o
system_init_flash                                 src/ASF/sam/utils/cmsis/sam4e/source/templates/system_sam4e.o
                                                  src/ASF/common/services/clock/sam4e/sysclk.o
